Component: ARM Compiler 5.06 update 3 (build 300) Tool: armlink [4d35c9]

==============================================================================

Section Cross References

    startup_stm32f405xx.o(STACK) refers (Special) to heapauxi.o(.text) for __use_two_region_memory
    startup_stm32f405xx.o(HEAP) refers (Special) to heapauxi.o(.text) for __use_two_region_memory
    startup_stm32f405xx.o(RESET) refers (Special) to heapauxi.o(.text) for __use_two_region_memory
    startup_stm32f405xx.o(RESET) refers to startup_stm32f405xx.o(STACK) for __initial_sp
    startup_stm32f405xx.o(RESET) refers to startup_stm32f405xx.o(.text) for Reset_Handler
    startup_stm32f405xx.o(RESET) refers to stm32f4xx_it.o(i.NMI_Handler) for NMI_Handler
    startup_stm32f405xx.o(RESET) refers to stm32f4xx_it.o(i.HardFault_Handler) for HardFault_Handler
    startup_stm32f405xx.o(RESET) refers to stm32f4xx_it.o(i.MemManage_Handler) for MemManage_Handler
    startup_stm32f405xx.o(RESET) refers to stm32f4xx_it.o(i.BusFault_Handler) for BusFault_Handler
    startup_stm32f405xx.o(RESET) refers to stm32f4xx_it.o(i.UsageFault_Handler) for UsageFault_Handler
    startup_stm32f405xx.o(RESET) refers to stm32f4xx_it.o(i.SVC_Handler) for SVC_Handler
    startup_stm32f405xx.o(RESET) refers to stm32f4xx_it.o(i.DebugMon_Handler) for DebugMon_Handler
    startup_stm32f405xx.o(RESET) refers to stm32f4xx_it.o(i.PendSV_Handler) for PendSV_Handler
    startup_stm32f405xx.o(RESET) refers to stm32f4xx_it.o(i.SysTick_Handler) for SysTick_Handler
    startup_stm32f405xx.o(RESET) refers to stm32f4xx_it.o(i.USART1_IRQHandler) for USART1_IRQHandler
    startup_stm32f405xx.o(RESET) refers to stm32f4xx_it.o(i.UART4_IRQHandler) for UART4_IRQHandler
    startup_stm32f405xx.o(.text) refers (Special) to heapauxi.o(.text) for __use_two_region_memory
    startup_stm32f405xx.o(.text) refers to system_stm32f4xx.o(i.SystemInit) for SystemInit
    startup_stm32f405xx.o(.text) refers to __main.o(!!!main) for __main
    startup_stm32f405xx.o(.text) refers to startup_stm32f405xx.o(HEAP) for Heap_Mem
    startup_stm32f405xx.o(.text) refers to startup_stm32f405xx.o(STACK) for Stack_Mem
    scheduler.o(i.Scheduler_init) refers to scheduler.o(.data) for .data
    scheduler.o(i.Scheduler_run) refers to stm32f4xx_hal.o(i.HAL_GetTick) for HAL_GetTick
    scheduler.o(i.Scheduler_run) refers to scheduler.o(.data) for .data
    scheduler.o(.data) refers to icm20602.o(i.icm20602_update) for icm20602_update
    scheduler.o(.data) refers to flightcontrol.o(i.update_flightcontrol) for update_flightcontrol
    scheduler.o(.data) refers to motor.o(i.motor_speed_update) for motor_speed_update
    scheduler.o(.data) refers to sbus.o(i.sbus_update) for sbus_update
    scheduler.o(.data) refers to sbus.o(i.send_channels) for send_channels
    scheduler.o(.data) refers to led.o(i.led_blink) for led_blink
    scheduler.o(.data) refers to voltage.o(i.voltage_read) for voltage_read
    led.o(i.led_blink) refers to stm32f4xx_hal_gpio.o(i.HAL_GPIO_ReadPin) for HAL_GPIO_ReadPin
    led.o(i.led_blink) refers to stm32f4xx_hal_gpio.o(i.HAL_GPIO_WritePin) for HAL_GPIO_WritePin
    voltage.o(i.voltage_read) refers to stm32f4xx_hal_adc.o(i.HAL_ADC_Start) for HAL_ADC_Start
    voltage.o(i.voltage_read) refers to stm32f4xx_hal_adc.o(i.HAL_ADC_PollForConversion) for HAL_ADC_PollForConversion
    voltage.o(i.voltage_read) refers to stm32f4xx_hal_adc.o(i.HAL_ADC_GetValue) for HAL_ADC_GetValue
    voltage.o(i.voltage_read) refers to stm32f4xx_hal_adc.o(i.HAL_ADC_Stop) for HAL_ADC_Stop
    voltage.o(i.voltage_read) refers to f2d.o(x$fpl$f2d) for __aeabi_f2d
    voltage.o(i.voltage_read) refers to dflt_clz.o(x$fpl$dfltu) for __aeabi_ui2d
    voltage.o(i.voltage_read) refers to dmul.o(x$fpl$dmul) for __aeabi_dmul
    voltage.o(i.voltage_read) refers to d2f.o(x$fpl$d2f) for __aeabi_d2f
    voltage.o(i.voltage_read) refers to adc.o(.bss) for hadc1
    voltage.o(i.voltage_read) refers to voltage.o(.data) for .data
    motor.o(i.motor_init) refers to stm32f4xx_hal_tim.o(i.HAL_TIM_PWM_Start) for HAL_TIM_PWM_Start
    motor.o(i.motor_init) refers to stm32f4xx_hal.o(i.HAL_Delay) for HAL_Delay
    motor.o(i.motor_init) refers to tim.o(.bss) for htim8
    motor.o(i.motor_init) refers to motor.o(.data) for .data
    motor.o(i.motor_speed_update) refers to motor.o(.data) for .data
    motor.o(i.motor_speed_update) refers to tim.o(.bss) for htim8
    sbus.o(i.sbus_update) refers to sbus.o(.bss) for .bss
    sbus.o(i.sbus_update) refers to sbus.o(.data) for .data
    icm20602.o(i.get_eulerAngle) refers to f2d.o(x$fpl$f2d) for __aeabi_f2d
    icm20602.o(i.get_eulerAngle) refers to asin.o(i.__hardfp_asin) for __hardfp_asin
    icm20602.o(i.get_eulerAngle) refers to dmul.o(x$fpl$dmul) for __aeabi_dmul
    icm20602.o(i.get_eulerAngle) refers to ddiv.o(x$fpl$ddiv) for __aeabi_ddiv
    icm20602.o(i.get_eulerAngle) refers to d2f.o(x$fpl$d2f) for __aeabi_d2f
[...]
    i.HAL_NVIC_SetPriority                   0x08000d34   Section        0  stm32f4xx_hal_cortex.o(i.HAL_NVIC_SetPriority)
    i.HAL_NVIC_SetPriorityGrouping           0x08000d74   Section        0  stm32f4xx_hal_cortex.o(i.HAL_NVIC_SetPriorityGrouping)
    i.HAL_RCC_ClockConfig                    0x08000d98   Section        0  stm32f4xx_hal_rcc.o(i.HAL_RCC_ClockConfig)
    i.HAL_RCC_GetPCLK1Freq                   0x08000ecc   Section        0  stm32f4xx_hal_rcc.o(i.HAL_RCC_GetPCLK1Freq)
    i.HAL_RCC_GetPCLK2Freq                   0x08000eec   Section        0  stm32f4xx_hal_rcc.o(i.HAL_RCC_GetPCLK2Freq)
    i.HAL_RCC_GetSysClockFreq                0x08000f0c   Section        0  stm32f4xx_hal_rcc.o(i.HAL_RCC_GetSysClockFreq)
    i.HAL_RCC_OscConfig                      0x08000f6c   Section        0  stm32f4xx_hal_rcc.o(i.HAL_RCC_OscConfig)
    i.HAL_SPI_Init                           0x080012d8   Section        0  stm32f4xx_hal_spi.o(i.HAL_SPI_Init)
    i.HAL_SPI_MspInit                        0x08001394   Section        0  spi.o(i.HAL_SPI_MspInit)
    i.HAL_SPI_Transmit                       0x080013fc   Section        0  stm32f4xx_hal_spi.o(i.HAL_SPI_Transmit)
    i.HAL_SPI_TransmitReceive                0x08001562   Section        0  stm32f4xx_hal_spi.o(i.HAL_SPI_TransmitReceive)
    i.HAL_SYSTICK_Config                     0x08001744   Section        0  stm32f4xx_hal_cortex.o(i.HAL_SYSTICK_Config)
    i.HAL_TIMEx_ConfigBreakDeadTime          0x0800176c   Section        0  stm32f4xx_hal_tim_ex.o(i.HAL_TIMEx_ConfigBreakDeadTime)
    i.HAL_TIMEx_MasterConfigSynchronization  0x080017c0   Section        0  stm32f4xx_hal_tim_ex.o(i.HAL_TIMEx_MasterConfigSynchronization)
    i.HAL_TIM_Base_Init                      0x08001850   Section        0  stm32f4xx_hal_tim.o(i.HAL_TIM_Base_Init)
    i.HAL_TIM_Base_MspInit                   0x080018ac   Section        0  tim.o(i.HAL_TIM_Base_MspInit)
    i.HAL_TIM_ConfigClockSource              0x080018d4   Section        0  stm32f4xx_hal_tim.o(i.HAL_TIM_ConfigClockSource)
    i.HAL_TIM_MspPostInit                    0x080019b0   Section        0  tim.o(i.HAL_TIM_MspPostInit)
    i.HAL_TIM_PWM_ConfigChannel              0x08001a04   Section        0  stm32f4xx_hal_tim.o(i.HAL_TIM_PWM_ConfigChannel)
    i.HAL_TIM_PWM_Init                       0x08001ad0   Section        0  stm32f4xx_hal_tim.o(i.HAL_TIM_PWM_Init)
    i.HAL_TIM_PWM_MspInit                    0x08001b2a   Section        0  stm32f4xx_hal_tim.o(i.HAL_TIM_PWM_MspInit)
    i.HAL_TIM_PWM_Start                      0x08001b2c   Section        0  stm32f4xx_hal_tim.o(i.HAL_TIM_PWM_Start)
    i.HAL_UARTEx_RxEventCallback             0x08001bf4   Section        0  stm32f4xx_hal_uart.o(i.HAL_UARTEx_RxEventCallback)
    i.HAL_UART_ErrorCallback                 0x08001bf6   Section        0  stm32f4xx_hal_uart.o(i.HAL_UART_ErrorCallback)
    i.HAL_UART_IRQHandler                    0x08001bf8   Section        0  stm32f4xx_hal_uart.o(i.HAL_UART_IRQHandler)
    i.HAL_UART_Init                          0x08001e60   Section        0  stm32f4xx_hal_uart.o(i.HAL_UART_Init)
    i.HAL_UART_MspInit                       0x08001ec4   Section        0  usart.o(i.HAL_UART_MspInit)
    i.HAL_UART_Receive_IT                    0x08001fbc   Section        0  stm32f4xx_hal_uart.o(i.HAL_UART_Receive_IT)
    i.HAL_UART_RxCpltCallback                0x08001fe8   Section        0  main.o(i.HAL_UART_RxCpltCallback)
    i.HAL_UART_Transmit                      0x080022e0   Section        0  stm32f4xx_hal_uart.o(i.HAL_UART_Transmit)
    i.HAL_UART_TxCpltCallback                0x08002392   Section        0  stm32f4xx_hal_uart.o(i.HAL_UART_TxCpltCallback)
    i.HardFault_Handler                      0x08002394   Section        0  stm32f4xx_it.o(i.HardFault_Handler)
    i.MX_ADC1_Init                           0x08002398   Section        0  adc.o(i.MX_ADC1_Init)
    i.MX_GPIO_Init                           0x080023fc   Section        0  gpio.o(i.MX_GPIO_Init)
    i.MX_SPI1_Init                           0x0800249c   Section        0  spi.o(i.MX_SPI1_Init)
    i.MX_TIM8_Init                           0x080024e4   Section        0  tim.o(i.MX_TIM8_Init)
    i.MX_UART4_Init                          0x080025dc   Section        0  usart.o(i.MX_UART4_Init)
    i.MX_USART1_UART_Init                    0x08002620   Section        0  usart.o(i.MX_USART1_UART_Init)
    i.MemManage_Handler                      0x08002658   Section        0  stm32f4xx_it.o(i.MemManage_Handler)
    i.NMI_Handler                            0x0800265a   Section        0  stm32f4xx_it.o(i.NMI_Handler)
    i.PendSV_Handler                         0x0800265c   Section        0  stm32f4xx_it.o(i.PendSV_Handler)
    i.SPI_EndRxTxTransaction                 0x08002660   Section        0  stm32f4xx_hal_spi.o(i.SPI_EndRxTxTransaction)
    SPI_EndRxTxTransaction                   0x08002661   Thumb Code    80  stm32f4xx_hal_spi.o(i.SPI_EndRxTxTransaction)
    i.SPI_WaitFlagStateUntilTimeout          0x080026b8   Section        0  stm32f4xx_hal_spi.o(i.SPI_WaitFlagStateUntilTimeout)
    SPI_WaitFlagStateUntilTimeout            0x080026b9   Thumb Code   180  stm32f4xx_hal_spi.o(i.SPI_WaitFlagStateUntilTimeout)
    i.SVC_Handler                            0x08002770   Section        0  stm32f4xx_it.o(i.SVC_Handler)
    i.Scheduler_init                         0x08002774   Section        0  scheduler.o(i.Scheduler_init)
    i.Scheduler_run                          0x08002780   Section        0  scheduler.o(i.Scheduler_run)
    i.SysTick_Handler                        0x080027bc   Section        0  stm32f4xx_it.o(i.SysTick_Handler)
    i.SystemClock_Config                     0x080027c0   Section        0  main.o(i.SystemClock_Config)
    i.SystemInit                             0x08002854   Section        0  system_stm32f4xx.o(i.SystemInit)
    i.TIM_Base_SetConfig                     0x08002864   Section        0  stm32f4xx_hal_tim.o(i.TIM_Base_SetConfig)
    i.TIM_CCxChannelCmd                      0x0800292c   Section        0  stm32f4xx_hal_tim.o(i.TIM_CCxChannelCmd)
    i.TIM_ETR_SetConfig                      0x08002946   Section        0  stm32f4xx_hal_tim.o(i.TIM_ETR_SetConfig)
    i.TIM_ITRx_SetConfig                     0x0800295a   Section        0  stm32f4xx_hal_tim.o(i.TIM_ITRx_SetConfig)
    TIM_ITRx_SetConfig                       0x0800295b   Thumb Code    16  stm32f4xx_hal_tim.o(i.TIM_ITRx_SetConfig)
    i.TIM_OC1_SetConfig                      0x0800296c   Section        0  stm32f4xx_hal_tim.o(i.TIM_OC1_SetConfig)
    TIM_OC1_SetConfig                        0x0800296d   Thumb Code    88  stm32f4xx_hal_tim.o(i.TIM_OC1_SetConfig)
    i.TIM_OC2_SetConfig                      0x080029cc   Section        0  stm32f4xx_hal_tim.o(i.TIM_OC2_SetConfig)
    i.TIM_OC3_SetConfig                      0x08002a38   Section        0  stm32f4xx_hal_tim.o(i.TIM_OC3_SetConfig)
    TIM_OC3_SetConfig                        0x08002a39   Thumb Code    96  stm32f4xx_hal_tim.o(i.TIM_OC3_SetConfig)
    i.TIM_OC4_SetConfig                      0x08002aa0   Section        0  stm32f4xx_hal_tim.o(i.TIM_OC4_SetConfig)
    TIM_OC4_SetConfig                        0x08002aa1   Thumb Code    70  stm32f4xx_hal_tim.o(i.TIM_OC4_SetConfig)
    i.TIM_TI1_ConfigInputStage               0x08002af0   Section        0  stm32f4xx_hal_tim.o(i.TIM_TI1_ConfigInputStage)
    TIM_TI1_ConfigInputStage                 0x08002af1   Thumb Code    34  stm32f4xx_hal_tim.o(i.TIM_TI1_ConfigInputStage)
    i.TIM_TI2_ConfigInputStage               0x08002b12   Section        0  stm32f4xx_hal_tim.o(i.TIM_TI2_ConfigInputStage)
    TIM_TI2_ConfigInputStage                 0x08002b13   Thumb Code    36  stm32f4xx_hal_tim.o(i.TIM_TI2_ConfigInputStage)
    i.UART4_IRQHandler                       0x08002b38   Section        0  stm32f4xx_it.o(i.UART4_IRQHandler)
    i.UART_DMAAbortOnError                   0x08002b44   Section        0  stm32f4xx_hal_uart.o(i.UART_DMAAbortOnError)
    UART_DMAAbortOnError                     0x08002b45   Thumb Code    16  stm32f4xx_hal_uart.o(i.UART_DMAAbortOnError)
    i.UART_EndRxTransfer                     0x08002b54   Section        0  stm32f4xx_hal_uart.o(i.UART_EndRxTransfer)
    UART_EndRxTransfer                       0x08002b55   Thumb Code    78  stm32f4xx_hal_uart.o(i.UART_EndRxTransfer)
    i.UART_Receive_IT                        0x08002ba2   Section        0  stm32f4xx_hal_uart.o(i.UART_Receive_IT)
    UART_Receive_IT                          0x08002ba3   Thumb Code   192  stm32f4xx_hal_uart.o(i.UART_Receive_IT)
    i.UART_SetConfig                         0x08002c64   Section        0  stm32f4xx_hal_uart.o(i.UART_SetConfig)
    UART_SetConfig                           0x08002c65   Thumb Code   258  stm32f4xx_hal_uart.o(i.UART_SetConfig)
    i.UART_Start_Receive_IT                  0x08002d70   Section        0  stm32f4xx_hal_uart.o(i.UART_Start_Receive_IT)
    i.UART_WaitOnFlagUntilTimeout            0x08002da6   Section        0  stm32f4xx_hal_uart.o(i.UART_WaitOnFlagUntilTimeout)
    UART_WaitOnFlagUntilTimeout              0x08002da7   Thumb Code   120  stm32f4xx_hal_uart.o(i.UART_WaitOnFlagUntilTimeout)
    i.USART1_IRQHandler                      0x08002e20   Section        0  stm32f4xx_it.o(i.USART1_IRQHandler)
    i.UsageFault_Handler                     0x08002e2c   Section        0  stm32f4xx_it.o(i.UsageFault_Handler)
    i.__ARM_fpclassify                       0x08002e2e   Section        0  fpclassify.o(i.__ARM_fpclassify)
    i.__NVIC_SetPriority                     0x08002e5e   Section        0  stm32f4xx_hal_cortex.o(i.__NVIC_SetPriority)
    __NVIC_SetPriority                       0x08002e5f   Thumb Code    32  stm32f4xx_hal_cortex.o(i.__NVIC_SetPriority)
    i.__hardfp_asin                          0x08002e80   Section        0  asin.o(i.__hardfp_asin)
    i.__hardfp_atan                          0x080031e0   Section        0  atan.o(i.__hardfp_atan)
    i.__hardfp_atan2                         0x080034b8   Section        0  atan2.o(i.__hardfp_atan2)
    i.__kernel_poly                          0x080036a8   Section        0  poly.o(i.__kernel_poly)
    i.__mathlib_dbl_infnan                   0x080037a0   Section        0  dunder.o(i.__mathlib_dbl_infnan)
    i.__mathlib_dbl_infnan2                  0x080037b4   Section        0  dunder.o(i.__mathlib_dbl_infnan2)
    i.__mathlib_dbl_invalid                  0x080037c8   Section        0  dunder.o(i.__mathlib_dbl_invalid)
    i.__mathlib_dbl_underflow                0x080037e8   Section        0  dunder.o(i.__mathlib_dbl_underflow)
    i.atan                                   0x08003808   Section        0  atan.o(i.atan)
    i.fabs                                   0x08003818   Section        0  fabs.o(i.fabs)
    i.get_eulerAngle                         0x08003830   Section        0  icm20602.o(i.get_eulerAngle)
    i.get_icm20602_accdata_spi               0x08003980   Section        0  icm20602.o(i.get_icm20602_accdata_spi)
    i.get_icm20602_gyro_spi                  0x080039b0   Section        0  icm20602.o(i.get_icm20602_gyro_spi)
    i.gyroOffsetInit                         0x080039e0   Section        0  icm20602.o(i.gyroOffsetInit)
    i.icm20602_init_spi                      0x08003a8c   Section        0  icm20602.o(i.icm20602_init_spi)
    i.icm20602_self_check                    0x08003af6   Section        0  icm20602.o(i.icm20602_self_check)
    i.icm20602_update                        0x08003b18   Section        0  icm20602.o(i.icm20602_update)
    i.icmAHRSupdate                          0x08003ba8   Section        0  icm20602.o(i.icmAHRSupdate)
    i.icmGetValues                           0x08003d68   Section        0  icm20602.o(i.icmGetValues)
    i.icm_spi_r_reg_byte                     0x08003e78   Section        0  icm20602.o(i.icm_spi_r_reg_byte)
    i.icm_spi_r_reg_bytes                    0x08003ec4   Section        0  icm20602.o(i.icm_spi_r_reg_bytes)
    i.icm_spi_w_reg_byte                     0x08003f00   Section        0  icm20602.o(i.icm_spi_w_reg_byte)
    i.init_flightcontrol                     0x08003f3c   Section        0  flightcontrol.o(i.init_flightcontrol)
    i.led_blink                              0x08003fa8   Section        0  led.o(i.led_blink)
    i.main                                   0x08003fcc   Section        0  main.o(i.main)
    i.motor_init                             0x0800402c   Section        0  motor.o(i.motor_init)
    i.motor_speed_update                     0x08004098   Section        0  motor.o(i.motor_speed_update)
    i.myRsqrt                                0x080040c0   Section        0  icm20602.o(i.myRsqrt)
    i.sbus_update                            0x080040fc   Section        0  sbus.o(i.sbus_update)
    i.send_channels                          0x08004250   Section        0  sbus.o(i.send_channels)
    i.sqrt                                   0x08004252   Section        0  sqrt.o(i.sqrt)
    i.update_flightcontrol                   0x080042c0   Section        0  flightcontrol.o(i.update_flightcontrol)
    i.update_pid                             0x08004458   Section        0  pid.o(i.update_pid)
    i.voltage_read                           0x080044cc   Section        0  voltage.o(i.voltage_read)
    x$fpl$basic                              0x0800455c   Section       24  basic.o(x$fpl$basic)
    $v0                                      0x0800455c   Number         0  basic.o(x$fpl$basic)
    x$fpl$d2f                                0x08004574   Section       98  d2f.o(x$fpl$d2f)
    $v0                                      0x08004574   Number         0  d2f.o(x$fpl$d2f)
    x$fpl$dadd                               0x080045d8   Section      336  daddsub_clz.o(x$fpl$dadd)
    $v0                                      0x080045d8   Number         0  daddsub_clz.o(x$fpl$dadd)
    _dadd1                                   0x080045e9   Thumb Code     0  daddsub_clz.o(x$fpl$dadd)
    x$fpl$ddiv                               0x08004728   Section      688  ddiv.o(x$fpl$ddiv)
    $v0                                      0x08004728   Number         0  ddiv.o(x$fpl$ddiv)
    ddiv_entry                               0x0800472f   Thumb Code     0  ddiv.o(x$fpl$ddiv)
    x$fpl$dfltu                              0x080049d8   Section       38  dflt_clz.o(x$fpl$dfltu)
    $v0                                      0x080049d8   Number         0  dflt_clz.o(x$fpl$dfltu)
    x$fpl$dmul                               0x08004a00   Section      340  dmul.o(x$fpl$dmul)
    $v0                                      0x08004a00   Number         0  dmul.o(x$fpl$dmul)
    x$fpl$dnaninf                            0x08004b54   Section      156  dnaninf.o(x$fpl$dnaninf)
    $v0                                      0x08004b54   Number         0  dnaninf.o(x$fpl$dnaninf)
    x$fpl$dretinf                            0x08004bf0   Section       12  dretinf.o(x$fpl$dretinf)
    $v0                                      0x08004bf0   Number         0  dretinf.o(x$fpl$dretinf)
    x$fpl$drsb                               0x08004bfc   Section       22  daddsub_clz.o(x$fpl$drsb)
    $v0                                      0x08004bfc   Number         0  daddsub_clz.o(x$fpl$drsb)
    x$fpl$dsqrt                              0x08004c14   Section      408  dsqrt_umaal.o(x$fpl$dsqrt)
    $v0                                      0x08004c14   Number         0  dsqrt_umaal.o(x$fpl$dsqrt)
    x$fpl$dsub                               0x08004dac   Section      468  daddsub_clz.o(x$fpl$dsub)
    $v0                                      0x08004dac   Number         0  daddsub_clz.o(x$fpl$dsub)
    _dsub1                                   0x08004dbd   Thumb Code     0  daddsub_clz.o(x$fpl$dsub)
    x$fpl$f2d                                0x08004f80   Section       86  f2d.o(x$fpl$f2d)
    $v0                                      0x08004f80   Number         0  f2d.o(x$fpl$f2d)
    x$fpl$fnaninf                            0x08004fd6   Section      140  fnaninf.o(x$fpl$fnaninf)
    $v0                                      0x08004fd6   Number         0  fnaninf.o(x$fpl$fnaninf)
    x$fpl$fpinit                             0x08005062   Section       10  fpinit.o(x$fpl$fpinit)
    $v0                                      0x08005062   Number         0  fpinit.o(x$fpl$fpinit)
    x$fpl$fretinf                            0x0800506c   Section       10  fretinf.o(x$fpl$fretinf)
    $v0                                      0x0800506c   Number         0  fretinf.o(x$fpl$fretinf)
    .constdata                               0x08005076   Section       16  system_stm32f4xx.o(.constdata)
    x$fpl$usenofp                            0x08005076   Section        0  usenofp.o(x$fpl$usenofp)
    .constdata                               0x08005086   Section        8  system_stm32f4xx.o(.constdata)
    .constdata                               0x08005090   Section       80  asin.o(.constdata)
    pS                                       0x08005090   Data          48  asin.o(.constdata)
    qS                                       0x080050c0   Data          32  asin.o(.constdata)
    .constdata                               0x080050e0   Section      152  atan.o(.constdata)
    atanhi                                   0x080050e0   Data          32  atan.o(.constdata)
    atanlo                                   0x08005100   Data          32  atan.o(.constdata)
    aTodd                                    0x08005120   Data          40  atan.o(.constdata)
    aTeven                                   0x08005148   Data          48  atan.o(.constdata)
    .constdata                               0x08005178   Section        8  qnan.o(.constdata)
    .data                                    0x20000000   Section       88  scheduler.o(.data)
    scheduler_task                           0x20000004   Data          84  scheduler.o(.data)
    .data                                    0x20000058   Section       12  voltage.o(.data)
    .data                                    0x20000064   Section        8  motor.o(.data)
    .data                                    0x2000006c   Section       21  sbus.o(.data)
    .data                                    0x20000084   Section       80  icm20602.o(.data)
    .data                                    0x200000d4   Section       26  main.o(.data)
    .data                                    0x200000f0   Section       92  flightcontrol.o(.data)
    .data                                    0x2000014c   Section       12  stm32f4xx_hal.o(.data)
    .data                                    0x20000158   Section        4  system_stm32f4xx.o(.data)
    .bss                                     0x2000015c   Section       58  sbus.o(.bss)
    .bss                                     0x20000198   Section       48  icm20602.o(.bss)
    .bss                                     0x200001c8   Section      256  main.o(.bss)
    .bss                                     0x200002c8   Section       72  adc.o(.bss)
    .bss                                     0x20000310   Section       88  spi.o(.bss)
    .bss                                     0x20000368   Section       72  tim.o(.bss)
    .bss                                     0x200003b0   Section      136  usart.o(.bss)
    .bss                                     0x20000438   Section       96  libspace.o(.bss)
    HEAP                                     0x20000498   Section      512  startup_stm32f405xx.o(HEAP)
    Heap_Mem                                 0x20000498   Data         512  startup_stm32f405xx.o(HEAP)
    STACK                                    0x20000698   Section     1024  startup_stm32f405xx.o(STACK)
    Stack_Mem                                0x20000698   Data        1024  startup_stm32f405xx.o(STACK)
    __initial_sp                             0x20000a98   Data           0  startup_stm32f405xx.o(STACK)

    Global Symbols

    Symbol Name                              Value     Ov Type        Size  Object(Section)

    BuildAttributes$$THM_ISAv4$E$P$D$K$B$S$7EM$VFPi3$EXTD16$VFPS$VFMA$PE$A:L22UL41UL21$X:L11$S22US41US21$IEEE1$IW$USESV6$~STKCKD$USESV7$~SHL$OTIME$ROPI$IEEEX$EBA8$UX$STANDARDLIB$REQ8$PRES8$EABIv2 0x00000000   Number         0  anon$$obj.o ABSOLUTE
    __ARM_use_no_argv                        0x00000000   Number         0  main.o ABSOLUTE
    __ARM_exceptions_init                     - Undefined Weak Reference
    __alloca_initialize                       - Undefined Weak Reference
    __arm_preinit_                            - Undefined Weak Reference
    __cpp_initialize__aeabi_                  - Undefined Weak Reference
    __cxa_finalize                            - Undefined Weak Reference
    __rt_locale                               - Undefined Weak Reference
    __sigvec_lookup                           - Undefined Weak Reference
    _atexit_init                              - Undefined Weak Reference
    _call_atexit_fns                          - Undefined Weak Reference
    _clock_init                               - Undefined Weak Reference
    _fp_trap_init                             - Undefined Weak Reference
    _fp_trap_shutdown                         - Undefined Weak Reference
    _get_lc_collate                           - Undefined Weak Reference
    _get_lc_ctype                             - Undefined Weak Reference
    _get_lc_monetary                          - Undefined Weak Reference
    _get_lc_numeric                           - Undefined Weak Reference
    _get_lc_time                              - Undefined Weak Reference
    _getenv_init                              - Undefined Weak Reference
    _handle_redirection                       - Undefined Weak Reference
    _init_alloc                               - Undefined Weak Reference
    _init_user_alloc                          - Undefined Weak Reference
    _initio                                   - Undefined Weak Reference
    _rand_init                                - Undefined Weak Reference
    _signal_finish                            - Undefined Weak Reference
    _signal_init                              - Undefined Weak Reference
    _terminate_alloc                          - Undefined Weak Reference
    _terminate_user_alloc                     - Undefined Weak Reference
    _terminateio                              - Undefined Weak Reference
    __Vectors_Size                           0x00000188   Number         0  startup_stm32f405xx.o ABSOLUTE
    __Vectors                                0x08000000   Data           4  startup_stm32f405xx.o(RESET)
    __Vectors_End                            0x08000188   Data           0  startup_stm32f405xx.o(RESET)
    __main                                   0x08000189   Thumb Code     8  __main.o(!!!main)
    __scatterload                            0x08000191   Thumb Code     0  __scatter.o(!!!scatter)
    __scatterload_rt2                        0x08000191   Thumb Code    44  __scatter.o(!!!scatter)
    __scatterload_rt2_thumb_only             0x08000191   Thumb Code     0  __scatter.o(!!!scatter)
    __scatterload_null                       0x0800019f   Thumb Code     0  __scatter.o(!!!scatter)
    __decompress                             0x080001c5   Thumb Code    58  __dczerorl.o(!!dczerorl)
    __decompress0                            0x080001c5   Thumb Code     0  __dczerorl.o(!!dczerorl)
    __scatterload_zeroinit                   0x08000201   Thumb Code    28  __scatter_zi.o(!!handler_zi)
    __rt_lib_init                            0x0800021d   Thumb Code     0  libinit.o(.ARM.Collect$$libinit$$00000000)
    __rt_lib_init_fp_1                       0x0800021f   Thumb Code     0  libinit2.o(.ARM.Collect$$libinit$$00000001)
    __rt_lib_init_alloca_1                   0x08000223   Thumb Code     0  libinit2.o(.ARM.Collect$$libinit$$0000002E)
    __rt_lib_init_argv_1                     0x08000223   Thumb Code     0  libinit2.o(.ARM.Collect$$libinit$$0000002C)
    __rt_lib_init_atexit_1                   0x08000223   Thumb Code     0  libinit2.o(.ARM.Collect$$libinit$$0000001B)
    __rt_lib_init_clock_1                    0x08000223   Thumb Code     0  libinit2.o(.ARM.Collect$$libinit$$00000021)
    __rt_lib_init_cpp_1                      0x08000223   Thumb Code     0  libinit2.o(.ARM.Collect$$libinit$$00000032)
    __rt_lib_init_exceptions_1               0x08000223   Thumb Code     0  libinit2.o(.ARM.Collect$$libinit$$00000030)
    __rt_lib_init_fp_trap_1                  0x08000223   Thumb Code     0  libinit2.o(.ARM.Collect$$libinit$$0000001F)
    __rt_lib_init_getenv_1                   0x08000223   Thumb Code     0  libinit2.o(.ARM.Collect$$libinit$$00000023)
    __rt_lib_init_heap_1                     0x08000223   Thumb Code     0  libinit2.o(.ARM.Collect$$libinit$$0000000A)
    __rt_lib_init_lc_collate_1               0x08000223   Thumb Code     0  libinit2.o(.ARM.Collect$$libinit$$00000011)
    __rt_lib_init_lc_ctype_1                 0x08000223   Thumb Code     0  libinit2.o(.ARM.Collect$$libinit$$00000013)
    __rt_lib_init_lc_monetary_1              0x08000223   Thumb Code     0  libinit2.o(.ARM.Collect$$libinit$$00000015)
    __rt_lib_init_lc_numeric_1               0x08000223   Thumb Code     0  libinit2.o(.ARM.Collect$$libinit$$00000017)
    __rt_lib_init_lc_time_1                  0x08000223   Thumb Code     0  libinit2.o(.ARM.Collect$$libinit$$00000019)
    __rt_lib_init_preinit_1                  0x08000223   Thumb Code     0  libinit2.o(.ARM.Collect$$libinit$$00000004)
    __rt_lib_init_rand_1                     0x08000223   Thumb Code     0  libinit2.o(.ARM.Collect$$libinit$$0000000E)
    __rt_lib_init_return                     0x08000223   Thumb Code     0  libinit2.o(.ARM.Collect$$libinit$$00000033)
    __rt_lib_init_signal_1                   0x08000223   Thumb Code     0  libinit2.o(.ARM.Collect$$libinit$$0000001D)
    __rt_lib_init_stdio_1                    0x08000223   Thumb Code     0  libinit2.o(.ARM.Collect$$libinit$$00000025)
    __rt_lib_init_user_alloc_1               0x08000223   Thumb Code     0  libinit2.o(.ARM.Collect$$libinit$$0000000C)
    __rt_lib_shutdown                        0x08000225   Thumb Code     0  libshutdown.o(.ARM.Collect$$libshutdown$$00000000)
    __rt_lib_shutdown_cpp_1                  0x08000227   Thumb Code     0  libshutdown2.o(.ARM.Collect$$libshutdown$$00000002)
    __rt_lib_shutdown_fp_trap_1              0x08000227   Thumb Code     0  libshutdown2.o(.ARM.Collect$$libshutdown$$00000007)
    __rt_lib_shutdown_heap_1                 0x08000227   Thumb Code     0  libshutdown2.o(.ARM.Collect$$libshutdown$$0000000F)
    __rt_lib_shutdown_return                 0x08000227   Thumb Code     0  libshutdown2.o(.ARM.Collect$$libshutdown$$00000010)
    __rt_lib_shutdown_signal_1               0x08000227   Thumb Code     0  libshutdown2.o(.ARM.Collect$$libshutdown$$0000000A)
    __rt_lib_shutdown_stdio_1                0x08000227   Thumb Code     0  libshutdown2.o(.ARM.Collect$$libshutdown$$00000004)
    __rt_lib_shutdown_user_alloc_1           0x08000227   Thumb Code     0  libshutdown2.o(.ARM.Collect$$libshutdown$$0000000C)
    __rt_entry                               0x08000229   Thumb Code     0  __rtentry.o(.ARM.Collect$$rtentry$$00000000)
    __rt_entry_presh_1                       0x08000229   Thumb Code     0  __rtentry2.o(.ARM.Collect$$rtentry$$00000002)
    __rt_entry_sh                            0x08000229   Thumb Code     0  __rtentry4.o(.ARM.Collect$$rtentry$$00000004)
    __rt_entry_li                            0x0800022f   Thumb Code     0  __rtentry2.o(.ARM.Collect$$rtentry$$0000000A)
    __rt_entry_postsh_1                      0x0800022f   Thumb Code     0  __rtentry2.o(.ARM.Collect$$rtentry$$00000009)
    __rt_entry_main                          0x08000233   Thumb Code     0  __rtentry2.o(.ARM.Collect$$rtentry$$0000000D)
    __rt_entry_postli_1                      0x08000233   Thumb Code     0  __rtentry2.o(.ARM.Collect$$rtentry$$0000000C)
    __rt_exit                                0x0800023b   Thumb Code     0  rtexit.o(.ARM.Collect$$rtexit$$00000000)
    __rt_exit_ls                             0x0800023d   Thumb Code     0  rtexit2.o(.ARM.Collect$$rtexit$$00000003)
    __rt_exit_prels_1                        0x0800023d   Thumb Code     0  rtexit2.o(.ARM.Collect$$rtexit$$00000002)
    __rt_exit_exit                           0x08000241   Thumb Code     0  rtexit2.o(.ARM.Collect$$rtexit$$00000004)
    Reset_Handler                            0x08000249   Thumb Code     8  startup_stm32f405xx.o(.text)
    ADC_IRQHandler                           0x08000263   Thumb Code     0  startup_stm32f405xx.o(.text)
    CAN1_RX0_IRQHandler                      0x08000263   Thumb Code     0  startup_stm32f405xx.o(.text)
    CAN1_RX1_IRQHandler                      0x08000263   Thumb Code     0  startup_stm32f405xx.o(.text)
    CAN1_SCE_IRQHandler                      0x08000263   Thumb Code     0  startup_stm32f405xx.o(.text)
    CAN1_TX_IRQHandler                       0x08000263   Thumb Code     0  startup_stm32f405xx.o(.text)
    CAN2_RX0_IRQHandler                      0x08000263   Thumb Code     0  startup_stm32f405xx.o(.text)
    CAN2_RX1_IRQHandler                      0x08000263   Thumb Code     0  startup_stm32f405xx.o(.text)
    CAN2_SCE_IRQHandler                      0x08000263   Thumb Code     0  startup_stm32f405xx.o(.text)
    CAN2_TX_IRQHandler                       0x08000263   Thumb Code     0  startup_stm32f405xx.o(.text)
    DMA1_Stream0_IRQHandler                  0x08000263   Thumb Code     0  startup_stm32f405xx.o(.text)
    DMA1_Stream1_IRQHandler                  0x08000263   Thumb Code     0  startup_stm32f405xx.o(.text)
    DMA1_Stream2_IRQHandler                  0x08000263   Thumb Code     0  startup_stm32f405xx.o(.text)
    DMA1_Stream3_IRQHandler                  0x08000263   Thumb Code     0  startup_stm32f405xx.o(.text)
    DMA1_Stream4_IRQHandler                  0x08000263   Thumb Code     0  startup_stm32f405xx.o(.text)
    DMA1_Stream5_IRQHandler                  0x08000263   Thumb Code     0  startup_stm32f405xx.o(.text)
    DMA1_Stream6_IRQHandler                  0x08000263   Thumb Code     0  startup_stm32f405xx.o(.text)
    DMA1_Stream7_IRQHandler                  0x08000263   Thumb Code     0  startup_stm32f405xx.o(.text)
    DMA2_Stream0_IRQHandler                  0x08000263   Thumb Code     0  startup_stm32f405xx.o(.text)
    DMA2_Stream1_IRQHandler                  0x08000263   Thumb Code     0  startup_stm32f405xx.o(.text)
    DMA2_Stream2_IRQHandler                  0x08000263   Thumb Code     0  startup_stm32f405xx.o(.text)
    DMA2_Stream3_IRQHandler                  0x08000263   Thumb Code     0  startup_stm32f405xx.o(.text)
    DMA2_Stream4_IRQHandler                  0x08000263   Thumb Code     0  startup_stm32f405xx.o(.text)
    DMA2_Stream5_IRQHandler                  0x08000263   Thumb Code     0  startup_stm32f405xx.o(.text)
    DMA2_Stream6_IRQHandler                  0x08000263   Thumb Code     0  startup_stm32f405xx.o(.text)
    DMA2_Stream7_IRQHandler                  0x08000263   Thumb Code     0  startup_stm32f405xx.o(.text)
    EXTI0_IRQHandler                         0x08000263   Thumb Code     0  startup_stm32f405xx.o(.text)
    EXTI15_10_IRQHandler                     0x08000263   Thumb Code     0  startup_stm32f405xx.o(.text)
    EXTI1_IRQHandler                         0x08000263   Thumb Code     0  startup_stm32f405xx.o(.text)
    EXTI2_IRQHandler                         0x08000263   Thumb Code     0  startup_stm32f405xx.o(.text)
    EXTI3_IRQHandler                         0x08000263   Thumb Code     0  startup_stm32f405xx.o(.text)
    EXTI4_IRQHandler                         0x08000263   Thumb Code     0  startup_stm32f405xx.o(.text)
    EXTI9_5_IRQHandler                       0x08000263   Thumb Code     0  startup_stm32f405xx.o(.text)
    FLASH_IRQHandler                         0x08000263   Thumb Code     0  startup_stm32f405xx.o(.text)
    FMC_IRQHandler                           0x08000263   Thumb Code     0  startup_stm32f405xx.o(.text)
    FPU_IRQHandler                           0x08000263   Thumb Code     0  startup_stm32f405xx.o(.text)
    HASH_RNG_IRQHandler                      0x08000263   Thumb Code     0  startup_stm32f405xx.o(.text)
    I2C1_ER_IRQHandler                       0x08000263   Thumb Code     0  startup_stm32f405xx.o(.text)
    I2C1_EV_IRQHandler                       0x08000263   Thumb Code     0  startup_stm32f405xx.o(.text)
    I2C2_ER_IRQHandler                       0x08000263   Thumb Code     0  startup_stm32f405xx.o(.text)
    I2C2_EV_IRQHandler                       0x08000263   Thumb Code     0  startup_stm32f405xx.o(.text)
    I2C3_ER_IRQHandler                       0x08000263   Thumb Code     0  startup_stm32f405xx.o(.text)
    I2C3_EV_IRQHandler                       0x08000263   Thumb Code     0  startup_stm32f405xx.o(.text)
    OTG_FS_IRQHandler                        0x08000263   Thumb Code     0  startup_stm32f405xx.o(.text)
    OTG_FS_WKUP_IRQHandler                   0x08000263   Thumb Code     0  startup_stm32f405xx.o(.text)
    OTG_HS_EP1_IN_IRQHandler                 0x08000263   Thumb Code     0  startup_stm32f405xx.o(.text)
    OTG_HS_EP1_OUT_IRQHandler                0x08000263   Thumb Code     0  startup_stm32f405xx.o(.text)
    OTG_HS_IRQHandler                        0x08000263   Thumb Code     0  startup_stm32f405xx.o(.text)
    OTG_HS_WKUP_IRQHandler                   0x08000263   Thumb Code     0  startup_stm32f405xx.o(.text)
    PVD_IRQHandler                           0x08000263   Thumb Code     0  startup_stm32f405xx.o(.text)
    RCC_IRQHandler                           0x08000263   Thumb Code     0  startup_stm32f405xx.o(.text)
    RTC_Alarm_IRQHandler                     0x08000263   Thumb Code     0  startup_stm32f405xx.o(.text)
    RTC_WKUP_IRQHandler                      0x08000263   Thumb Code     0  startup_stm32f405xx.o(.text)
    SDIO_IRQHandler                          0x08000263   Thumb Code     0  startup_stm32f405xx.o(.text)
    SPI1_IRQHandler                          0x08000263   Thumb Code     0  startup_stm32f405xx.o(.text)
    SPI2_IRQHandler                          0x08000263   Thumb Code     0  startup_stm32f405xx.o(.text)
    SPI3_IRQHandler                          0x08000263   Thumb Code     0  startup_stm32f405xx.o(.text)
    TAMP_STAMP_IRQHandler                    0x08000263   Thumb Code     0  startup_stm32f405xx.o(.text)
    TIM1_BRK_TIM9_IRQHandler                 0x08000263   Thumb Code     0  startup_stm32f405xx.o(.text)
    TIM1_CC_IRQHandler                       0x08000263   Thumb Code     0  startup_stm32f405xx.o(.text)
    TIM1_TRG_COM_TIM11_IRQHandler            0x08000263   Thumb Code     0  startup_stm32f405xx.o(.text)
    TIM1_UP_TIM10_IRQHandler                 0x08000263   Thumb Code     0  startup_stm32f405xx.o(.text)
    TIM2_IRQHandler                          0x08000263   Thumb Code     0  startup_stm32f405xx.o(.text)
    TIM3_IRQHandler                          0x08000263   Thumb Code     0  startup_stm32f405xx.o(.text)
    TIM4_IRQHandler                          0x08000263   Thumb Code     0  startup_stm32f405xx.o(.text)
    TIM5_IRQHandler                          0x08000263   Thumb Code     0  startup_stm32f405xx.o(.text)
    TIM6_DAC_IRQHandler                      0x08000263   Thumb Code     0  startup_stm32f405xx.o(.text)
    TIM7_IRQHandler                          0x08000263   Thumb Code     0  startup_stm32f405xx.o(.text)
    TIM8_BRK_TIM12_IRQHandler                0x08000263   Thumb Code     0  startup_stm32f405xx.o(.text)
    TIM8_CC_IRQHandler                       0x08000263   Thumb Code     0  startup_stm32f405xx.o(.text)
    TIM8_TRG_COM_TIM14_IRQHandler            0x08000263   Thumb Code     0  startup_stm32f405xx.o(.text)
    TIM8_UP_TIM13_IRQHandler                 0x08000263   Thumb Code     0  startup_stm32f405xx.o(.text)
    UART5_IRQHandler                         0x08000263   Thumb Code     0  startup_stm32f405xx.o(.text)
    USART2_IRQHandler                        0x08000263   Thumb Code     0  startup_stm32f405xx.o(.text)
    USART3_IRQHandler                        0x08000263   Thumb Code     0  startup_stm32f405xx.o(.text)
    USART6_IRQHandler                        0x08000263   Thumb Code     0  startup_stm32f405xx.o(.text)
    WWDG_IRQHandler                          0x08000263   Thumb Code     0  startup_stm32f405xx.o(.text)
    __user_initial_stackheap                 0x08000265   Thumb Code     0  startup_stm32f405xx.o(.text)
    __aeabi_uldivmod                         0x08000289   Thumb Code     0  lludivv7m.o(.text)
    _ll_udiv                                 0x08000289   Thumb Code   238  lludivv7m.o(.text)
    __aeabi_memclr4                          0x08000377   Thumb Code     0  rt_memclr_w.o(.text)
    __aeabi_memclr8                          0x08000377   Thumb Code     0  rt_memclr_w.o(.text)
    __rt_memclr_w                            0x08000377   Thumb Code    78  rt_memclr_w.o(.text)
    _memset_w                                0x0800037b   Thumb Code     0  rt_memclr_w.o(.text)
    __use_two_region_memory                  0x080003c5   Thumb Code     2  heapauxi.o(.text)
    __rt_heap_escrow$2region                 0x080003c7   Thumb Code     2  heapauxi.o(.text)
    __rt_heap_expand$2region                 0x080003c9   Thumb Code     2  heapauxi.o(.text)
    __read_errno                             0x080003cb   Thumb Code    10  _rserrno.o(.text)
    __set_errno                              0x080003d5   Thumb Code    12  _rserrno.o(.text)
    __aeabi_errno_addr                       0x080003e1   Thumb Code     8  rt_errno_addr_intlibspace.o(.text)
    __errno$intlibspace                      0x080003e1   Thumb Code     0  rt_errno_addr_intlibspace.o(.text)
    __rt_errno_addr$intlibspace              0x080003e1   Thumb Code     0  rt_errno_addr_intlibspace.o(.text)
    __user_libspace                          0x080003e9   Thumb Code     8  libspace.o(.text)
    __user_perproc_libspace                  0x080003e9   Thumb Code     0  libspace.o(.text)
    __user_perthread_libspace                0x080003e9   Thumb Code     0  libspace.o(.text)
    __user_setup_stackheap                   0x080003f1   Thumb Code    74  sys_stackheap_outer.o(.text)
    exit                                     0x0800043b   Thumb Code    18  exit.o(.text)
    _sys_exit                                0x0800044d   Thumb Code     8  sys_exit.o(.text)
    __I$use$semihosting                      0x08000459   Thumb Code     0  use_no_semi.o(.text)
    __use_no_semihosting_swi                 0x08000459   Thumb Code     2  use_no_semi.o(.text)
    __semihosting_library_function           0x0800045b   Thumb Code     0  indicate_semi.o(.text)
    BusFault_Handler                         0x08000585   Thumb Code     2  stm32f4xx_it.o(i.BusFault_Handler)
    DebugMon_Handler                         0x08000587   Thumb Code     2  stm32f4xx_it.o(i.DebugMon_Handler)
    Error_Handler                            0x08000589   Thumb Code     4  main.o(i.Error_Handler)
    HAL_ADC_ConfigChannel                    0x0800058d   Thumb Code   316  stm32f4xx_hal_adc.o(i.HAL_ADC_ConfigChannel)
    HAL_ADC_GetValue                         0x080006d9   Thumb Code     6  stm32f4xx_hal_adc.o(i.HAL_ADC_GetValue)
    HAL_ADC_Init                             0x080006df   Thumb Code    84  stm32f4xx_hal_adc.o(i.HAL_ADC_Init)
    HAL_ADC_MspInit                          0x08000735   Thumb Code    84  adc.o(i.HAL_ADC_MspInit)
    HAL_ADC_PollForConversion                0x08000795   Thumb Code   170  stm32f4xx_hal_adc.o(i.HAL_ADC_PollForConversion)
    HAL_ADC_Start                            0x08000841   Thumb Code   228  stm32f4xx_hal_adc.o(i.HAL_ADC_Start)
    HAL_ADC_Stop                             0x0800093d   Thumb Code    60  stm32f4xx_hal_adc.o(i.HAL_ADC_Stop)
    HAL_DMA_Abort                            0x08000979   Thumb Code   146  stm32f4xx_hal_dma.o(i.HAL_DMA_Abort)
    HAL_DMA_Abort_IT                         0x08000a0b   Thumb Code    36  stm32f4xx_hal_dma.o(i.HAL_DMA_Abort_IT)
    HAL_Delay                                0x08000a31   Thumb Code    32  stm32f4xx_hal.o(i.HAL_Delay)
    HAL_GPIO_Init                            0x08000a55   Thumb Code   450  stm32f4xx_hal_gpio.o(i.HAL_GPIO_Init)
    HAL_GPIO_ReadPin                         0x08000c45   Thumb Code    10  stm32f4xx_hal_gpio.o(i.HAL_GPIO_ReadPin)
    HAL_GPIO_WritePin                        0x08000c4f   Thumb Code    10  stm32f4xx_hal_gpio.o(i.HAL_GPIO_WritePin)
    HAL_GetTick                              0x08000c59   Thumb Code     6  stm32f4xx_hal.o(i.HAL_GetTick)
    HAL_IncTick                              0x08000c65   Thumb Code    12  stm32f4xx_hal.o(i.HAL_IncTick)
    HAL_Init                                 0x08000c75   Thumb Code    48  stm32f4xx_hal.o(i.HAL_Init)
    HAL_InitTick                             0x08000ca9   Thumb Code    54  stm32f4xx_hal.o(i.HAL_InitTick)
    HAL_MspInit                              0x08000ce9   Thumb Code    42  stm32f4xx_hal_msp.o(i.HAL_MspInit)
    HAL_NVIC_EnableIRQ                       0x08000d19   Thumb Code    26  stm32f4xx_hal_cortex.o(i.HAL_NVIC_EnableIRQ)
    HAL_NVIC_SetPriority                     0x08000d35   Thumb Code    60  stm32f4xx_hal_cortex.o(i.HAL_NVIC_SetPriority)
    HAL_NVIC_SetPriorityGrouping             0x08000d75   Thumb Code    26  stm32f4xx_hal_cortex.o(i.HAL_NVIC_SetPriorityGrouping)
    HAL_RCC_ClockConfig                      0x08000d99   Thumb Code   288  stm32f4xx_hal_rcc.o(i.HAL_RCC_ClockConfig)
    HAL_RCC_GetPCLK1Freq                     0x08000ecd   Thumb Code    20  stm32f4xx_hal_rcc.o(i.HAL_RCC_GetPCLK1Freq)
    HAL_RCC_GetPCLK2Freq                     0x08000eed   Thumb Code    20  stm32f4xx_hal_rcc.o(i.HAL_RCC_GetPCLK2Freq)
    HAL_RCC_GetSysClockFreq                  0x08000f0d   Thumb Code    88  stm32f4xx_hal_rcc.o(i.HAL_RCC_GetSysClockFreq)
    HAL_RCC_OscConfig                        0x08000f6d   Thumb Code   856  stm32f4xx_hal_rcc.o(i.HAL_RCC_OscConfig)
    HAL_SPI_Init                             0x080012d9   Thumb Code   188  stm32f4xx_hal_spi.o(i.HAL_SPI_Init)
    HAL_SPI_MspInit                          0x08001395   Thumb Code    92  spi.o(i.HAL_SPI_MspInit)
    HAL_SPI_Transmit                         0x080013fd   Thumb Code   358  stm32f4xx_hal_spi.o(i.HAL_SPI_Transmit)
    HAL_SPI_TransmitReceive                  0x08001563   Thumb Code   482  stm32f4xx_hal_spi.o(i.HAL_SPI_TransmitReceive)
    HAL_SYSTICK_Config                       0x08001745   Thumb Code    40  stm32f4xx_hal_cortex.o(i.HAL_SYSTICK_Config)
    HAL_TIMEx_ConfigBreakDeadTime            0x0800176d   Thumb Code    84  stm32f4xx_hal_tim_ex.o(i.HAL_TIMEx_ConfigBreakDeadTime)
    HAL_TIMEx_MasterConfigSynchronization    0x080017c1   Thumb Code   116  stm32f4xx_hal_tim_ex.o(i.HAL_TIMEx_MasterConfigSynchronization)
    HAL_TIM_Base_Init                        0x08001851   Thumb Code    90  stm32f4xx_hal_tim.o(i.HAL_TIM_Base_Init)
    HAL_TIM_Base_MspInit                     0x080018ad   Thumb Code    30  tim.o(i.HAL_TIM_Base_MspInit)
    HAL_TIM_ConfigClockSource                0x080018d5   Thumb Code   220  stm32f4xx_hal_tim.o(i.HAL_TIM_ConfigClockSource)
    HAL_TIM_MspPostInit                      0x080019b1   Thumb Code    72  tim.o(i.HAL_TIM_MspPostInit)
    HAL_TIM_PWM_ConfigChannel                0x08001a05   Thumb Code   204  stm32f4xx_hal_tim.o(i.HAL_TIM_PWM_ConfigChannel)
    HAL_TIM_PWM_Init                         0x08001ad1   Thumb Code    90  stm32f4xx_hal_tim.o(i.HAL_TIM_PWM_Init)
    HAL_TIM_PWM_MspInit                      0x08001b2b   Thumb Code     2  stm32f4xx_hal_tim.o(i.HAL_TIM_PWM_MspInit)
    HAL_TIM_PWM_Start                        0x08001b2d   Thumb Code   172  stm32f4xx_hal_tim.o(i.HAL_TIM_PWM_Start)
    HAL_UARTEx_RxEventCallback               0x08001bf5   Thumb Code     2  stm32f4xx_hal_uart.o(i.HAL_UARTEx_RxEventCallback)
    HAL_UART_ErrorCallback                   0x08001bf7   Thumb Code     2  stm32f4xx_hal_uart.o(i.HAL_UART_ErrorCallback)
    HAL_UART_IRQHandler                      0x08001bf9   Thumb Code   610  stm32f4xx_hal_uart.o(i.HAL_UART_IRQHandler)
    HAL_UART_Init                            0x08001e61   Thumb Code    98  stm32f4xx_hal_uart.o(i.HAL_UART_Init)
    HAL_UART_MspInit                         0x08001ec5   Thumb Code   232  usart.o(i.HAL_UART_MspInit)
    HAL_UART_Receive_IT                      0x08001fbd   Thumb Code    42  stm32f4xx_hal_uart.o(i.HAL_UART_Receive_IT)
    HAL_UART_RxCpltCallback                  0x08001fe9   Thumb Code   674  main.o(i.HAL_UART_RxCpltCallback)
    HAL_UART_Transmit                        0x080022e1   Thumb Code   178  stm32f4xx_hal_uart.o(i.HAL_UART_Transmit)
    HAL_UART_TxCpltCallback                  0x08002393   Thumb Code     2  stm32f4xx_hal_uart.o(i.HAL_UART_TxCpltCallback)
    HardFault_Handler                        0x08002395   Thumb Code     2  stm32f4xx_it.o(i.HardFault_Handler)
    MX_ADC1_Init                             0x08002399   Thumb Code    88  adc.o(i.MX_ADC1_Init)
    MX_GPIO_Init                             0x080023fd   Thumb Code   146  gpio.o(i.MX_GPIO_Init)
    MX_SPI1_Init                             0x0800249d   Thumb Code    62  spi.o(i.MX_SPI1_Init)
    MX_TIM8_Init                             0x080024e5   Thumb Code   240  tim.o(i.MX_TIM8_Init)
    MX_UART4_Init                            0x080025dd   Thumb Code    54  usart.o(i.MX_UART4_Init)
    MX_USART1_UART_Init                      0x08002621   Thumb Code    48  usart.o(i.MX_USART1_UART_Init)
    MemManage_Handler                        0x08002659   Thumb Code     2  stm32f4xx_it.o(i.MemManage_Handler)
    NMI_Handler                              0x0800265b   Thumb Code     2  stm32f4xx_it.o(i.NMI_Handler)
    PendSV_Handler                           0x0800265d   Thumb Code     2  stm32f4xx_it.o(i.PendSV_Handler)
    SVC_Handler                              0x08002771   Thumb Code     2  stm32f4xx_it.o(i.SVC_Handler)
    Scheduler_init                           0x08002775   Thumb Code     8  scheduler.o(i.Scheduler_init)
    Scheduler_run                            0x08002781   Thumb Code    54  scheduler.o(i.Scheduler_run)
    SysTick_Handler                          0x080027bd   Thumb Code     4  stm32f4xx_it.o(i.SysTick_Handler)
    SystemClock_Config                       0x080027c1   Thumb Code   138  main.o(i.SystemClock_Config)
    SystemInit                               0x08002855   Thumb Code    12  system_stm32f4xx.o(i.SystemInit)
    TIM_Base_SetConfig                       0x08002865   Thumb Code   156  stm32f4xx_hal_tim.o(i.TIM_Base_SetConfig)
    TIM_CCxChannelCmd                        0x0800292d   Thumb Code    26  stm32f4xx_hal_tim.o(i.TIM_CCxChannelCmd)
    TIM_ETR_SetConfig                        0x08002947   Thumb Code    20  stm32f4xx_hal_tim.o(i.TIM_ETR_SetConfig)
    TIM_OC2_SetConfig                        0x080029cd   Thumb Code    98  stm32f4xx_hal_tim.o(i.TIM_OC2_SetConfig)
    UART4_IRQHandler                         0x08002b39   Thumb Code     6  stm32f4xx_it.o(i.UART4_IRQHandler)
    UART_Start_Receive_IT                    0x08002d71   Thumb Code    54  stm32f4xx_hal_uart.o(i.UART_Start_Receive_IT)
    USART1_IRQHandler                        0x08002e21   Thumb Code     6  stm32f4xx_it.o(i.USART1_IRQHandler)
    UsageFault_Handler                       0x08002e2d   Thumb Code     2  stm32f4xx_it.o(i.UsageFault_Handler)
    __ARM_fpclassify                         0x08002e2f   Thumb Code    48  fpclassify.o(i.__ARM_fpclassify)
    __hardfp_asin                            0x08002e81   Thumb Code   770  asin.o(i.__hardfp_asin)
    __hardfp_atan                            0x080031e1   Thumb Code   622  atan.o(i.__hardfp_atan)
    __hardfp_atan2                           0x080034b9   Thumb Code   432  atan2.o(i.__hardfp_atan2)
    __kernel_poly                            0x080036a9   Thumb Code   248  poly.o(i.__kernel_poly)
    __mathlib_dbl_infnan                     0x080037a1   Thumb Code    20  dunder.o(i.__mathlib_dbl_infnan)
    __mathlib_dbl_infnan2                    0x080037b5   Thumb Code    20  dunder.o(i.__mathlib_dbl_infnan2)
    __mathlib_dbl_invalid                    0x080037c9   Thumb Code    24  dunder.o(i.__mathlib_dbl_invalid)
    __mathlib_dbl_underflow                  0x080037e9   Thumb Code    24  dunder.o(i.__mathlib_dbl_underflow)
    atan                                     0x08003809   Thumb Code    16  atan.o(i.atan)
    fabs                                     0x08003819   Thumb Code    24  fabs.o(i.fabs)
    get_eulerAngle                           0x08003831   Thumb Code   312  icm20602.o(i.get_eulerAngle)
    get_icm20602_accdata_spi                 0x08003981   Thumb Code    44  icm20602.o(i.get_icm20602_accdata_spi)
    get_icm20602_gyro_spi                    0x080039b1   Thumb Code    44  icm20602.o(i.get_icm20602_gyro_spi)
    gyroOffsetInit                           0x080039e1   Thumb Code   156  icm20602.o(i.gyroOffsetInit)
    icm20602_init_spi                        0x08003a8d   Thumb Code   106  icm20602.o(i.icm20602_init_spi)
    icm20602_self_check                      0x08003af7   Thumb Code    32  icm20602.o(i.icm20602_self_check)
    icm20602_update                          0x08003b19   Thumb Code   136  icm20602.o(i.icm20602_update)
    icmAHRSupdate                            0x08003ba9   Thumb Code   438  icm20602.o(i.icmAHRSupdate)
    icmGetValues                             0x08003d69   Thumb Code   238  icm20602.o(i.icmGetValues)
    icm_spi_r_reg_byte                       0x08003e79   Thumb Code    68  icm20602.o(i.icm_spi_r_reg_byte)
    icm_spi_r_reg_bytes                      0x08003ec5   Thumb Code    50  icm20602.o(i.icm_spi_r_reg_bytes)
    icm_spi_w_reg_byte                       0x08003f01   Thumb Code    52  icm20602.o(i.icm_spi_w_reg_byte)
    init_flightcontrol                       0x08003f3d   Thumb Code    88  flightcontrol.o(i.init_flightcontrol)
    led_blink                                0x08003fa9   Thumb Code    32  led.o(i.led_blink)
    main                                     0x08003fcd   Thumb Code    82  main.o(i.main)
    motor_init                               0x0800402d   Thumb Code    98  motor.o(i.motor_init)
    motor_speed_update                       0x08004099   Thumb Code    30  motor.o(i.motor_speed_update)
    myRsqrt                                  0x080040c1   Thumb Code    56  icm20602.o(i.myRsqrt)
    sbus_update                              0x080040fd   Thumb Code   330  sbus.o(i.sbus_update)
    send_channels                            0x08004251   Thumb Code     2  sbus.o(i.send_channels)
    sqrt                                     0x08004253   Thumb Code   110  sqrt.o(i.sqrt)
    update_flightcontrol                     0x080042c1   Thumb Code   358  flightcontrol.o(i.update_flightcontrol)
    update_pid                               0x08004459   Thumb Code   114  pid.o(i.update_pid)
    voltage_read                             0x080044cd   Thumb Code   120  voltage.o(i.voltage_read)
    __aeabi_dneg                             0x0800455d   Thumb Code     0  basic.o(x$fpl$basic)
    _dneg                                    0x0800455d   Thumb Code     6  basic.o(x$fpl$basic)
    __aeabi_fneg                             0x08004563   Thumb Code     0  basic.o(x$fpl$basic)
    _fneg                                    0x08004563   Thumb Code     6  basic.o(x$fpl$basic)
    _dabs                                    0x08004569   Thumb Code     6  basic.o(x$fpl$basic)
    _fabs                                    0x0800456f   Thumb Code     6  basic.o(x$fpl$basic)
    __aeabi_d2f                              0x08004575   Thumb Code     0  d2f.o(x$fpl$d2f)
    _d2f                                     0x08004575   Thumb Code    98  d2f.o(x$fpl$d2f)
    __aeabi_dadd                             0x080045d9   Thumb Code     0  daddsub_clz.o(x$fpl$dadd)
    _dadd                                    0x080045d9   Thumb Code   332  daddsub_clz.o(x$fpl$dadd)
    __aeabi_ddiv                             0x08004729   Thumb Code     0  ddiv.o(x$fpl$ddiv)
    _ddiv                                    0x08004729   Thumb Code   552  ddiv.o(x$fpl$ddiv)
    __aeabi_ui2d                             0x080049d9   Thumb Code     0  dflt_clz.o(x$fpl$dfltu)
    _dfltu                                   0x080049d9   Thumb Code    38  dflt_clz.o(x$fpl$dfltu)
    __aeabi_dmul                             0x08004a01   Thumb Code     0  dmul.o(x$fpl$dmul)
    _dmul                                    0x08004a01   Thumb Code   332  dmul.o(x$fpl$dmul)
    __fpl_dnaninf                            0x08004b55   Thumb Code   156  dnaninf.o(x$fpl$dnaninf)
    __fpl_dretinf                            0x08004bf1   Thumb Code    12  dretinf.o(x$fpl$dretinf)
    __aeabi_drsub                            0x08004bfd   Thumb Code     0  daddsub_clz.o(x$fpl$drsb)
    _drsb                                    0x08004bfd   Thumb Code    22  daddsub_clz.o(x$fpl$drsb)
    _dsqrt                                   0x08004c15   Thumb Code   404  dsqrt_umaal.o(x$fpl$dsqrt)
    __aeabi_dsub                             0x08004dad   Thumb Code     0  daddsub_clz.o(x$fpl$dsub)
    _dsub                                    0x08004dad   Thumb Code   464  daddsub_clz.o(x$fpl$dsub)
    __aeabi_f2d                              0x08004f81   Thumb Code     0  f2d.o(x$fpl$f2d)
    _f2d                                     0x08004f81   Thumb Code    86  f2d.o(x$fpl$f2d)
    __fpl_fnaninf                            0x08004fd7   Thumb Code   140  fnaninf.o(x$fpl$fnaninf)
    _fp_init                                 0x08005063   Thumb Code    10  fpinit.o(x$fpl$fpinit)
    __fplib_config_fpu_vfp                   0x0800506b   Thumb Code     0  fpinit.o(x$fpl$fpinit)
    __fplib_config_pureend_doubles           0x0800506b   Thumb Code     0  fpinit.o(x$fpl$fpinit)
    __fpl_fretinf                            0x0800506d   Thumb Code    10  fretinf.o(x$fpl$fretinf)
    AHBPrescTable                            0x08005076   Data          16  system_stm32f4xx.o(.constdata)
    __I$use$fp                               0x08005076   Number         0  usenofp.o(x$fpl$usenofp)
    APBPrescTable                            0x08005086   Data           8  system_stm32f4xx.o(.constdata)
    __mathlib_zero                           0x08005178   Data           8  qnan.o(.constdata)
    Region$$Table$$Base                      0x08005180   Number         0  anon$$obj.o(Region$$Table)
    Region$$Table$$Limit                     0x080051a0   Number         0  anon$$obj.o(Region$$Table)
    task_num                                 0x20000000   Data           1  scheduler.o(.data)
    voltage_10                               0x20000058   Data           1  voltage.o(.data)
    adcData                                  0x2000005a   Data           2  voltage.o(.data)
    voltage_ratio                            0x2000005c   Data           4  voltage.o(.data)
    voltage                                  0x20000060   Data           4  voltage.o(.data)
    motorA_speed                             0x20000064   Data           2  motor.o(.data)
    motorB_speed                             0x20000066   Data           2  motor.o(.data)
    motorC_speed                             0x20000068   Data           2  motor.o(.data)
    motorD_speed                             0x2000006a   Data           2  motor.o(.data)
    send_channels_data                       0x2000006c   Data          21  sbus.o(.data)
    sendflag                                 0x20000084   Data           1  icm20602.o(.data)
    rollint16                                0x20000086   Data           2  icm20602.o(.data)
    pitchint16                               0x20000088   Data           2  icm20602.o(.data)
    yawint16                                 0x2000008a   Data           2  icm20602.o(.data)
    icm_gyro_x                               0x2000008c   Data           2  icm20602.o(.data)
    icm_gyro_y                               0x2000008e   Data           2  icm20602.o(.data)
    icm_gyro_z                               0x20000090   Data           2  icm20602.o(.data)
    icm_acc_x                                0x20000092   Data           2  icm20602.o(.data)
    icm_acc_y                                0x20000094   Data           2  icm20602.o(.data)
    icm_acc_z                                0x20000096   Data           2  icm20602.o(.data)
    icm_kp                                   0x20000098   Data           4  icm20602.o(.data)
    icm_ki                                   0x2000009c   Data           4  icm20602.o(.data)
    I_ex                                     0x200000a0   Data           4  icm20602.o(.data)
    I_ey                                     0x200000a4   Data           4  icm20602.o(.data)
    I_ez                                     0x200000a8   Data           4  icm20602.o(.data)
    roll                                     0x200000ac   Data           4  icm20602.o(.data)
    pitch                                    0x200000b0   Data           4  icm20602.o(.data)
    yaw                                      0x200000b4   Data           4  icm20602.o(.data)
    send_attitude                            0x200000b8   Data          11  icm20602.o(.data)
    Q_info                                   0x200000c4   Data          16  icm20602.o(.data)
    rx_size1                                 0x200000d4   Data           1  main.o(.data)
    data_size1                               0x200000d5   Data           1  main.o(.data)
    rx_size4                                 0x200000d6   Data           1  main.o(.data)
    send_pid                                 0x200000d7   Data          23  main.o(.data)
    motorstop_flag                           0x200000f0   Data           1  flightcontrol.o(.data)
    pidoutthrottle                           0x200000f4   Data           4  flightcontrol.o(.data)
    pidoutroll                               0x200000f8   Data           4  flightcontrol.o(.data)
    pidoutpitch                              0x200000fc   Data           4  flightcontrol.o(.data)
    pidoutyaw                                0x20000100   Data           4  flightcontrol.o(.data)
    integral_roll                            0x20000104   Data           4  flightcontrol.o(.data)
    integral_pitch                           0x20000108   Data           4  flightcontrol.o(.data)
    integral_yaw                             0x2000010c   Data           4  flightcontrol.o(.data)
    lasterr_roll                             0x20000110   Data           4  flightcontrol.o(.data)
    lasterr_pitch                            0x20000114   Data           4  flightcontrol.o(.data)
    lasterr_yaw                              0x20000118   Data           4  flightcontrol.o(.data)
    roll_P                                   0x2000011c   Data           4  flightcontrol.o(.data)
    roll_I                                   0x20000120   Data           4  flightcontrol.o(.data)
    roll_D                                   0x20000124   Data           4  flightcontrol.o(.data)
    pitch_P                                  0x20000128   Data           4  flightcontrol.o(.data)
    pitch_I                                  0x2000012c   Data           4  flightcontrol.o(.data)
    pitch_D                                  0x20000130   Data           4  flightcontrol.o(.data)
    yaw_P                                    0x20000134   Data           4  flightcontrol.o(.data)
    yaw_I                                    0x20000138   Data           4  flightcontrol.o(.data)
    yaw_D                                    0x2000013c   Data           4  flightcontrol.o(.data)
    desire_roll                              0x20000140   Data           4  flightcontrol.o(.data)
    desire_pitch                             0x20000144   Data           4  flightcontrol.o(.data)
    desire_yaw                               0x20000148   Data           4  flightcontrol.o(.data)
    uwTickFreq                               0x2000014c   Data           1  stm32f4xx_hal.o(.data)
    uwTickPrio                               0x20000150   Data           4  stm32f4xx_hal.o(.data)
    uwTick                                   0x20000154   Data           4  stm32f4xx_hal.o(.data)
    SystemCoreClock                          0x20000158   Data           4  system_stm32f4xx.o(.data)
    sbus_original_data                       0x2000015c   Data          25  sbus.o(.bss)
    sbus_ch                                  0x20000176   Data          32  sbus.o(.bss)
    eulerAngle                               0x20000198   Data          12  icm20602.o(.bss)
    icm_data                                 0x200001a4   Data          24  icm20602.o(.bss)
    GyroOffset                               0x200001bc   Data          12  icm20602.o(.bss)
    rx_data1                                 0x200001c8   Data         128  main.o(.bss)
    rx_data4                                 0x20000248   Data         128  main.o(.bss)
    hadc1                                    0x200002c8   Data          72  adc.o(.bss)
    hspi1                                    0x20000310   Data          88  spi.o(.bss)
    htim8                                    0x20000368   Data          72  tim.o(.bss)
    huart4                                   0x200003b0   Data          68  usart.o(.bss)
    huart1                                   0x200003f4   Data          68  usart.o(.bss)
    __libspace_start                         0x20000438   Data          96  libspace.o(.bss)
    __temporary_stack_top$libspace           0x20000498   Data           0  libspace.o(.bss)



==============================================================================

Memory Map of the image

  Image Entry point : 0x08000189

  Load Region LR_IROM1 (Base: 0x08000000, Size: 0x000052fc, Max: 0x00100000, ABSOLUTE, COMPRESSED[0x000051f8])

    Execution Region ER_IROM1 (Base: 0x08000000, Size: 0x000051a0, Max: 0x00100000, ABSOLUTE)

    Base Addr    Size         Type   Attr      Idx    E Section Name        Object

    0x08000000   0x00000188   Data   RO            3    RESET               startup_stm32f405xx.o
    0x08000188   0x00000008   Code   RO         3934  * !!!main             c_w.l(__main.o)
    0x08000190   0x00000034   Code   RO         4226    !!!scatter          c_w.l(__scatter.o)
    0x080001c4   0x0000003a   Code   RO         4224    !!dczerorl          c_w.l(__dczerorl.o)
    0x080001fe   0x00000002   PAD
    0x08000200   0x0000001c   Code   RO         4228    !!handler_zi        c_w.l(__scatter_zi.o)
    0x0800021c   0x00000002   Code   RO         4095    .ARM.Collect$$libinit$$00000000  c_w.l(libinit.o)
    0x0800021e   0x00000004   Code   RO         4106    .ARM.Collect$$libinit$$00000001  c_w.l(libinit2.o)
    0x08000222   0x00000000   Code   RO         4109    .ARM.Collect$$libinit$$00000004  c_w.l(libinit2.o)
    0x08000222   0x00000000   Code   RO         4112    .ARM.Collect$$libinit$$0000000A  c_w.l(libinit2.o)
    0x08000222   0x00000000   Code   RO         4114    .ARM.Collect$$libinit$$0000000C  c_w.l(libinit2.o)
    0x08000222   0x00000000   Code   RO         4116    .ARM.Collect$$libinit$$0000000E  c_w.l(libinit2.o)
    0x08000222   0x00000000   Code   RO         4119    .ARM.Collect$$libinit$$00000011  c_w.l(libinit2.o)
    0x08000222   0x00000000   Code   RO         4121    .ARM.Collect$$libinit$$00000013  c_w.l(libinit2.o)
    0x08000222   0x00000000   Code   RO         4123    .ARM.Collect$$libinit$$00000015  c_w.l(libinit2.o)
    0x08000222   0x00000000   Code   RO         4125    .ARM.Collect$$libinit$$00000017  c_w.l(libinit2.o)
    0x08000222   0x00000000   Code   RO         4127    .ARM.Collect$$libinit$$00000019  c_w.l(libinit2.o)
    0x08000222   0x00000000   Code   RO         4129    .ARM.Collect$$libinit$$0000001B  c_w.l(libinit2.o)
    0x08000222   0x00000000   Code   RO         4131    .ARM.Collect$$libinit$$0000001D  c_w.l(libinit2.o)
    0x08000222   0x00000000   Code   RO         4133    .ARM.Collect$$libinit$$0000001F  c_w.l(libinit2.o)
    0x08000222   0x00000000   Code   RO         4135    .ARM.Collect$$libinit$$00000021  c_w.l(libinit2.o)
    0x08000222   0x00000000   Code   RO         4137    .ARM.Collect$$libinit$$00000023  c_w.l(libinit2.o)
    0x08000222   0x00000000   Code   RO         4139    .ARM.Collect$$libinit$$00000025  c_w.l(libinit2.o)
    0x08000222   0x00000000   Code   RO         4143    .ARM.Collect$$libinit$$0000002C  c_w.l(libinit2.o)
    0x08000222   0x00000000   Code   RO         4145    .ARM.Collect$$libinit$$0000002E  c_w.l(libinit2.o)
    0x08000222   0x00000000   Code   RO         4147    .ARM.Collect$$libinit$$00000030  c_w.l(libinit2.o)
    0x08000222   0x00000000   Code   RO         4149    .ARM.Collect$$libinit$$00000032  c_w.l(libinit2.o)
    0x08000222   0x00000002   Code   RO         4150    .ARM.Collect$$libinit$$00000033  c_w.l(libinit2.o)
    0x08000224   0x00000002   Code   RO         4181    .ARM.Collect$$libshutdown$$00000000  c_w.l(libshutdown.o)
    0x08000226   0x00000000   Code   RO         4207    .ARM.Collect$$libshutdown$$00000002  c_w.l(libshutdown2.o)
    0x08000226   0x00000000   Code   RO         4209    .ARM.Collect$$libshutdown$$00000004  c_w.l(libshutdown2.o)
    0x08000226   0x00000000   Code   RO         4212    .ARM.Collect$$libshutdown$$00000007  c_w.l(libshutdown2.o)
    0x08000226   0x00000000   Code   RO         4215    .ARM.Collect$$libshutdown$$0000000A  c_w.l(libshutdown2.o)
    0x08000226   0x00000000   Code   RO         4217    .ARM.Collect$$libshutdown$$0000000C  c_w.l(libshutdown2.o)
    0x08000226   0x00000000   Code   RO         4220    .ARM.Collect$$libshutdown$$0000000F  c_w.l(libshutdown2.o)
    0x08000226   0x00000002   Code   RO         4221    .ARM.Collect$$libshutdown$$00000010  c_w.l(libshutdown2.o)
    0x08000228   0x00000000   Code   RO         3978    .ARM.Collect$$rtentry$$00000000  c_w.l(__rtentry.o)
    0x08000228   0x00000000   Code   RO         4054    .ARM.Collect$$rtentry$$00000002  c_w.l(__rtentry2.o)
    0x08000228   0x00000006   Code   RO         4066    .ARM.Collect$$rtentry$$00000004  c_w.l(__rtentry4.o)
    0x0800022e   0x00000000   Code   RO         4056    .ARM.Collect$$rtentry$$00000009  c_w.l(__rtentry2.o)
    0x0800022e   0x00000004   Code   RO         4057    .ARM.Collect$$rtentry$$0000000A  c_w.l(__rtentry2.o)
    0x08000232   0x00000000   Code   RO         4059    .ARM.Collect$$rtentry$$0000000C  c_w.l(__rtentry2.o)
    0x08000232   0x00000008   Code   RO         4060    .ARM.Collect$$rtentry$$0000000D  c_w.l(__rtentry2.o)
    0x0800023a   0x00000002   Code   RO         4098    .ARM.Collect$$rtexit$$00000000  c_w.l(rtexit.o)
    0x0800023c   0x00000000   Code   RO         4154    .ARM.Collect$$rtexit$$00000002  c_w.l(rtexit2.o)
    0x0800023c   0x00000004   Code   RO         4155    .ARM.Collect$$rtexit$$00000003  c_w.l(rtexit2.o)
    0x08000240   0x00000006   Code   RO         4156    .ARM.Collect$$rtexit$$00000004  c_w.l(rtexit2.o)
    0x08000246   0x00000002   PAD
    0x08000248   0x00000040   Code   RO            4    .text               startup_stm32f405xx.o
    0x08000288   0x000000ee   Code   RO         3928    .text               c_w.l(lludivv7m.o)
    0x08000376   0x0000004e   Code   RO         3930    .text               c_w.l(rt_memclr_w.o)
    0x080003c4   0x00000006   Code   RO         3932    .text               c_w.l(heapauxi.o)
    0x080003ca   0x00000016   Code   RO         3983    .text               c_w.l(_rserrno.o)
    0x080003e0   0x00000008   Code   RO         4073    .text               c_w.l(rt_errno_addr_intlibspace.o)
    0x080003e8   0x00000008   Code   RO         4079    .text               c_w.l(libspace.o)
    0x080003f0   0x0000004a   Code   RO         4082    .text               c_w.l(sys_stackheap_outer.o)
    0x0800043a   0x00000012   Code   RO         4084    .text               c_w.l(exit.o)
    0x0800044c   0x0000000c   Code   RO         4151    .text               c_w.l(sys_exit.o)
    0x08000458   0x00000002   Code   RO         4170    .text               c_w.l(use_no_semi.o)
    0x0800045a   0x00000000   Code   RO         4172    .text               c_w.l(indicate_semi.o)
    0x0800045a   0x00000002   PAD
    0x0800045c   0x00000128   Code   RO          832    i.ADC_Init          stm32f4xx_hal_adc.o
    0x08000584   0x00000002   Code   RO          668    i.BusFault_Handler  stm32f4xx_it.o
    0x08000586   0x00000002   Code   RO          669    i.DebugMon_Handler  stm32f4xx_it.o
    0x08000588   0x00000004   Code   RO          418    i.Error_Handler     main.o
    0x0800058c   0x0000014c   Code   RO          834    i.HAL_ADC_ConfigChannel  stm32f4xx_hal_adc.o
    0x080006d8   0x00000006   Code   RO          841    i.HAL_ADC_GetValue  stm32f4xx_hal_adc.o
    0x080006de   0x00000054   Code   RO          843    i.HAL_ADC_Init      stm32f4xx_hal_adc.o
    0x08000732   0x00000002   PAD
    0x08000734   0x00000060   Code   RO          489    i.HAL_ADC_MspInit   adc.o
    0x08000794   0x000000aa   Code   RO          847    i.HAL_ADC_PollForConversion  stm32f4xx_hal_adc.o
    0x0800083e   0x00000002   PAD
    0x08000840   0x000000fc   Code   RO          849    i.HAL_ADC_Start     stm32f4xx_hal_adc.o
    0x0800093c   0x0000003c   Code   RO          852    i.HAL_ADC_Stop      stm32f4xx_hal_adc.o
    0x08000978   0x00000092   Code   RO         1569    i.HAL_DMA_Abort     stm32f4xx_hal_dma.o
    0x08000a0a   0x00000024   Code   RO         1570    i.HAL_DMA_Abort_IT  stm32f4xx_hal_dma.o
    0x08000a2e   0x00000002   PAD
    0x08000a30   0x00000024   Code   RO         1988    i.HAL_Delay         stm32f4xx_hal.o
    0x08000a54   0x000001f0   Code   RO         1462    i.HAL_GPIO_Init     stm32f4xx_hal_gpio.o
    0x08000c44   0x0000000a   Code   RO         1464    i.HAL_GPIO_ReadPin  stm32f4xx_hal_gpio.o
    0x08000c4e   0x0000000a   Code   RO         1466    i.HAL_GPIO_WritePin  stm32f4xx_hal_gpio.o
    0x08000c58   0x0000000c   Code   RO         1994    i.HAL_GetTick       stm32f4xx_hal.o
    0x08000c64   0x00000010   Code   RO         2000    i.HAL_IncTick       stm32f4xx_hal.o
    0x08000c74   0x00000034   Code   RO         2001    i.HAL_Init          stm32f4xx_hal.o
    0x08000ca8   0x00000040   Code   RO         2002    i.HAL_InitTick      stm32f4xx_hal.o
    0x08000ce8   0x00000030   Code   RO          756    i.HAL_MspInit       stm32f4xx_hal_msp.o
    0x08000d18   0x0000001a   Code   RO         1851    i.HAL_NVIC_EnableIRQ  stm32f4xx_hal_cortex.o
    0x08000d32   0x00000002   PAD
    0x08000d34   0x00000040   Code   RO         1857    i.HAL_NVIC_SetPriority  stm32f4xx_hal_cortex.o
    0x08000d74   0x00000024   Code   RO         1858    i.HAL_NVIC_SetPriorityGrouping  stm32f4xx_hal_cortex.o
    0x08000d98   0x00000134   Code   RO         1108    i.HAL_RCC_ClockConfig  stm32f4xx_hal_rcc.o
    0x08000ecc   0x00000020   Code   RO         1115    i.HAL_RCC_GetPCLK1Freq  stm32f4xx_hal_rcc.o
    0x08000eec   0x00000020   Code   RO         1116    i.HAL_RCC_GetPCLK2Freq  stm32f4xx_hal_rcc.o
    0x08000f0c   0x00000060   Code   RO         1117    i.HAL_RCC_GetSysClockFreq  stm32f4xx_hal_rcc.o
    0x08000f6c   0x0000036c   Code   RO         1120    i.HAL_RCC_OscConfig  stm32f4xx_hal_rcc.o
    0x080012d8   0x000000bc   Code   RO         2250    i.HAL_SPI_Init      stm32f4xx_hal_spi.o
    0x08001394   0x00000068   Code   RO          531    i.HAL_SPI_MspInit   spi.o
    0x080013fc   0x00000166   Code   RO         2258    i.HAL_SPI_Transmit  stm32f4xx_hal_spi.o
    0x08001562   0x000001e2   Code   RO         2259    i.HAL_SPI_TransmitReceive  stm32f4xx_hal_spi.o
    0x08001744   0x00000028   Code   RO         1862    i.HAL_SYSTICK_Config  stm32f4xx_hal_cortex.o
    0x0800176c   0x00000054   Code   RO         3270    i.HAL_TIMEx_ConfigBreakDeadTime  stm32f4xx_hal_tim_ex.o
    0x080017c0   0x00000090   Code   RO         3286    i.HAL_TIMEx_MasterConfigSynchronization  stm32f4xx_hal_tim_ex.o
    0x08001850   0x0000005a   Code   RO         2563    i.HAL_TIM_Base_Init  stm32f4xx_hal_tim.o
    0x080018aa   0x00000002   PAD
    0x080018ac   0x00000028   Code   RO          573    i.HAL_TIM_Base_MspInit  tim.o
    0x080018d4   0x000000dc   Code   RO         2572    i.HAL_TIM_ConfigClockSource  stm32f4xx_hal_tim.o
    0x080019b0   0x00000054   Code   RO          574    i.HAL_TIM_MspPostInit  tim.o
    0x08001a04   0x000000cc   Code   RO         2635    i.HAL_TIM_PWM_ConfigChannel  stm32f4xx_hal_tim.o
    0x08001ad0   0x0000005a   Code   RO         2638    i.HAL_TIM_PWM_Init  stm32f4xx_hal_tim.o
    0x08001b2a   0x00000002   Code   RO         2640    i.HAL_TIM_PWM_MspInit  stm32f4xx_hal_tim.o
    0x08001b2c   0x000000c8   Code   RO         2643    i.HAL_TIM_PWM_Start  stm32f4xx_hal_tim.o
    0x08001bf4   0x00000002   Code   RO         3545    i.HAL_UARTEx_RxEventCallback  stm32f4xx_hal_uart.o
    0x08001bf6   0x00000002   Code   RO         3559    i.HAL_UART_ErrorCallback  stm32f4xx_hal_uart.o
    0x08001bf8   0x00000268   Code   RO         3562    i.HAL_UART_IRQHandler  stm32f4xx_hal_uart.o
    0x08001e60   0x00000062   Code   RO         3563    i.HAL_UART_Init     stm32f4xx_hal_uart.o
    0x08001ec2   0x00000002   PAD
    0x08001ec4   0x000000f8   Code   RO          621    i.HAL_UART_MspInit  usart.o
    0x08001fbc   0x0000002a   Code   RO         3568    i.HAL_UART_Receive_IT  stm32f4xx_hal_uart.o
    0x08001fe6   0x00000002   PAD
    0x08001fe8   0x000002f8   Code   RO          419    i.HAL_UART_RxCpltCallback  main.o
    0x080022e0   0x000000b2   Code   RO         3571    i.HAL_UART_Transmit  stm32f4xx_hal_uart.o
    0x08002392   0x00000002   Code   RO         3574    i.HAL_UART_TxCpltCallback  stm32f4xx_hal_uart.o
    0x08002394   0x00000002   Code   RO          670    i.HardFault_Handler  stm32f4xx_it.o
    0x08002396   0x00000002   PAD
    0x08002398   0x00000064   Code   RO          490    i.MX_ADC1_Init      adc.o
    0x080023fc   0x000000a0   Code   RO          464    i.MX_GPIO_Init      gpio.o
    0x0800249c   0x00000048   Code   RO          532    i.MX_SPI1_Init      spi.o
    0x080024e4   0x000000f8   Code   RO          575    i.MX_TIM8_Init      tim.o
    0x080025dc   0x00000044   Code   RO          622    i.MX_UART4_Init     usart.o
    0x08002620   0x00000038   Code   RO          623    i.MX_USART1_UART_Init  usart.o
    0x08002658   0x00000002   Code   RO          671    i.MemManage_Handler  stm32f4xx_it.o
    0x0800265a   0x00000002   Code   RO          672    i.NMI_Handler       stm32f4xx_it.o
    0x0800265c   0x00000002   Code   RO          673    i.PendSV_Handler    stm32f4xx_it.o
    0x0800265e   0x00000002   PAD
    0x08002660   0x00000058   Code   RO         2288    i.SPI_EndRxTxTransaction  stm32f4xx_hal_spi.o
    0x080026b8   0x000000b8   Code   RO         2293    i.SPI_WaitFlagStateUntilTimeout  stm32f4xx_hal_spi.o
    0x08002770   0x00000002   Code   RO          674    i.SVC_Handler       stm32f4xx_it.o
    0x08002772   0x00000002   PAD
    0x08002774   0x0000000c   Code   RO           13    i.Scheduler_init    scheduler.o
    0x08002780   0x0000003c   Code   RO           14    i.Scheduler_run     scheduler.o
    0x080027bc   0x00000004   Code   RO          675    i.SysTick_Handler   stm32f4xx_it.o
    0x080027c0   0x00000094   Code   RO          420    i.SystemClock_Config  main.o
    0x08002854   0x00000010   Code   RO         3892    i.SystemInit        system_stm32f4xx.o
    0x08002864   0x000000c8   Code   RO         2656    i.TIM_Base_SetConfig  stm32f4xx_hal_tim.o
    0x0800292c   0x0000001a   Code   RO         2657    i.TIM_CCxChannelCmd  stm32f4xx_hal_tim.o
    0x08002946   0x00000014   Code   RO         2667    i.TIM_ETR_SetConfig  stm32f4xx_hal_tim.o
    0x0800295a   0x00000010   Code   RO         2668    i.TIM_ITRx_SetConfig  stm32f4xx_hal_tim.o
    0x0800296a   0x00000002   PAD
    0x0800296c   0x00000060   Code   RO         2669    i.TIM_OC1_SetConfig  stm32f4xx_hal_tim.o
    0x080029cc   0x0000006c   Code   RO         2670    i.TIM_OC2_SetConfig  stm32f4xx_hal_tim.o
    0x08002a38   0x00000068   Code   RO         2671    i.TIM_OC3_SetConfig  stm32f4xx_hal_tim.o
    0x08002aa0   0x00000050   Code   RO         2672    i.TIM_OC4_SetConfig  stm32f4xx_hal_tim.o
    0x08002af0   0x00000022   Code   RO         2674    i.TIM_TI1_ConfigInputStage  stm32f4xx_hal_tim.o
    0x08002b12   0x00000024   Code   RO         2676    i.TIM_TI2_ConfigInputStage  stm32f4xx_hal_tim.o
    0x08002b36   0x00000002   PAD
    0x08002b38   0x0000000c   Code   RO          676    i.UART4_IRQHandler  stm32f4xx_it.o
    0x08002b44   0x00000010   Code   RO         3576    i.UART_DMAAbortOnError  stm32f4xx_hal_uart.o
    0x08002b54   0x0000004e   Code   RO         3586    i.UART_EndRxTransfer  stm32f4xx_hal_uart.o
    0x08002ba2   0x000000c0   Code   RO         3588    i.UART_Receive_IT   stm32f4xx_hal_uart.o
    0x08002c62   0x00000002   PAD
    0x08002c64   0x0000010c   Code   RO         3589    i.UART_SetConfig    stm32f4xx_hal_uart.o
    0x08002d70   0x00000036   Code   RO         3591    i.UART_Start_Receive_IT  stm32f4xx_hal_uart.o
    0x08002da6   0x00000078   Code   RO         3592    i.UART_WaitOnFlagUntilTimeout  stm32f4xx_hal_uart.o
    0x08002e1e   0x00000002   PAD
    0x08002e20   0x0000000c   Code   RO          677    i.USART1_IRQHandler  stm32f4xx_it.o
    0x08002e2c   0x00000002   Code   RO          678    i.UsageFault_Handler  stm32f4xx_it.o
    0x08002e2e   0x00000030   Code   RO         4036    i.__ARM_fpclassify  m_wm.l(fpclassify.o)
    0x08002e5e   0x00000020   Code   RO         1864    i.__NVIC_SetPriority  stm32f4xx_hal_cortex.o
    0x08002e7e   0x00000002   PAD
    0x08002e80   0x00000360   Code   RO         3952    i.__hardfp_asin     m_wm.l(asin.o)
    0x080031e0   0x000002d8   Code   RO         4002    i.__hardfp_atan     m_wm.l(atan.o)
    0x080034b8   0x000001f0   Code   RO         3966    i.__hardfp_atan2    m_wm.l(atan2.o)
    0x080036a8   0x000000f8   Code   RO         4038    i.__kernel_poly     m_wm.l(poly.o)
    0x080037a0   0x00000014   Code   RO         4017    i.__mathlib_dbl_infnan  m_wm.l(dunder.o)
    0x080037b4   0x00000014   Code   RO         4018    i.__mathlib_dbl_infnan2  m_wm.l(dunder.o)
    0x080037c8   0x00000020   Code   RO         4019    i.__mathlib_dbl_invalid  m_wm.l(dunder.o)
    0x080037e8   0x00000020   Code   RO         4022    i.__mathlib_dbl_underflow  m_wm.l(dunder.o)
    0x08003808   0x00000010   Code   RO         4004    i.atan              m_wm.l(atan.o)
    0x08003818   0x00000018   Code   RO         4032    i.fabs              m_wm.l(fabs.o)
    0x08003830   0x00000150   Code   RO          309    i.get_eulerAngle    icm20602.o
    0x08003980   0x00000030   Code   RO          310    i.get_icm20602_accdata_spi  icm20602.o
    0x080039b0   0x00000030   Code   RO          311    i.get_icm20602_gyro_spi  icm20602.o
    0x080039e0   0x000000ac   Code   RO          312    i.gyroOffsetInit    icm20602.o
    0x08003a8c   0x0000006a   Code   RO          313    i.icm20602_init_spi  icm20602.o
    0x08003af6   0x00000020   Code   RO          314    i.icm20602_self_check  icm20602.o
    0x08003b16   0x00000002   PAD
    0x08003b18   0x00000090   Code   RO          315    i.icm20602_update   icm20602.o
    0x08003ba8   0x000001c0   Code   RO          316    i.icmAHRSupdate     icm20602.o
    0x08003d68   0x00000110   Code   RO          317    i.icmGetValues      icm20602.o
    0x08003e78   0x0000004c   Code   RO          318    i.icm_spi_r_reg_byte  icm20602.o
    0x08003ec4   0x0000003c   Code   RO          319    i.icm_spi_r_reg_bytes  icm20602.o
    0x08003f00   0x0000003c   Code   RO          320    i.icm_spi_w_reg_byte  icm20602.o
    0x08003f3c   0x0000006c   Code   RO          795    i.init_flightcontrol  flightcontrol.o
    0x08003fa8   0x00000024   Code   RO          173    i.led_blink         led.o
    0x08003fcc   0x00000060   Code   RO          421    i.main              main.o
    0x0800402c   0x0000006c   Code   RO          238    i.motor_init        motor.o
    0x08004098   0x00000028   Code   RO          239    i.motor_speed_update  motor.o
    0x080040c0   0x0000003c   Code   RO          321    i.myRsqrt           icm20602.o
    0x080040fc   0x00000154   Code   RO          275    i.sbus_update       sbus.o
    0x08004250   0x00000002   Code   RO          276    i.send_channels     sbus.o
    0x08004252   0x0000006e   Code   RO         4043    i.sqrt              m_wm.l(sqrt.o)
    0x080042c0   0x00000198   Code   RO          796    i.update_flightcontrol  flightcontrol.o
    0x08004458   0x00000072   Code   RO          777    i.update_pid        pid.o
    0x080044ca   0x00000002   PAD
    0x080044cc   0x00000090   Code   RO          203    i.voltage_read      voltage.o
    0x0800455c   0x00000018   Code   RO         3985    x$fpl$basic         fz_wm.l(basic.o)
    0x08004574   0x00000062   Code   RO         3936    x$fpl$d2f           fz_wm.l(d2f.o)
    0x080045d6   0x00000002   PAD
    0x080045d8   0x00000150   Code   RO         3987    x$fpl$dadd          fz_wm.l(daddsub_clz.o)
    0x08004728   0x000002b0   Code   RO         3939    x$fpl$ddiv          fz_wm.l(ddiv.o)
    0x080049d8   0x00000026   Code   RO         3942    x$fpl$dfltu         fz_wm.l(dflt_clz.o)
    0x080049fe   0x00000002   PAD
    0x08004a00   0x00000154   Code   RO         3948    x$fpl$dmul          fz_wm.l(dmul.o)
    0x08004b54   0x0000009c   Code   RO         3993    x$fpl$dnaninf       fz_wm.l(dnaninf.o)
    0x08004bf0   0x0000000c   Code   RO         3995    x$fpl$dretinf       fz_wm.l(dretinf.o)
    0x08004bfc   0x00000016   Code   RO         3988    x$fpl$drsb          fz_wm.l(daddsub_clz.o)
    0x08004c12   0x00000002   PAD
    0x08004c14   0x00000198   Code   RO         4077    x$fpl$dsqrt         fz_wm.l(dsqrt_umaal.o)
    0x08004dac   0x000001d4   Code   RO         3989    x$fpl$dsub          fz_wm.l(daddsub_clz.o)
    0x08004f80   0x00000056   Code   RO         3950    x$fpl$f2d           fz_wm.l(f2d.o)
    0x08004fd6   0x0000008c   Code   RO         3997    x$fpl$fnaninf       fz_wm.l(fnaninf.o)
    0x08005062   0x0000000a   Code   RO         4166    x$fpl$fpinit        fz_wm.l(fpinit.o)
    0x0800506c   0x0000000a   Code   RO         3999    x$fpl$fretinf       fz_wm.l(fretinf.o)
    0x08005076   0x00000000   Code   RO         4001    x$fpl$usenofp       fz_wm.l(usenofp.o)
    0x08005076   0x00000010   Data   RO         3893    .constdata          system_stm32f4xx.o
    0x08005086   0x00000008   Data   RO         3894    .constdata          system_stm32f4xx.o
    0x0800508e   0x00000002   PAD
    0x08005090   0x00000050   Data   RO         3955    .constdata          m_wm.l(asin.o)
    0x080050e0   0x00000098   Data   RO         4005    .constdata          m_wm.l(atan.o)
    0x08005178   0x00000008   Data   RO         4040    .constdata          m_wm.l(qnan.o)
    0x08005180   0x00000020   Data   RO         4222    Region$$Table       anon$$obj.o


    Execution Region RW_IRAM1 (Base: 0x20000000, Size: 0x00000a98, Max: 0x0001c000, ABSOLUTE, COMPRESSED[0x00000058])

    Base Addr    Size         Type   Attr      Idx    E Section Name        Object

    0x20000000   0x00000058   Data   RW           15    .data               scheduler.o
    0x20000058   0x0000000c   Data   RW          204    .data               voltage.o
    0x20000064   0x00000008   Data   RW          240    .data               motor.o
    0x2000006c   0x00000015   Data   RW          278    .data               sbus.o
    0x20000081   0x00000003   PAD
    0x20000084   0x00000050   Data   RW          323    .data               icm20602.o
    0x200000d4   0x0000001a   Data   RW          423    .data               main.o
    0x200000ee   0x00000002   PAD
    0x200000f0   0x0000005c   Data   RW          797    .data               flightcontrol.o
    0x2000014c   0x0000000c   Data   RW         2008    .data               stm32f4xx_hal.o
    0x20000158   0x00000004   Data   RW         3895    .data               system_stm32f4xx.o
    0x2000015c   0x0000003a   Zero   RW          277    .bss                sbus.o
    0x20000196   0x00000002   PAD
    0x20000198   0x00000030   Zero   RW          322    .bss                icm20602.o
    0x200001c8   0x00000100   Zero   RW          422    .bss                main.o
    0x200002c8   0x00000048   Zero   RW          491    .bss                adc.o
    0x20000310   0x00000058   Zero   RW          533    .bss                spi.o
    0x20000368   0x00000048   Zero   RW          576    .bss                tim.o
    0x200003b0   0x00000088   Zero   RW          624    .bss                usart.o
    0x20000438   0x00000060   Zero   RW         4080    .bss                c_w.l(libspace.o)
    0x20000498   0x00000200   Zero   RW            2    HEAP                startup_stm32f405xx.o
    0x20000698   0x00000400   Zero   RW            1    STACK               startup_stm32f405xx.o


    Execution Region RW_IRAM2 (Base: 0x2001c000, Size: 0x00000000, Max: 0x00004000, ABSOLUTE)

    **** No section assigned to this execution region ****


==============================================================================

Image component sizes


      Code (inc. data)   RO Data    RW Data    ZI Data      Debug   Object Name

       196         24          0          0         72       1665   adc.o
       516         70          0         92          0       2217   flightcontrol.o
       160         14          0          0          0        951   gpio.o
      1862        130          0         80         48       9702   icm20602.o
        36          4          0          0          0        492   led.o
      1008        110          0         26        256       4118   main.o
       148         20          0          8          0       1324   motor.o
       114          0          0          0          0        901   pid.o
       342         10          0         21         58       1766   sbus.o
        72         10          0         88          0     664380   scheduler.o
       176         22          0          0         88       1653   spi.o
        64         26        392          0       1536        836   startup_stm32f405xx.o
       180         28          0         12          0       9337   stm32f4xx_hal.o
      1200         52          0          0          0       5857   stm32f4xx_hal_adc.o
       198         14          0          0          0      33887   stm32f4xx_hal_cortex.o
       182          0          0          0          0       2075   stm32f4xx_hal_dma.o
       516         46          0          0          0       2819   stm32f4xx_hal_gpio.o
        48          6          0          0          0        838   stm32f4xx_hal_msp.o
      1344         72          0          0          0       5184   stm32f4xx_hal_rcc.o
      1300         12          0          0          0       6380   stm32f4xx_hal_spi.o
      1526        108          0          0          0      12864   stm32f4xx_hal_tim.o
       228         28          0          0          0       2136   stm32f4xx_hal_tim_ex.o
      1668         16          0          0          0      11240   stm32f4xx_hal_uart.o
        44         12          0          0          0       4997   stm32f4xx_it.o
        16          4         24          4          0       1103   system_stm32f4xx.o
       372         30          0          0         72       2420   tim.o
       372         38          0          0        136       2413   usart.o
       144         24          0         12          0        854   voltage.o

    ----------------------------------------------------------------------
     14066        930        450        348       2268     794409   Object Totals
         0          0         32          0          0          0   (incl. Generated)
        34          0          2          5          2          0   (incl. Padding)

    ----------------------------------------------------------------------

      Code (inc. data)   RO Data    RW Data    ZI Data      Debug   Library Member Name

        58          0          0          0          0          0   __dczerorl.o
         8          0          0          0          0         68   __main.o
         0          0          0          0          0          0   __rtentry.o
        12          0          0          0          0          0   __rtentry2.o
         6          0          0          0          0          0   __rtentry4.o
        52          8          0          0          0          0   __scatter.o
        28          0          0          0          0          0   __scatter_zi.o
        22          0          0          0          0        100   _rserrno.o
        18          0          0          0          0         80   exit.o
         6          0          0          0          0        152   heapauxi.o
         0          0          0          0          0          0   indicate_semi.o
         2          0          0          0          0          0   libinit.o
         6          0          0          0          0          0   libinit2.o
         2          0          0          0          0          0   libshutdown.o
         2          0          0          0          0          0   libshutdown2.o
         8          4          0          0         96         68   libspace.o
       238          0          0          0          0        100   lludivv7m.o
         8          4          0          0          0         68   rt_errno_addr_intlibspace.o
        78          0          0          0          0         80   rt_memclr_w.o
         2          0          0          0          0          0   rtexit.o
        10          0          0          0          0          0   rtexit2.o
        12          4          0          0          0         68   sys_exit.o
        74          0          0          0          0         80   sys_stackheap_outer.o
         2          0          0          0          0         68   use_no_semi.o
        24          0          0          0          0        164   basic.o
        98          4          0          0          0        140   d2f.o
       826         16          0          0          0        492   daddsub_clz.o
       688        140          0          0          0        256   ddiv.o
        38          0          0          0          0        116   dflt_clz.o
       340         12          0          0          0        152   dmul.o
       156          4          0          0          0        140   dnaninf.o
        12          0          0          0          0        116   dretinf.o
       408         56          0          0          0        168   dsqrt_umaal.o
        86          4          0          0          0        132   f2d.o
       140          4          0          0          0        132   fnaninf.o
        10          0          0          0          0        116   fpinit.o
        10          0          0          0          0        116   fretinf.o
         0          0          0          0          0          0   usenofp.o
       864         94         80          0          0        280   asin.o
       744        106        152          0          0        352   atan.o
       496         64          0          0          0        192   atan2.o
       104         16          0          0          0        496   dunder.o
        24          0          0          0          0        124   fabs.o
        48          0          0          0          0        124   fpclassify.o
       248          0          0          0          0        152   poly.o
         0          0          8          0          0          0   qnan.o
       110          0          0          0          0        148   sqrt.o

    ----------------------------------------------------------------------
      6140        540        240          0         96       5040   Library Totals
        12          0          0          0          0          0   (incl. Padding)

    ----------------------------------------------------------------------

      Code (inc. data)   RO Data    RW Data    ZI Data      Debug   Library Name

       654         20          0          0         96        932   c_w.l
      2836        240          0          0          0       2240   fz_wm.l
      2638        280        240          0          0       1868   m_wm.l

    ----------------------------------------------------------------------
      6140        540        240          0         96       5040   Library Totals

    ----------------------------------------------------------------------

==============================================================================


      Code (inc. data)   RO Data    RW Data    ZI Data      Debug   

     20206       1470        690        348       2364     786185   Grand Totals
     20206       1470        690         88       2364     786185   ELF Image Totals (compressed)
     20206       1470        690         88          0          0   ROM Totals

==============================================================================

    Total RO  Size (Code + RO Data)                20896 (  20.41kB)
    Total RW  Size (RW Data + ZI Data)              2712 (   2.65kB)
    Total ROM Size (Code + RO Data + RW Data)      20984 (  20.49kB)

==============================================================================

