Component: ARM Compiler 5.06 update 3 (build 300) Tool: armlink [4d35c9]

==============================================================================

Section Cross References

    startup_stm32f405xx.o(STACK) refers (Special) to heapauxi.o(.text) for __use_two_region_memory
    startup_stm32f405xx.o(HEAP) refers (Special) to heapauxi.o(.text) for __use_two_region_memory
    startup_stm32f405xx.o(RESET) refers (Special) to heapauxi.o(.text) for __use_two_region_memory
    startup_stm32f405xx.o(RESET) refers to startup_stm32f405xx.o(STACK) for __initial_sp
    startup_stm32f405xx.o(RESET) refers to startup_stm32f405xx.o(.text) for Reset_Handler
    startup_stm32f405xx.o(RESET) refers to stm32f4xx_it.o(i.NMI_Handler) for NMI_Handler
    startup_stm32f405xx.o(RESET) refers to stm32f4xx_it.o(i.HardFault_Handler) for HardFault_Handler
    startup_stm32f405xx.o(RESET) refers to stm32f4xx_it.o(i.MemManage_Handler) for MemManage_Handler
    startup_stm32f405xx.o(RESET) refers to stm32f4xx_it.o(i.BusFault_Handler) for BusFault_Handler
    startup_stm32f405xx.o(RESET) refers to stm32f4xx_it.o(i.UsageFault_Handler) for UsageFault_Handler
    startup_stm32f405xx.o(RESET) refers to stm32f4xx_it.o(i.SVC_Handler) for SVC_Handler
    startup_stm32f405xx.o(RESET) refers to stm32f4xx_it.o(i.DebugMon_Handler) for DebugMon_Handler
    startup_stm32f405xx.o(RESET) refers to stm32f4xx_it.o(i.PendSV_Handler) for PendSV_Handler
    startup_stm32f405xx.o(RESET) refers to stm32f4xx_it.o(i.SysTick_Handler) for SysTick_Handler
    startup_stm32f405xx.o(RESET) refers to stm32f4xx_it.o(i.DMA1_Stream2_IRQHandler) for DMA1_Stream2_IRQHandler
    startup_stm32f405xx.o(RESET) refers to stm32f4xx_it.o(i.DMA1_Stream4_IRQHandler) for DMA1_Stream4_IRQHandler
    startup_stm32f405xx.o(RESET) refers to stm32f4xx_it.o(i.USART1_IRQHandler) for USART1_IRQHandler
    startup_stm32f405xx.o(RESET) refers to stm32f4xx_it.o(i.UART4_IRQHandler) for UART4_IRQHandler
    startup_stm32f405xx.o(RESET) refers to stm32f4xx_it.o(i.DMA2_Stream2_IRQHandler) for DMA2_Stream2_IRQHandler
    startup_stm32f405xx.o(RESET) refers to stm32f4xx_it.o(i.DMA2_Stream7_IRQHandler) for DMA2_Stream7_IRQHandler
    startup_stm32f405xx.o(.text) refers (Special) to heapauxi.o(.text) for __use_two_region_memory
    startup_stm32f405xx.o(.text) refers to system_stm32f4xx.o(i.SystemInit) for SystemInit
    startup_stm32f405xx.o(.text) refers to __main.o(!!!main) for __main
    startup_stm32f405xx.o(.text) refers to startup_stm32f405xx.o(HEAP) for Heap_Mem
    startup_stm32f405xx.o(.text) refers to startup_stm32f405xx.o(STACK) for Stack_Mem
    scheduler.o(i.Scheduler_init) refers to scheduler.o(.data) for .data
    scheduler.o(i.Scheduler_run) refers to stm32f4xx_hal.o(i.HAL_GetTick) for HAL_GetTick
    scheduler.o(i.Scheduler_run) refers to scheduler.o(.data) for .data
    scheduler.o(.data) refers to icm20602.o(i.icm20602_update) for icm20602_update
    scheduler.o(.data) refers to flightcontrol.o(i.update_flightcontrol) for update_flightcontrol
    scheduler.o(.data) refers to motor.o(i.motor_speed_update) for motor_speed_update
    scheduler.o(.data) refers to sbus.o(i.sbus_update) for sbus_update
    scheduler.o(.data) refers to sbus.o(i.send_channels) for send_channels
    scheduler.o(.data) refers to led.o(i.led_blink) for led_blink
    scheduler.o(.data) refers to voltage.o(i.voltage_read) for voltage_read
    led.o(i.led_blink) refers to stm32f4xx_hal_gpio.o(i.HAL_GPIO_ReadPin) for HAL_GPIO_ReadPin
    led.o(i.led_blink) refers to stm32f4xx_hal_gpio.o(i.HAL_GPIO_WritePin) for HAL_GPIO_WritePin
    voltage.o(i.voltage_read) refers to stm32f4xx_hal_adc.o(i.HAL_ADC_Start) for HAL_ADC_Start
    voltage.o(i.voltage_read) refers to stm32f4xx_hal_adc.o(i.HAL_ADC_PollForConversion) for HAL_ADC_PollForConversion
    voltage.o(i.voltage_read) refers to stm32f4xx_hal_adc.o(i.HAL_ADC_GetValue) for HAL_ADC_GetValue
    voltage.o(i.voltage_read) refers to stm32f4xx_hal_adc.o(i.HAL_ADC_Stop) for HAL_ADC_Stop
    voltage.o(i.voltage_read) refers to f2d.o(x$fpl$f2d) for __aeabi_f2d
    voltage.o(i.voltage_read) refers to dflt_clz.o(x$fpl$dfltu) for __aeabi_ui2d
    voltage.o(i.voltage_read) refers to dmul.o(x$fpl$dmul) for __aeabi_dmul
    voltage.o(i.voltage_read) refers to d2f.o(x$fpl$d2f) for __aeabi_d2f
    voltage.o(i.voltage_read) refers to adc.o(.bss) for hadc1
    voltage.o(i.voltage_read) refers to voltage.o(.data) for .data
    motor.o(i.motor_init) refers to stm32f4xx_hal_tim.o(i.HAL_TIM_PWM_Start) for HAL_TIM_PWM_Start
    motor.o(i.motor_init) refers to stm32f4xx_hal.o(i.HAL_Delay) for HAL_Delay
    motor.o(i.motor_init) refers to tim.o(.bss) for htim8
    motor.o(i.motor_init) refers to motor.o(.data) for .data
    motor.o(i.motor_speed_update) refers to motor.o(.data) for .data
    motor.o(i.motor_speed_update) refers to tim.o(.bss) for htim8
    sbus.o(i.sbus_update) refers to sbus.o(.bss) for .bss
[...]
    TIM_ITRx_SetConfig                       0x0800312f   Thumb Code    16  stm32f4xx_hal_tim.o(i.TIM_ITRx_SetConfig)
    i.TIM_OC1_SetConfig                      0x08003140   Section        0  stm32f4xx_hal_tim.o(i.TIM_OC1_SetConfig)
    TIM_OC1_SetConfig                        0x08003141   Thumb Code    88  stm32f4xx_hal_tim.o(i.TIM_OC1_SetConfig)
    i.TIM_OC2_SetConfig                      0x080031a0   Section        0  stm32f4xx_hal_tim.o(i.TIM_OC2_SetConfig)
    i.TIM_OC3_SetConfig                      0x0800320c   Section        0  stm32f4xx_hal_tim.o(i.TIM_OC3_SetConfig)
    TIM_OC3_SetConfig                        0x0800320d   Thumb Code    96  stm32f4xx_hal_tim.o(i.TIM_OC3_SetConfig)
    i.TIM_OC4_SetConfig                      0x08003274   Section        0  stm32f4xx_hal_tim.o(i.TIM_OC4_SetConfig)
    TIM_OC4_SetConfig                        0x08003275   Thumb Code    70  stm32f4xx_hal_tim.o(i.TIM_OC4_SetConfig)
    i.TIM_TI1_ConfigInputStage               0x080032c4   Section        0  stm32f4xx_hal_tim.o(i.TIM_TI1_ConfigInputStage)
    TIM_TI1_ConfigInputStage                 0x080032c5   Thumb Code    34  stm32f4xx_hal_tim.o(i.TIM_TI1_ConfigInputStage)
    i.TIM_TI2_ConfigInputStage               0x080032e6   Section        0  stm32f4xx_hal_tim.o(i.TIM_TI2_ConfigInputStage)
    TIM_TI2_ConfigInputStage                 0x080032e7   Thumb Code    36  stm32f4xx_hal_tim.o(i.TIM_TI2_ConfigInputStage)
    i.UART4_IRQHandler                       0x0800330c   Section        0  stm32f4xx_it.o(i.UART4_IRQHandler)
    i.UART_DMAAbortOnError                   0x08003318   Section        0  stm32f4xx_hal_uart.o(i.UART_DMAAbortOnError)
    UART_DMAAbortOnError                     0x08003319   Thumb Code    16  stm32f4xx_hal_uart.o(i.UART_DMAAbortOnError)
    i.UART_DMAError                          0x08003328   Section        0  stm32f4xx_hal_uart.o(i.UART_DMAError)
    UART_DMAError                            0x08003329   Thumb Code    74  stm32f4xx_hal_uart.o(i.UART_DMAError)
    i.UART_DMAReceiveCplt                    0x08003372   Section        0  stm32f4xx_hal_uart.o(i.UART_DMAReceiveCplt)
    UART_DMAReceiveCplt                      0x08003373   Thumb Code   130  stm32f4xx_hal_uart.o(i.UART_DMAReceiveCplt)
    i.UART_DMARxHalfCplt                     0x080033f4   Section        0  stm32f4xx_hal_uart.o(i.UART_DMARxHalfCplt)
    UART_DMARxHalfCplt                       0x080033f5   Thumb Code    26  stm32f4xx_hal_uart.o(i.UART_DMARxHalfCplt)
    i.UART_DMATransmitCplt                   0x0800340e   Section        0  stm32f4xx_hal_uart.o(i.UART_DMATransmitCplt)
    UART_DMATransmitCplt                     0x0800340f   Thumb Code    66  stm32f4xx_hal_uart.o(i.UART_DMATransmitCplt)
    i.UART_DMATxHalfCplt                     0x08003450   Section        0  stm32f4xx_hal_uart.o(i.UART_DMATxHalfCplt)
    UART_DMATxHalfCplt                       0x08003451   Thumb Code    10  stm32f4xx_hal_uart.o(i.UART_DMATxHalfCplt)
    i.UART_EndRxTransfer                     0x0800345a   Section        0  stm32f4xx_hal_uart.o(i.UART_EndRxTransfer)
    UART_EndRxTransfer                       0x0800345b   Thumb Code    78  stm32f4xx_hal_uart.o(i.UART_EndRxTransfer)
    i.UART_EndTxTransfer                     0x080034a8   Section        0  stm32f4xx_hal_uart.o(i.UART_EndTxTransfer)
    UART_EndTxTransfer                       0x080034a9   Thumb Code    28  stm32f4xx_hal_uart.o(i.UART_EndTxTransfer)
    i.UART_Receive_IT                        0x080034c4   Section        0  stm32f4xx_hal_uart.o(i.UART_Receive_IT)
    UART_Receive_IT                          0x080034c5   Thumb Code   192  stm32f4xx_hal_uart.o(i.UART_Receive_IT)
    i.UART_SetConfig                         0x08003584   Section        0  stm32f4xx_hal_uart.o(i.UART_SetConfig)
    UART_SetConfig                           0x08003585   Thumb Code   258  stm32f4xx_hal_uart.o(i.UART_SetConfig)
    i.UART_Start_Receive_DMA                 0x08003690   Section        0  stm32f4xx_hal_uart.o(i.UART_Start_Receive_DMA)
    i.USART1_IRQHandler                      0x08003720   Section        0  stm32f4xx_it.o(i.USART1_IRQHandler)
    i.UsageFault_Handler                     0x0800372c   Section        0  stm32f4xx_it.o(i.UsageFault_Handler)
    i.__ARM_fpclassify                       0x0800372e   Section        0  fpclassify.o(i.__ARM_fpclassify)
    i.__NVIC_SetPriority                     0x0800375e   Section        0  stm32f4xx_hal_cortex.o(i.__NVIC_SetPriority)
    __NVIC_SetPriority                       0x0800375f   Thumb Code    32  stm32f4xx_hal_cortex.o(i.__NVIC_SetPriority)
    i.__hardfp_asin                          0x08003780   Section        0  asin.o(i.__hardfp_asin)
    i.__hardfp_atan                          0x08003ae0   Section        0  atan.o(i.__hardfp_atan)
    i.__hardfp_atan2                         0x08003db8   Section        0  atan2.o(i.__hardfp_atan2)
    i.__kernel_poly                          0x08003fa8   Section        0  poly.o(i.__kernel_poly)
    i.__mathlib_dbl_infnan                   0x080040a0   Section        0  dunder.o(i.__mathlib_dbl_infnan)
    i.__mathlib_dbl_infnan2                  0x080040b4   Section        0  dunder.o(i.__mathlib_dbl_infnan2)
    i.__mathlib_dbl_invalid                  0x080040c8   Section        0  dunder.o(i.__mathlib_dbl_invalid)
    i.__mathlib_dbl_underflow                0x080040e8   Section        0  dunder.o(i.__mathlib_dbl_underflow)
    i.atan                                   0x08004108   Section        0  atan.o(i.atan)
    i.fabs                                   0x08004118   Section        0  fabs.o(i.fabs)
    i.get_eulerAngle                         0x08004130   Section        0  icm20602.o(i.get_eulerAngle)
    i.get_icm20602_accdata_spi               0x08004280   Section        0  icm20602.o(i.get_icm20602_accdata_spi)
    i.get_icm20602_gyro_spi                  0x080042b0   Section        0  icm20602.o(i.get_icm20602_gyro_spi)
    i.gyroOffsetInit                         0x080042e0   Section        0  icm20602.o(i.gyroOffsetInit)
    i.icm20602_init_spi                      0x0800438c   Section        0  icm20602.o(i.icm20602_init_spi)
    i.icm20602_self_check                    0x080043f6   Section        0  icm20602.o(i.icm20602_self_check)
    i.icm20602_update                        0x08004418   Section        0  icm20602.o(i.icm20602_update)
    i.icmAHRSupdate                          0x080044b0   Section        0  icm20602.o(i.icmAHRSupdate)
    i.icmGetValues                           0x08004670   Section        0  icm20602.o(i.icmGetValues)
    i.icm_spi_r_reg_byte                     0x080047f0   Section        0  icm20602.o(i.icm_spi_r_reg_byte)
    i.icm_spi_r_reg_bytes                    0x0800483c   Section        0  icm20602.o(i.icm_spi_r_reg_bytes)
    i.icm_spi_w_reg_byte                     0x08004878   Section        0  icm20602.o(i.icm_spi_w_reg_byte)
    i.init_flightcontrol                     0x080048b4   Section        0  flightcontrol.o(i.init_flightcontrol)
    i.led_blink                              0x0800492c   Section        0  led.o(i.led_blink)
    i.main                                   0x08004950   Section        0  main.o(i.main)
    i.motor_init                             0x080049bc   Section        0  motor.o(i.motor_init)
    i.motor_speed_update                     0x08004a28   Section        0  motor.o(i.motor_speed_update)
    i.myRsqrt                                0x08004a50   Section        0  icm20602.o(i.myRsqrt)
    i.sbus_update                            0x08004a8c   Section        0  sbus.o(i.sbus_update)
    i.send_channels                          0x08004be0   Section        0  sbus.o(i.send_channels)
    i.sqrt                                   0x08004be2   Section        0  sqrt.o(i.sqrt)
    i.update_flightcontrol                   0x08004c50   Section        0  flightcontrol.o(i.update_flightcontrol)
    i.update_pid                             0x08004e90   Section        0  pid.o(i.update_pid)
    i.voltage_read                           0x08004f04   Section        0  voltage.o(i.voltage_read)
    x$fpl$basic                              0x08004f94   Section       24  basic.o(x$fpl$basic)
    $v0                                      0x08004f94   Number         0  basic.o(x$fpl$basic)
    x$fpl$d2f                                0x08004fac   Section       98  d2f.o(x$fpl$d2f)
    $v0                                      0x08004fac   Number         0  d2f.o(x$fpl$d2f)
    x$fpl$dadd                               0x08005010   Section      336  daddsub_clz.o(x$fpl$dadd)
    $v0                                      0x08005010   Number         0  daddsub_clz.o(x$fpl$dadd)
    _dadd1                                   0x08005021   Thumb Code     0  daddsub_clz.o(x$fpl$dadd)
    x$fpl$ddiv                               0x08005160   Section      688  ddiv.o(x$fpl$ddiv)
    $v0                                      0x08005160   Number         0  ddiv.o(x$fpl$ddiv)
    ddiv_entry                               0x08005167   Thumb Code     0  ddiv.o(x$fpl$ddiv)
    x$fpl$dfltu                              0x08005410   Section       38  dflt_clz.o(x$fpl$dfltu)
    $v0                                      0x08005410   Number         0  dflt_clz.o(x$fpl$dfltu)
    x$fpl$dmul                               0x08005438   Section      340  dmul.o(x$fpl$dmul)
    $v0                                      0x08005438   Number         0  dmul.o(x$fpl$dmul)
    x$fpl$dnaninf                            0x0800558c   Section      156  dnaninf.o(x$fpl$dnaninf)
    $v0                                      0x0800558c   Number         0  dnaninf.o(x$fpl$dnaninf)
    x$fpl$dretinf                            0x08005628   Section       12  dretinf.o(x$fpl$dretinf)
    $v0                                      0x08005628   Number         0  dretinf.o(x$fpl$dretinf)
    x$fpl$drsb                               0x08005634   Section       22  daddsub_clz.o(x$fpl$drsb)
    $v0                                      0x08005634   Number         0  daddsub_clz.o(x$fpl$drsb)
    x$fpl$dsqrt                              0x0800564c   Section      408  dsqrt_umaal.o(x$fpl$dsqrt)
    $v0                                      0x0800564c   Number         0  dsqrt_umaal.o(x$fpl$dsqrt)
    x$fpl$dsub                               0x080057e4   Section      468  daddsub_clz.o(x$fpl$dsub)
    $v0                                      0x080057e4   Number         0  daddsub_clz.o(x$fpl$dsub)
    _dsub1                                   0x080057f5   Thumb Code     0  daddsub_clz.o(x$fpl$dsub)
    x$fpl$f2d                                0x080059b8   Section       86  f2d.o(x$fpl$f2d)
    $v0                                      0x080059b8   Number         0  f2d.o(x$fpl$f2d)
    x$fpl$fnaninf                            0x08005a0e   Section      140  fnaninf.o(x$fpl$fnaninf)
    $v0                                      0x08005a0e   Number         0  fnaninf.o(x$fpl$fnaninf)
    x$fpl$fpinit                             0x08005a9a   Section       10  fpinit.o(x$fpl$fpinit)
    $v0                                      0x08005a9a   Number         0  fpinit.o(x$fpl$fpinit)
    x$fpl$fretinf                            0x08005aa4   Section       10  fretinf.o(x$fpl$fretinf)
    $v0                                      0x08005aa4   Number         0  fretinf.o(x$fpl$fretinf)
    .constdata                               0x08005aae   Section        8  stm32f4xx_hal_dma.o(.constdata)
    x$fpl$usenofp                            0x08005aae   Section        0  usenofp.o(x$fpl$usenofp)
    flagBitshiftOffset                       0x08005aae   Data           8  stm32f4xx_hal_dma.o(.constdata)
    .constdata                               0x08005ab6   Section       16  system_stm32f4xx.o(.constdata)
    .constdata                               0x08005ac6   Section        8  system_stm32f4xx.o(.constdata)
    .constdata                               0x08005ad0   Section       80  asin.o(.constdata)
    pS                                       0x08005ad0   Data          48  asin.o(.constdata)
    qS                                       0x08005b00   Data          32  asin.o(.constdata)
    .constdata                               0x08005b20   Section      152  atan.o(.constdata)
    atanhi                                   0x08005b20   Data          32  atan.o(.constdata)
    atanlo                                   0x08005b40   Data          32  atan.o(.constdata)
    aTodd                                    0x08005b60   Data          40  atan.o(.constdata)
    aTeven                                   0x08005b88   Data          48  atan.o(.constdata)
    .constdata                               0x08005bb8   Section        8  qnan.o(.constdata)
    .data                                    0x20000000   Section       88  scheduler.o(.data)
    scheduler_task                           0x20000004   Data          84  scheduler.o(.data)
    .data                                    0x20000058   Section       12  voltage.o(.data)
    .data                                    0x20000064   Section        8  motor.o(.data)
    .data                                    0x2000006c   Section       21  sbus.o(.data)
    .data                                    0x20000084   Section       92  icm20602.o(.data)
    .data                                    0x200000e0   Section      104  flightcontrol.o(.data)
    .data                                    0x20000148   Section       23  main.o(.data)
    .data                                    0x20000160   Section       12  stm32f4xx_hal.o(.data)
    .data                                    0x2000016c   Section        4  system_stm32f4xx.o(.data)
    .bss                                     0x20000170   Section       58  sbus.o(.bss)
    .bss                                     0x200001ac   Section       48  icm20602.o(.bss)
    .bss                                     0x200001dc   Section      256  main.o(.bss)
    .bss                                     0x200002dc   Section       72  adc.o(.bss)
    .bss                                     0x20000324   Section      168  i2c.o(.bss)
    .bss                                     0x200003cc   Section       88  spi.o(.bss)
    .bss                                     0x20000424   Section       72  tim.o(.bss)
    .bss                                     0x2000046c   Section      520  usart.o(.bss)
    .bss                                     0x20000674   Section       96  libspace.o(.bss)
    HEAP                                     0x200006d8   Section      512  startup_stm32f405xx.o(HEAP)
    Heap_Mem                                 0x200006d8   Data         512  startup_stm32f405xx.o(HEAP)
    STACK                                    0x200008d8   Section     1024  startup_stm32f405xx.o(STACK)
    Stack_Mem                                0x200008d8   Data        1024  startup_stm32f405xx.o(STACK)
    __initial_sp                             0x20000cd8   Data           0  startup_stm32f405xx.o(STACK)

    Global Symbols

    Symbol Name                              Value     Ov Type        Size  Object(Section)

    BuildAttributes$$THM_ISAv4$E$P$D$K$B$S$7EM$VFPi3$EXTD16$VFPS$VFMA$PE$A:L22UL41UL21$X:L11$S22US41US21$IEEE1$IW$USESV6$~STKCKD$USESV7$~SHL$OTIME$ROPI$IEEEX$EBA8$UX$STANDARDLIB$REQ8$PRES8$EABIv2 0x00000000   Number         0  anon$$obj.o ABSOLUTE
    __ARM_use_no_argv                        0x00000000   Number         0  main.o ABSOLUTE
    __ARM_exceptions_init                     - Undefined Weak Reference
    __alloca_initialize                       - Undefined Weak Reference
    __arm_preinit_                            - Undefined Weak Reference
    __cpp_initialize__aeabi_                  - Undefined Weak Reference
    __cxa_finalize                            - Undefined Weak Reference
    __rt_locale                               - Undefined Weak Reference
    __sigvec_lookup                           - Undefined Weak Reference
    _atexit_init                              - Undefined Weak Reference
    _call_atexit_fns                          - Undefined Weak Reference
    _clock_init                               - Undefined Weak Reference
    _fp_trap_init                             - Undefined Weak Reference
    _fp_trap_shutdown                         - Undefined Weak Reference
    _get_lc_collate                           - Undefined Weak Reference
    _get_lc_ctype                             - Undefined Weak Reference
    _get_lc_monetary                          - Undefined Weak Reference
    _get_lc_numeric                           - Undefined Weak Reference
    _get_lc_time                              - Undefined Weak Reference
    _getenv_init                              - Undefined Weak Reference
    _handle_redirection                       - Undefined Weak Reference
    _init_alloc                               - Undefined Weak Reference
    _init_user_alloc                          - Undefined Weak Reference
    _initio                                   - Undefined Weak Reference
    _rand_init                                - Undefined Weak Reference
    _signal_finish                            - Undefined Weak Reference
    _signal_init                              - Undefined Weak Reference
    _terminate_alloc                          - Undefined Weak Reference
    _terminate_user_alloc                     - Undefined Weak Reference
    _terminateio                              - Undefined Weak Reference
    __Vectors_Size                           0x00000188   Number         0  startup_stm32f405xx.o ABSOLUTE
    __Vectors                                0x08000000   Data           4  startup_stm32f405xx.o(RESET)
    __Vectors_End                            0x08000188   Data           0  startup_stm32f405xx.o(RESET)
    __main                                   0x08000189   Thumb Code     8  __main.o(!!!main)
    __scatterload                            0x08000191   Thumb Code     0  __scatter.o(!!!scatter)
    __scatterload_rt2                        0x08000191   Thumb Code    44  __scatter.o(!!!scatter)
    __scatterload_rt2_thumb_only             0x08000191   Thumb Code     0  __scatter.o(!!!scatter)
    __scatterload_null                       0x0800019f   Thumb Code     0  __scatter.o(!!!scatter)
    __decompress                             0x080001c5   Thumb Code    58  __dczerorl.o(!!dczerorl)
    __decompress0                            0x080001c5   Thumb Code     0  __dczerorl.o(!!dczerorl)
    __scatterload_zeroinit                   0x08000201   Thumb Code    28  __scatter_zi.o(!!handler_zi)
    __rt_lib_init                            0x0800021d   Thumb Code     0  libinit.o(.ARM.Collect$$libinit$$00000000)
    __rt_lib_init_fp_1                       0x0800021f   Thumb Code     0  libinit2.o(.ARM.Collect$$libinit$$00000001)
    __rt_lib_init_alloca_1                   0x08000223   Thumb Code     0  libinit2.o(.ARM.Collect$$libinit$$0000002E)
    __rt_lib_init_argv_1                     0x08000223   Thumb Code     0  libinit2.o(.ARM.Collect$$libinit$$0000002C)
    __rt_lib_init_atexit_1                   0x08000223   Thumb Code     0  libinit2.o(.ARM.Collect$$libinit$$0000001B)
    __rt_lib_init_clock_1                    0x08000223   Thumb Code     0  libinit2.o(.ARM.Collect$$libinit$$00000021)
    __rt_lib_init_cpp_1                      0x08000223   Thumb Code     0  libinit2.o(.ARM.Collect$$libinit$$00000032)
    __rt_lib_init_exceptions_1               0x08000223   Thumb Code     0  libinit2.o(.ARM.Collect$$libinit$$00000030)
    __rt_lib_init_fp_trap_1                  0x08000223   Thumb Code     0  libinit2.o(.ARM.Collect$$libinit$$0000001F)
    __rt_lib_init_getenv_1                   0x08000223   Thumb Code     0  libinit2.o(.ARM.Collect$$libinit$$00000023)
    __rt_lib_init_heap_1                     0x08000223   Thumb Code     0  libinit2.o(.ARM.Collect$$libinit$$0000000A)
    __rt_lib_init_lc_collate_1               0x08000223   Thumb Code     0  libinit2.o(.ARM.Collect$$libinit$$00000011)
    __rt_lib_init_lc_ctype_1                 0x08000223   Thumb Code     0  libinit2.o(.ARM.Collect$$libinit$$00000013)
    __rt_lib_init_lc_monetary_1              0x08000223   Thumb Code     0  libinit2.o(.ARM.Collect$$libinit$$00000015)
    __rt_lib_init_lc_numeric_1               0x08000223   Thumb Code     0  libinit2.o(.ARM.Collect$$libinit$$00000017)
    __rt_lib_init_lc_time_1                  0x08000223   Thumb Code     0  libinit2.o(.ARM.Collect$$libinit$$00000019)
    __rt_lib_init_preinit_1                  0x08000223   Thumb Code     0  libinit2.o(.ARM.Collect$$libinit$$00000004)
    __rt_lib_init_rand_1                     0x08000223   Thumb Code     0  libinit2.o(.ARM.Collect$$libinit$$0000000E)
    __rt_lib_init_return                     0x08000223   Thumb Code     0  libinit2.o(.ARM.Collect$$libinit$$00000033)
    __rt_lib_init_signal_1                   0x08000223   Thumb Code     0  libinit2.o(.ARM.Collect$$libinit$$0000001D)
    __rt_lib_init_stdio_1                    0x08000223   Thumb Code     0  libinit2.o(.ARM.Collect$$libinit$$00000025)
    __rt_lib_init_user_alloc_1               0x08000223   Thumb Code     0  libinit2.o(.ARM.Collect$$libinit$$0000000C)
    __rt_lib_shutdown                        0x08000225   Thumb Code     0  libshutdown.o(.ARM.Collect$$libshutdown$$00000000)
    __rt_lib_shutdown_cpp_1                  0x08000227   Thumb Code     0  libshutdown2.o(.ARM.Collect$$libshutdown$$00000002)
    __rt_lib_shutdown_fp_trap_1              0x08000227   Thumb Code     0  libshutdown2.o(.ARM.Collect$$libshutdown$$00000007)
    __rt_lib_shutdown_heap_1                 0x08000227   Thumb Code     0  libshutdown2.o(.ARM.Collect$$libshutdown$$0000000F)
    __rt_lib_shutdown_return                 0x08000227   Thumb Code     0  libshutdown2.o(.ARM.Collect$$libshutdown$$00000010)
    __rt_lib_shutdown_signal_1               0x08000227   Thumb Code     0  libshutdown2.o(.ARM.Collect$$libshutdown$$0000000A)
    __rt_lib_shutdown_stdio_1                0x08000227   Thumb Code     0  libshutdown2.o(.ARM.Collect$$libshutdown$$00000004)
    __rt_lib_shutdown_user_alloc_1           0x08000227   Thumb Code     0  libshutdown2.o(.ARM.Collect$$libshutdown$$0000000C)
    __rt_entry                               0x08000229   Thumb Code     0  __rtentry.o(.ARM.Collect$$rtentry$$00000000)
    __rt_entry_presh_1                       0x08000229   Thumb Code     0  __rtentry2.o(.ARM.Collect$$rtentry$$00000002)
    __rt_entry_sh                            0x08000229   Thumb Code     0  __rtentry4.o(.ARM.Collect$$rtentry$$00000004)
    __rt_entry_li                            0x0800022f   Thumb Code     0  __rtentry2.o(.ARM.Collect$$rtentry$$0000000A)
    __rt_entry_postsh_1                      0x0800022f   Thumb Code     0  __rtentry2.o(.ARM.Collect$$rtentry$$00000009)
    __rt_entry_main                          0x08000233   Thumb Code     0  __rtentry2.o(.ARM.Collect$$rtentry$$0000000D)
    __rt_entry_postli_1                      0x08000233   Thumb Code     0  __rtentry2.o(.ARM.Collect$$rtentry$$0000000C)
    __rt_exit                                0x0800023b   Thumb Code     0  rtexit.o(.ARM.Collect$$rtexit$$00000000)
    __rt_exit_ls                             0x0800023d   Thumb Code     0  rtexit2.o(.ARM.Collect$$rtexit$$00000003)
    __rt_exit_prels_1                        0x0800023d   Thumb Code     0  rtexit2.o(.ARM.Collect$$rtexit$$00000002)
    __rt_exit_exit                           0x08000241   Thumb Code     0  rtexit2.o(.ARM.Collect$$rtexit$$00000004)
    Reset_Handler                            0x08000249   Thumb Code     8  startup_stm32f405xx.o(.text)
    ADC_IRQHandler                           0x08000263   Thumb Code     0  startup_stm32f405xx.o(.text)
    CAN1_RX0_IRQHandler                      0x08000263   Thumb Code     0  startup_stm32f405xx.o(.text)
    CAN1_RX1_IRQHandler                      0x08000263   Thumb Code     0  startup_stm32f405xx.o(.text)
    CAN1_SCE_IRQHandler                      0x08000263   Thumb Code     0  startup_stm32f405xx.o(.text)
    CAN1_TX_IRQHandler                       0x08000263   Thumb Code     0  startup_stm32f405xx.o(.text)
    CAN2_RX0_IRQHandler                      0x08000263   Thumb Code     0  startup_stm32f405xx.o(.text)
    CAN2_RX1_IRQHandler                      0x08000263   Thumb Code     0  startup_stm32f405xx.o(.text)
    CAN2_SCE_IRQHandler                      0x08000263   Thumb Code     0  startup_stm32f405xx.o(.text)
    CAN2_TX_IRQHandler                       0x08000263   Thumb Code     0  startup_stm32f405xx.o(.text)
    DMA1_Stream0_IRQHandler                  0x08000263   Thumb Code     0  startup_stm32f405xx.o(.text)
    DMA1_Stream1_IRQHandler                  0x08000263   Thumb Code     0  startup_stm32f405xx.o(.text)
    DMA1_Stream3_IRQHandler                  0x08000263   Thumb Code     0  startup_stm32f405xx.o(.text)
    DMA1_Stream5_IRQHandler                  0x08000263   Thumb Code     0  startup_stm32f405xx.o(.text)
    DMA1_Stream6_IRQHandler                  0x08000263   Thumb Code     0  startup_stm32f405xx.o(.text)
    DMA1_Stream7_IRQHandler                  0x08000263   Thumb Code     0  startup_stm32f405xx.o(.text)
    DMA2_Stream0_IRQHandler                  0x08000263   Thumb Code     0  startup_stm32f405xx.o(.text)
    DMA2_Stream1_IRQHandler                  0x08000263   Thumb Code     0  startup_stm32f405xx.o(.text)
    DMA2_Stream3_IRQHandler                  0x08000263   Thumb Code     0  startup_stm32f405xx.o(.text)
    DMA2_Stream4_IRQHandler                  0x08000263   Thumb Code     0  startup_stm32f405xx.o(.text)
    DMA2_Stream5_IRQHandler                  0x08000263   Thumb Code     0  startup_stm32f405xx.o(.text)
    DMA2_Stream6_IRQHandler                  0x08000263   Thumb Code     0  startup_stm32f405xx.o(.text)
    EXTI0_IRQHandler                         0x08000263   Thumb Code     0  startup_stm32f405xx.o(.text)
    EXTI15_10_IRQHandler                     0x08000263   Thumb Code     0  startup_stm32f405xx.o(.text)
    EXTI1_IRQHandler                         0x08000263   Thumb Code     0  startup_stm32f405xx.o(.text)
    EXTI2_IRQHandler                         0x08000263   Thumb Code     0  startup_stm32f405xx.o(.text)
    EXTI3_IRQHandler                         0x08000263   Thumb Code     0  startup_stm32f405xx.o(.text)
    EXTI4_IRQHandler                         0x08000263   Thumb Code     0  startup_stm32f405xx.o(.text)
    EXTI9_5_IRQHandler                       0x08000263   Thumb Code     0  startup_stm32f405xx.o(.text)
    FLASH_IRQHandler                         0x08000263   Thumb Code     0  startup_stm32f405xx.o(.text)
    FMC_IRQHandler                           0x08000263   Thumb Code     0  startup_stm32f405xx.o(.text)
    FPU_IRQHandler                           0x08000263   Thumb Code     0  startup_stm32f405xx.o(.text)
    HASH_RNG_IRQHandler                      0x08000263   Thumb Code     0  startup_stm32f405xx.o(.text)
    I2C1_ER_IRQHandler                       0x08000263   Thumb Code     0  startup_stm32f405xx.o(.text)
    I2C1_EV_IRQHandler                       0x08000263   Thumb Code     0  startup_stm32f405xx.o(.text)
    I2C2_ER_IRQHandler                       0x08000263   Thumb Code     0  startup_stm32f405xx.o(.text)
    I2C2_EV_IRQHandler                       0x08000263   Thumb Code     0  startup_stm32f405xx.o(.text)
    I2C3_ER_IRQHandler                       0x08000263   Thumb Code     0  startup_stm32f405xx.o(.text)
    I2C3_EV_IRQHandler                       0x08000263   Thumb Code     0  startup_stm32f405xx.o(.text)
    OTG_FS_IRQHandler                        0x08000263   Thumb Code     0  startup_stm32f405xx.o(.text)
    OTG_FS_WKUP_IRQHandler                   0x08000263   Thumb Code     0  startup_stm32f405xx.o(.text)
    OTG_HS_EP1_IN_IRQHandler                 0x08000263   Thumb Code     0  startup_stm32f405xx.o(.text)
    OTG_HS_EP1_OUT_IRQHandler                0x08000263   Thumb Code     0  startup_stm32f405xx.o(.text)
    OTG_HS_IRQHandler                        0x08000263   Thumb Code     0  startup_stm32f405xx.o(.text)
    OTG_HS_WKUP_IRQHandler                   0x08000263   Thumb Code     0  startup_stm32f405xx.o(.text)
    PVD_IRQHandler                           0x08000263   Thumb Code     0  startup_stm32f405xx.o(.text)
    RCC_IRQHandler                           0x08000263   Thumb Code     0  startup_stm32f405xx.o(.text)
    RTC_Alarm_IRQHandler                     0x08000263   Thumb Code     0  startup_stm32f405xx.o(.text)
    RTC_WKUP_IRQHandler                      0x08000263   Thumb Code     0  startup_stm32f405xx.o(.text)
    SDIO_IRQHandler                          0x08000263   Thumb Code     0  startup_stm32f405xx.o(.text)
    SPI1_IRQHandler                          0x08000263   Thumb Code     0  startup_stm32f405xx.o(.text)
    SPI2_IRQHandler                          0x08000263   Thumb Code     0  startup_stm32f405xx.o(.text)
    SPI3_IRQHandler                          0x08000263   Thumb Code     0  startup_stm32f405xx.o(.text)
    TAMP_STAMP_IRQHandler                    0x08000263   Thumb Code     0  startup_stm32f405xx.o(.text)
    TIM1_BRK_TIM9_IRQHandler                 0x08000263   Thumb Code     0  startup_stm32f405xx.o(.text)
    TIM1_CC_IRQHandler                       0x08000263   Thumb Code     0  startup_stm32f405xx.o(.text)
    TIM1_TRG_COM_TIM11_IRQHandler            0x08000263   Thumb Code     0  startup_stm32f405xx.o(.text)
    TIM1_UP_TIM10_IRQHandler                 0x08000263   Thumb Code     0  startup_stm32f405xx.o(.text)
    TIM2_IRQHandler                          0x08000263   Thumb Code     0  startup_stm32f405xx.o(.text)
    TIM3_IRQHandler                          0x08000263   Thumb Code     0  startup_stm32f405xx.o(.text)
    TIM4_IRQHandler                          0x08000263   Thumb Code     0  startup_stm32f405xx.o(.text)
    TIM5_IRQHandler                          0x08000263   Thumb Code     0  startup_stm32f405xx.o(.text)
    TIM6_DAC_IRQHandler                      0x08000263   Thumb Code     0  startup_stm32f405xx.o(.text)
    TIM7_IRQHandler                          0x08000263   Thumb Code     0  startup_stm32f405xx.o(.text)
    TIM8_BRK_TIM12_IRQHandler                0x08000263   Thumb Code     0  startup_stm32f405xx.o(.text)
    TIM8_CC_IRQHandler                       0x08000263   Thumb Code     0  startup_stm32f405xx.o(.text)
    TIM8_TRG_COM_TIM14_IRQHandler            0x08000263   Thumb Code     0  startup_stm32f405xx.o(.text)
    TIM8_UP_TIM13_IRQHandler                 0x08000263   Thumb Code     0  startup_stm32f405xx.o(.text)
    UART5_IRQHandler                         0x08000263   Thumb Code     0  startup_stm32f405xx.o(.text)
    USART2_IRQHandler                        0x08000263   Thumb Code     0  startup_stm32f405xx.o(.text)
    USART3_IRQHandler                        0x08000263   Thumb Code     0  startup_stm32f405xx.o(.text)
    USART6_IRQHandler                        0x08000263   Thumb Code     0  startup_stm32f405xx.o(.text)
    WWDG_IRQHandler                          0x08000263   Thumb Code     0  startup_stm32f405xx.o(.text)
    __user_initial_stackheap                 0x08000265   Thumb Code     0  startup_stm32f405xx.o(.text)
    __aeabi_uldivmod                         0x08000289   Thumb Code     0  lludivv7m.o(.text)
    _ll_udiv                                 0x08000289   Thumb Code   238  lludivv7m.o(.text)
    __aeabi_memclr4                          0x08000377   Thumb Code     0  rt_memclr_w.o(.text)
    __aeabi_memclr8                          0x08000377   Thumb Code     0  rt_memclr_w.o(.text)
    __rt_memclr_w                            0x08000377   Thumb Code    78  rt_memclr_w.o(.text)
    _memset_w                                0x0800037b   Thumb Code     0  rt_memclr_w.o(.text)
    __use_two_region_memory                  0x080003c5   Thumb Code     2  heapauxi.o(.text)
    __rt_heap_escrow$2region                 0x080003c7   Thumb Code     2  heapauxi.o(.text)
    __rt_heap_expand$2region                 0x080003c9   Thumb Code     2  heapauxi.o(.text)
    __read_errno                             0x080003cb   Thumb Code    10  _rserrno.o(.text)
    __set_errno                              0x080003d5   Thumb Code    12  _rserrno.o(.text)
    __aeabi_errno_addr                       0x080003e1   Thumb Code     8  rt_errno_addr_intlibspace.o(.text)
    __errno$intlibspace                      0x080003e1   Thumb Code     0  rt_errno_addr_intlibspace.o(.text)
    __rt_errno_addr$intlibspace              0x080003e1   Thumb Code     0  rt_errno_addr_intlibspace.o(.text)
    __user_libspace                          0x080003e9   Thumb Code     8  libspace.o(.text)
    __user_perproc_libspace                  0x080003e9   Thumb Code     0  libspace.o(.text)
    __user_perthread_libspace                0x080003e9   Thumb Code     0  libspace.o(.text)
    __user_setup_stackheap                   0x080003f1   Thumb Code    74  sys_stackheap_outer.o(.text)
    exit                                     0x0800043b   Thumb Code    18  exit.o(.text)
    _sys_exit                                0x0800044d   Thumb Code     8  sys_exit.o(.text)
    __I$use$semihosting                      0x08000459   Thumb Code     0  use_no_semi.o(.text)
    __use_no_semihosting_swi                 0x08000459   Thumb Code     2  use_no_semi.o(.text)
    __semihosting_library_function           0x0800045b   Thumb Code     0  indicate_semi.o(.text)
    BusFault_Handler                         0x08000585   Thumb Code     2  stm32f4xx_it.o(i.BusFault_Handler)
    DMA1_Stream2_IRQHandler                  0x08000589   Thumb Code     6  stm32f4xx_it.o(i.DMA1_Stream2_IRQHandler)
    DMA1_Stream4_IRQHandler                  0x08000595   Thumb Code     6  stm32f4xx_it.o(i.DMA1_Stream4_IRQHandler)
    DMA2_Stream2_IRQHandler                  0x080005a1   Thumb Code     6  stm32f4xx_it.o(i.DMA2_Stream2_IRQHandler)
    DMA2_Stream7_IRQHandler                  0x080005ad   Thumb Code     6  stm32f4xx_it.o(i.DMA2_Stream7_IRQHandler)
    DebugMon_Handler                         0x0800065d   Thumb Code     2  stm32f4xx_it.o(i.DebugMon_Handler)
    Error_Handler                            0x0800065f   Thumb Code     4  main.o(i.Error_Handler)
    HAL_ADC_ConfigChannel                    0x08000665   Thumb Code   316  stm32f4xx_hal_adc.o(i.HAL_ADC_ConfigChannel)
    HAL_ADC_GetValue                         0x080007b1   Thumb Code     6  stm32f4xx_hal_adc.o(i.HAL_ADC_GetValue)
    HAL_ADC_Init                             0x080007b7   Thumb Code    84  stm32f4xx_hal_adc.o(i.HAL_ADC_Init)
    HAL_ADC_MspInit                          0x0800080d   Thumb Code    84  adc.o(i.HAL_ADC_MspInit)
    HAL_ADC_PollForConversion                0x0800086d   Thumb Code   170  stm32f4xx_hal_adc.o(i.HAL_ADC_PollForConversion)
    HAL_ADC_Start                            0x08000919   Thumb Code   228  stm32f4xx_hal_adc.o(i.HAL_ADC_Start)
    HAL_ADC_Stop                             0x08000a15   Thumb Code    60  stm32f4xx_hal_adc.o(i.HAL_ADC_Stop)
    HAL_DMA_Abort                            0x08000a51   Thumb Code   146  stm32f4xx_hal_dma.o(i.HAL_DMA_Abort)
    HAL_DMA_Abort_IT                         0x08000ae3   Thumb Code    36  stm32f4xx_hal_dma.o(i.HAL_DMA_Abort_IT)
    HAL_DMA_IRQHandler                       0x08000b09   Thumb Code   412  stm32f4xx_hal_dma.o(i.HAL_DMA_IRQHandler)
    HAL_DMA_Init                             0x08000ca9   Thumb Code   206  stm32f4xx_hal_dma.o(i.HAL_DMA_Init)
    HAL_DMA_Start_IT                         0x08000d7d   Thumb Code   110  stm32f4xx_hal_dma.o(i.HAL_DMA_Start_IT)
    HAL_Delay                                0x08000ded   Thumb Code    32  stm32f4xx_hal.o(i.HAL_Delay)
    HAL_GPIO_Init                            0x08000e11   Thumb Code   450  stm32f4xx_hal_gpio.o(i.HAL_GPIO_Init)
    HAL_GPIO_ReadPin                         0x08001001   Thumb Code    10  stm32f4xx_hal_gpio.o(i.HAL_GPIO_ReadPin)
    HAL_GPIO_WritePin                        0x0800100b   Thumb Code    10  stm32f4xx_hal_gpio.o(i.HAL_GPIO_WritePin)
    HAL_GetTick                              0x08001015   Thumb Code     6  stm32f4xx_hal.o(i.HAL_GetTick)
    HAL_I2C_Init                             0x08001021   Thumb Code   376  stm32f4xx_hal_i2c.o(i.HAL_I2C_Init)
    HAL_I2C_MspInit                          0x080011a9   Thumb Code   154  i2c.o(i.HAL_I2C_MspInit)
    HAL_IncTick                              0x08001255   Thumb Code    12  stm32f4xx_hal.o(i.HAL_IncTick)
    HAL_Init                                 0x08001265   Thumb Code    48  stm32f4xx_hal.o(i.HAL_Init)
    HAL_InitTick                             0x08001299   Thumb Code    54  stm32f4xx_hal.o(i.HAL_InitTick)
    HAL_MspInit                              0x080012d9   Thumb Code    42  stm32f4xx_hal_msp.o(i.HAL_MspInit)
    HAL_NVIC_EnableIRQ                       0x08001309   Thumb Code    26  stm32f4xx_hal_cortex.o(i.HAL_NVIC_EnableIRQ)
    HAL_NVIC_SetPriority                     0x08001325   Thumb Code    60  stm32f4xx_hal_cortex.o(i.HAL_NVIC_SetPriority)
    HAL_NVIC_SetPriorityGrouping             0x08001365   Thumb Code    26  stm32f4xx_hal_cortex.o(i.HAL_NVIC_SetPriorityGrouping)
    HAL_RCC_ClockConfig                      0x08001389   Thumb Code   288  stm32f4xx_hal_rcc.o(i.HAL_RCC_ClockConfig)
    HAL_RCC_GetPCLK1Freq                     0x080014bd   Thumb Code    20  stm32f4xx_hal_rcc.o(i.HAL_RCC_GetPCLK1Freq)
    HAL_RCC_GetPCLK2Freq                     0x080014dd   Thumb Code    20  stm32f4xx_hal_rcc.o(i.HAL_RCC_GetPCLK2Freq)
    HAL_RCC_GetSysClockFreq                  0x080014fd   Thumb Code    88  stm32f4xx_hal_rcc.o(i.HAL_RCC_GetSysClockFreq)
    HAL_RCC_OscConfig                        0x0800155d   Thumb Code   856  stm32f4xx_hal_rcc.o(i.HAL_RCC_OscConfig)
    HAL_SPI_Init                             0x080018c9   Thumb Code   188  stm32f4xx_hal_spi.o(i.HAL_SPI_Init)
    HAL_SPI_MspInit                          0x08001985   Thumb Code    92  spi.o(i.HAL_SPI_MspInit)
    HAL_SPI_Transmit                         0x080019ed   Thumb Code   358  stm32f4xx_hal_spi.o(i.HAL_SPI_Transmit)
    HAL_SPI_TransmitReceive                  0x08001b53   Thumb Code   482  stm32f4xx_hal_spi.o(i.HAL_SPI_TransmitReceive)
    HAL_SYSTICK_Config                       0x08001d35   Thumb Code    40  stm32f4xx_hal_cortex.o(i.HAL_SYSTICK_Config)
    HAL_TIMEx_ConfigBreakDeadTime            0x08001d5d   Thumb Code    84  stm32f4xx_hal_tim_ex.o(i.HAL_TIMEx_ConfigBreakDeadTime)
    HAL_TIMEx_MasterConfigSynchronization    0x08001db1   Thumb Code   116  stm32f4xx_hal_tim_ex.o(i.HAL_TIMEx_MasterConfigSynchronization)
    HAL_TIM_Base_Init                        0x08001e41   Thumb Code    90  stm32f4xx_hal_tim.o(i.HAL_TIM_Base_Init)
    HAL_TIM_Base_MspInit                     0x08001e9d   Thumb Code    30  tim.o(i.HAL_TIM_Base_MspInit)
    HAL_TIM_ConfigClockSource                0x08001ec5   Thumb Code   220  stm32f4xx_hal_tim.o(i.HAL_TIM_ConfigClockSource)
    HAL_TIM_MspPostInit                      0x08001fa1   Thumb Code    72  tim.o(i.HAL_TIM_MspPostInit)
    HAL_TIM_PWM_ConfigChannel                0x08001ff5   Thumb Code   204  stm32f4xx_hal_tim.o(i.HAL_TIM_PWM_ConfigChannel)
    HAL_TIM_PWM_Init                         0x080020c1   Thumb Code    90  stm32f4xx_hal_tim.o(i.HAL_TIM_PWM_Init)
    HAL_TIM_PWM_MspInit                      0x0800211b   Thumb Code     2  stm32f4xx_hal_tim.o(i.HAL_TIM_PWM_MspInit)
    HAL_TIM_PWM_Start                        0x0800211d   Thumb Code   172  stm32f4xx_hal_tim.o(i.HAL_TIM_PWM_Start)
    HAL_UARTEx_ReceiveToIdle_DMA             0x080021e5   Thumb Code    86  stm32f4xx_hal_uart.o(i.HAL_UARTEx_ReceiveToIdle_DMA)
    HAL_UARTEx_RxEventCallback               0x0800223d   Thumb Code   598  main.o(i.HAL_UARTEx_RxEventCallback)
    HAL_UART_DMAStop                         0x080024e9   Thumb Code   112  stm32f4xx_hal_uart.o(i.HAL_UART_DMAStop)
    HAL_UART_ErrorCallback                   0x08002559   Thumb Code     2  stm32f4xx_hal_uart.o(i.HAL_UART_ErrorCallback)
    HAL_UART_IRQHandler                      0x0800255d   Thumb Code   610  stm32f4xx_hal_uart.o(i.HAL_UART_IRQHandler)
    HAL_UART_Init                            0x080027c5   Thumb Code    98  stm32f4xx_hal_uart.o(i.HAL_UART_Init)
    HAL_UART_MspInit                         0x08002829   Thumb Code   414  usart.o(i.HAL_UART_MspInit)
    HAL_UART_RxCpltCallback                  0x080029e9   Thumb Code     2  stm32f4xx_hal_uart.o(i.HAL_UART_RxCpltCallback)
    HAL_UART_RxHalfCpltCallback              0x080029eb   Thumb Code     2  stm32f4xx_hal_uart.o(i.HAL_UART_RxHalfCpltCallback)
    HAL_UART_Transmit_DMA                    0x080029ed   Thumb Code   126  stm32f4xx_hal_uart.o(i.HAL_UART_Transmit_DMA)
    HAL_UART_TxCpltCallback                  0x08002a79   Thumb Code     2  stm32f4xx_hal_uart.o(i.HAL_UART_TxCpltCallback)
    HAL_UART_TxHalfCpltCallback              0x08002a7b   Thumb Code     2  stm32f4xx_hal_uart.o(i.HAL_UART_TxHalfCpltCallback)
    HardFault_Handler                        0x08002a7d   Thumb Code     2  stm32f4xx_it.o(i.HardFault_Handler)
    MX_ADC1_Init                             0x08002a81   Thumb Code    88  adc.o(i.MX_ADC1_Init)
    MX_DMA_Init                              0x08002ae5   Thumb Code   104  dma.o(i.MX_DMA_Init)
    MX_GPIO_Init                             0x08002b51   Thumb Code   146  gpio.o(i.MX_GPIO_Init)
    MX_I2C1_Init                             0x08002bf1   Thumb Code    50  i2c.o(i.MX_I2C1_Init)
    MX_I2C2_Init                             0x08002c31   Thumb Code    50  i2c.o(i.MX_I2C2_Init)
    MX_SPI1_Init                             0x08002c71   Thumb Code    62  spi.o(i.MX_SPI1_Init)
    MX_TIM8_Init                             0x08002cb9   Thumb Code   240  tim.o(i.MX_TIM8_Init)
    MX_UART4_Init                            0x08002db1   Thumb Code    54  usart.o(i.MX_UART4_Init)
    MX_USART1_UART_Init                      0x08002df5   Thumb Code    48  usart.o(i.MX_USART1_UART_Init)
    MemManage_Handler                        0x08002e2d   Thumb Code     2  stm32f4xx_it.o(i.MemManage_Handler)
    NMI_Handler                              0x08002e2f   Thumb Code     2  stm32f4xx_it.o(i.NMI_Handler)
    PendSV_Handler                           0x08002e31   Thumb Code     2  stm32f4xx_it.o(i.PendSV_Handler)
    SVC_Handler                              0x08002f45   Thumb Code     2  stm32f4xx_it.o(i.SVC_Handler)
    Scheduler_init                           0x08002f49   Thumb Code     8  scheduler.o(i.Scheduler_init)
    Scheduler_run                            0x08002f55   Thumb Code    54  scheduler.o(i.Scheduler_run)
    SysTick_Handler                          0x08002f91   Thumb Code     4  stm32f4xx_it.o(i.SysTick_Handler)
    SystemClock_Config                       0x08002f95   Thumb Code   138  main.o(i.SystemClock_Config)
    SystemInit                               0x08003029   Thumb Code    12  system_stm32f4xx.o(i.SystemInit)
    TIM_Base_SetConfig                       0x08003039   Thumb Code   156  stm32f4xx_hal_tim.o(i.TIM_Base_SetConfig)
    TIM_CCxChannelCmd                        0x08003101   Thumb Code    26  stm32f4xx_hal_tim.o(i.TIM_CCxChannelCmd)
    TIM_ETR_SetConfig                        0x0800311b   Thumb Code    20  stm32f4xx_hal_tim.o(i.TIM_ETR_SetConfig)
    TIM_OC2_SetConfig                        0x080031a1   Thumb Code    98  stm32f4xx_hal_tim.o(i.TIM_OC2_SetConfig)
    UART4_IRQHandler                         0x0800330d   Thumb Code     6  stm32f4xx_it.o(i.UART4_IRQHandler)
    UART_Start_Receive_DMA                   0x08003691   Thumb Code   130  stm32f4xx_hal_uart.o(i.UART_Start_Receive_DMA)
    USART1_IRQHandler                        0x08003721   Thumb Code     6  stm32f4xx_it.o(i.USART1_IRQHandler)
    UsageFault_Handler                       0x0800372d   Thumb Code     2  stm32f4xx_it.o(i.UsageFault_Handler)
    __ARM_fpclassify                         0x0800372f   Thumb Code    48  fpclassify.o(i.__ARM_fpclassify)
    __hardfp_asin                            0x08003781   Thumb Code   770  asin.o(i.__hardfp_asin)
    __hardfp_atan                            0x08003ae1   Thumb Code   622  atan.o(i.__hardfp_atan)
    __hardfp_atan2                           0x08003db9   Thumb Code   432  atan2.o(i.__hardfp_atan2)
    __kernel_poly                            0x08003fa9   Thumb Code   248  poly.o(i.__kernel_poly)
    __mathlib_dbl_infnan                     0x080040a1   Thumb Code    20  dunder.o(i.__mathlib_dbl_infnan)
    __mathlib_dbl_infnan2                    0x080040b5   Thumb Code    20  dunder.o(i.__mathlib_dbl_infnan2)
    __mathlib_dbl_invalid                    0x080040c9   Thumb Code    24  dunder.o(i.__mathlib_dbl_invalid)
    __mathlib_dbl_underflow                  0x080040e9   Thumb Code    24  dunder.o(i.__mathlib_dbl_underflow)
    atan                                     0x08004109   Thumb Code    16  atan.o(i.atan)
    fabs                                     0x08004119   Thumb Code    24  fabs.o(i.fabs)
    get_eulerAngle                           0x08004131   Thumb Code   312  icm20602.o(i.get_eulerAngle)
    get_icm20602_accdata_spi                 0x08004281   Thumb Code    44  icm20602.o(i.get_icm20602_accdata_spi)
    get_icm20602_gyro_spi                    0x080042b1   Thumb Code    44  icm20602.o(i.get_icm20602_gyro_spi)
    gyroOffsetInit                           0x080042e1   Thumb Code   156  icm20602.o(i.gyroOffsetInit)
    icm20602_init_spi                        0x0800438d   Thumb Code   106  icm20602.o(i.icm20602_init_spi)
    icm20602_self_check                      0x080043f7   Thumb Code    32  icm20602.o(i.icm20602_self_check)
    icm20602_update                          0x08004419   Thumb Code   142  icm20602.o(i.icm20602_update)
    icmAHRSupdate                            0x080044b1   Thumb Code   438  icm20602.o(i.icmAHRSupdate)
    icmGetValues                             0x08004671   Thumb Code   344  icm20602.o(i.icmGetValues)
    icm_spi_r_reg_byte                       0x080047f1   Thumb Code    68  icm20602.o(i.icm_spi_r_reg_byte)
    icm_spi_r_reg_bytes                      0x0800483d   Thumb Code    50  icm20602.o(i.icm_spi_r_reg_bytes)
    icm_spi_w_reg_byte                       0x08004879   Thumb Code    52  icm20602.o(i.icm_spi_w_reg_byte)
    init_flightcontrol                       0x080048b5   Thumb Code   100  flightcontrol.o(i.init_flightcontrol)
    led_blink                                0x0800492d   Thumb Code    32  led.o(i.led_blink)
    main                                     0x08004951   Thumb Code    94  main.o(i.main)
    motor_init                               0x080049bd   Thumb Code    98  motor.o(i.motor_init)
    motor_speed_update                       0x08004a29   Thumb Code    30  motor.o(i.motor_speed_update)
    myRsqrt                                  0x08004a51   Thumb Code    56  icm20602.o(i.myRsqrt)
    sbus_update                              0x08004a8d   Thumb Code   330  sbus.o(i.sbus_update)
    send_channels                            0x08004be1   Thumb Code     2  sbus.o(i.send_channels)
    sqrt                                     0x08004be3   Thumb Code   110  sqrt.o(i.sqrt)
    update_flightcontrol                     0x08004c51   Thumb Code   500  flightcontrol.o(i.update_flightcontrol)
    update_pid                               0x08004e91   Thumb Code   114  pid.o(i.update_pid)
    voltage_read                             0x08004f05   Thumb Code   120  voltage.o(i.voltage_read)
    __aeabi_dneg                             0x08004f95   Thumb Code     0  basic.o(x$fpl$basic)
    _dneg                                    0x08004f95   Thumb Code     6  basic.o(x$fpl$basic)
    __aeabi_fneg                             0x08004f9b   Thumb Code     0  basic.o(x$fpl$basic)
    _fneg                                    0x08004f9b   Thumb Code     6  basic.o(x$fpl$basic)
    _dabs                                    0x08004fa1   Thumb Code     6  basic.o(x$fpl$basic)
    _fabs                                    0x08004fa7   Thumb Code     6  basic.o(x$fpl$basic)
    __aeabi_d2f                              0x08004fad   Thumb Code     0  d2f.o(x$fpl$d2f)
    _d2f                                     0x08004fad   Thumb Code    98  d2f.o(x$fpl$d2f)
    __aeabi_dadd                             0x08005011   Thumb Code     0  daddsub_clz.o(x$fpl$dadd)
    _dadd                                    0x08005011   Thumb Code   332  daddsub_clz.o(x$fpl$dadd)
    __aeabi_ddiv                             0x08005161   Thumb Code     0  ddiv.o(x$fpl$ddiv)
    _ddiv                                    0x08005161   Thumb Code   552  ddiv.o(x$fpl$ddiv)
    __aeabi_ui2d                             0x08005411   Thumb Code     0  dflt_clz.o(x$fpl$dfltu)
    _dfltu                                   0x08005411   Thumb Code    38  dflt_clz.o(x$fpl$dfltu)
    __aeabi_dmul                             0x08005439   Thumb Code     0  dmul.o(x$fpl$dmul)
    _dmul                                    0x08005439   Thumb Code   332  dmul.o(x$fpl$dmul)
    __fpl_dnaninf                            0x0800558d   Thumb Code   156  dnaninf.o(x$fpl$dnaninf)
    __fpl_dretinf                            0x08005629   Thumb Code    12  dretinf.o(x$fpl$dretinf)
    __aeabi_drsub                            0x08005635   Thumb Code     0  daddsub_clz.o(x$fpl$drsb)
    _drsb                                    0x08005635   Thumb Code    22  daddsub_clz.o(x$fpl$drsb)
    _dsqrt                                   0x0800564d   Thumb Code   404  dsqrt_umaal.o(x$fpl$dsqrt)
    __aeabi_dsub                             0x080057e5   Thumb Code     0  daddsub_clz.o(x$fpl$dsub)
    _dsub                                    0x080057e5   Thumb Code   464  daddsub_clz.o(x$fpl$dsub)
    __aeabi_f2d                              0x080059b9   Thumb Code     0  f2d.o(x$fpl$f2d)
    _f2d                                     0x080059b9   Thumb Code    86  f2d.o(x$fpl$f2d)
    __fpl_fnaninf                            0x08005a0f   Thumb Code   140  fnaninf.o(x$fpl$fnaninf)
    _fp_init                                 0x08005a9b   Thumb Code    10  fpinit.o(x$fpl$fpinit)
    __fplib_config_fpu_vfp                   0x08005aa3   Thumb Code     0  fpinit.o(x$fpl$fpinit)
    __fplib_config_pureend_doubles           0x08005aa3   Thumb Code     0  fpinit.o(x$fpl$fpinit)
    __fpl_fretinf                            0x08005aa5   Thumb Code    10  fretinf.o(x$fpl$fretinf)
    __I$use$fp                               0x08005aae   Number         0  usenofp.o(x$fpl$usenofp)
    AHBPrescTable                            0x08005ab6   Data          16  system_stm32f4xx.o(.constdata)
    APBPrescTable                            0x08005ac6   Data           8  system_stm32f4xx.o(.constdata)
    __mathlib_zero                           0x08005bb8   Data           8  qnan.o(.constdata)
    Region$$Table$$Base                      0x08005bc0   Number         0  anon$$obj.o(Region$$Table)
    Region$$Table$$Limit                     0x08005be0   Number         0  anon$$obj.o(Region$$Table)
    task_num                                 0x20000000   Data           1  scheduler.o(.data)
    voltage_10                               0x20000058   Data           1  voltage.o(.data)
    adcData                                  0x2000005a   Data           2  voltage.o(.data)
    voltage_ratio                            0x2000005c   Data           4  voltage.o(.data)
    voltage                                  0x20000060   Data           4  voltage.o(.data)
    motorA_speed                             0x20000064   Data           2  motor.o(.data)
    motorB_speed                             0x20000066   Data           2  motor.o(.data)
    motorC_speed                             0x20000068   Data           2  motor.o(.data)
    motorD_speed                             0x2000006a   Data           2  motor.o(.data)
    send_channels_data                       0x2000006c   Data          21  sbus.o(.data)
    sendflag                                 0x20000084   Data           1  icm20602.o(.data)
    rollint16                                0x20000086   Data           2  icm20602.o(.data)
    pitchint16                               0x20000088   Data           2  icm20602.o(.data)
    yawint16                                 0x2000008a   Data           2  icm20602.o(.data)
    icm_gyro_x                               0x2000008c   Data           2  icm20602.o(.data)
    icm_gyro_y                               0x2000008e   Data           2  icm20602.o(.data)
    icm_gyro_z                               0x20000090   Data           2  icm20602.o(.data)
    icm_acc_x                                0x20000092   Data           2  icm20602.o(.data)
    icm_acc_y                                0x20000094   Data           2  icm20602.o(.data)
    icm_acc_z                                0x20000096   Data           2  icm20602.o(.data)
    icm_kp                                   0x20000098   Data           4  icm20602.o(.data)
    icm_ki                                   0x2000009c   Data           4  icm20602.o(.data)
    I_ex                                     0x200000a0   Data           4  icm20602.o(.data)
    I_ey                                     0x200000a4   Data           4  icm20602.o(.data)
    I_ez                                     0x200000a8   Data           4  icm20602.o(.data)
    roll                                     0x200000ac   Data           4  icm20602.o(.data)
    pitch                                    0x200000b0   Data           4  icm20602.o(.data)
    yaw                                      0x200000b4   Data           4  icm20602.o(.data)
    roll_rate                                0x200000b8   Data           4  icm20602.o(.data)
    pitch_rate                               0x200000bc   Data           4  icm20602.o(.data)
    yaw_rate                                 0x200000c0   Data           4  icm20602.o(.data)
    send_attitude                            0x200000c4   Data          11  icm20602.o(.data)
    Q_info                                   0x200000d0   Data          16  icm20602.o(.data)
    motorstop_flag                           0x200000e0   Data           1  flightcontrol.o(.data)
    pidoutthrottle                           0x200000e4   Data           4  flightcontrol.o(.data)
    pidoutroll                               0x200000e8   Data           4  flightcontrol.o(.data)
    pidoutpitch                              0x200000ec   Data           4  flightcontrol.o(.data)
    pidoutyaw                                0x200000f0   Data           4  flightcontrol.o(.data)
    integral_roll                            0x200000f4   Data           4  flightcontrol.o(.data)
    integral_pitch                           0x200000f8   Data           4  flightcontrol.o(.data)
    integral_yaw                             0x200000fc   Data           4  flightcontrol.o(.data)
    roll_P                                   0x20000100   Data           4  flightcontrol.o(.data)
    roll_I                                   0x20000104   Data           4  flightcontrol.o(.data)
    roll_D                                   0x20000108   Data           4  flightcontrol.o(.data)
    pitch_P                                  0x2000010c   Data           4  flightcontrol.o(.data)
    pitch_I                                  0x20000110   Data           4  flightcontrol.o(.data)
    pitch_D                                  0x20000114   Data           4  flightcontrol.o(.data)
    yaw_P                                    0x20000118   Data           4  flightcontrol.o(.data)
    yaw_I                                    0x2000011c   Data           4  flightcontrol.o(.data)
    yaw_D                                    0x20000120   Data           4  flightcontrol.o(.data)
    lasterr_roll_rate                        0x20000124   Data           4  flightcontrol.o(.data)
    lasterr_pitch_rate                       0x20000128   Data           4  flightcontrol.o(.data)
    lasterr_yaw_rate                         0x2000012c   Data           4  flightcontrol.o(.data)
    desire_roll_rate                         0x20000130   Data           4  flightcontrol.o(.data)
    desire_pitch_rate                        0x20000134   Data           4  flightcontrol.o(.data)
    desire_yaw_rate                          0x20000138   Data           4  flightcontrol.o(.data)
    desire_roll_angle                        0x2000013c   Data           4  flightcontrol.o(.data)
    desire_pitch_angle                       0x20000140   Data           4  flightcontrol.o(.data)
    desire_yaw_angle                         0x20000144   Data           4  flightcontrol.o(.data)
    send_pid                                 0x20000148   Data          23  main.o(.data)
    uwTickFreq                               0x20000160   Data           1  stm32f4xx_hal.o(.data)
    uwTickPrio                               0x20000164   Data           4  stm32f4xx_hal.o(.data)
    uwTick                                   0x20000168   Data           4  stm32f4xx_hal.o(.data)
    SystemCoreClock                          0x2000016c   Data           4  system_stm32f4xx.o(.data)
    sbus_original_data                       0x20000170   Data          25  sbus.o(.bss)
    sbus_ch                                  0x2000018a   Data          32  sbus.o(.bss)
    eulerAngle                               0x200001ac   Data          12  icm20602.o(.bss)
    icm_data                                 0x200001b8   Data          24  icm20602.o(.bss)
    GyroOffset                               0x200001d0   Data          12  icm20602.o(.bss)
    rx_data1                                 0x200001dc   Data         128  main.o(.bss)
    rx_data4                                 0x2000025c   Data         128  main.o(.bss)
    hadc1                                    0x200002dc   Data          72  adc.o(.bss)
    hi2c1                                    0x20000324   Data          84  i2c.o(.bss)
    hi2c2                                    0x20000378   Data          84  i2c.o(.bss)
    hspi1                                    0x200003cc   Data          88  spi.o(.bss)
    htim8                                    0x20000424   Data          72  tim.o(.bss)
    huart4                                   0x2000046c   Data          68  usart.o(.bss)
    huart1                                   0x200004b0   Data          68  usart.o(.bss)
    hdma_uart4_rx                            0x200004f4   Data          96  usart.o(.bss)
    hdma_uart4_tx                            0x20000554   Data          96  usart.o(.bss)
    hdma_usart1_rx                           0x200005b4   Data          96  usart.o(.bss)
    hdma_usart1_tx                           0x20000614   Data          96  usart.o(.bss)
    __libspace_start                         0x20000674   Data          96  libspace.o(.bss)
    __temporary_stack_top$libspace           0x200006d4   Data           0  libspace.o(.bss)



==============================================================================

Memory Map of the image

  Image Entry point : 0x08000189

  Load Region LR_IROM1 (Base: 0x08000000, Size: 0x00005d50, Max: 0x00100000, ABSOLUTE, COMPRESSED[0x00005c38])

    Execution Region ER_IROM1 (Base: 0x08000000, Size: 0x00005be0, Max: 0x00100000, ABSOLUTE)

    Base Addr    Size         Type   Attr      Idx    E Section Name        Object

    0x08000000   0x00000188   Data   RO            3    RESET               startup_stm32f405xx.o
    0x08000188   0x00000008   Code   RO         4493  * !!!main             c_w.l(__main.o)
    0x08000190   0x00000034   Code   RO         4785    !!!scatter          c_w.l(__scatter.o)
    0x080001c4   0x0000003a   Code   RO         4783    !!dczerorl          c_w.l(__dczerorl.o)
    0x080001fe   0x00000002   PAD
    0x08000200   0x0000001c   Code   RO         4787    !!handler_zi        c_w.l(__scatter_zi.o)
    0x0800021c   0x00000002   Code   RO         4654    .ARM.Collect$$libinit$$00000000  c_w.l(libinit.o)
    0x0800021e   0x00000004   Code   RO         4665    .ARM.Collect$$libinit$$00000001  c_w.l(libinit2.o)
    0x08000222   0x00000000   Code   RO         4668    .ARM.Collect$$libinit$$00000004  c_w.l(libinit2.o)
    0x08000222   0x00000000   Code   RO         4671    .ARM.Collect$$libinit$$0000000A  c_w.l(libinit2.o)
    0x08000222   0x00000000   Code   RO         4673    .ARM.Collect$$libinit$$0000000C  c_w.l(libinit2.o)
    0x08000222   0x00000000   Code   RO         4675    .ARM.Collect$$libinit$$0000000E  c_w.l(libinit2.o)
    0x08000222   0x00000000   Code   RO         4678    .ARM.Collect$$libinit$$00000011  c_w.l(libinit2.o)
    0x08000222   0x00000000   Code   RO         4680    .ARM.Collect$$libinit$$00000013  c_w.l(libinit2.o)
    0x08000222   0x00000000   Code   RO         4682    .ARM.Collect$$libinit$$00000015  c_w.l(libinit2.o)
    0x08000222   0x00000000   Code   RO         4684    .ARM.Collect$$libinit$$00000017  c_w.l(libinit2.o)
    0x08000222   0x00000000   Code   RO         4686    .ARM.Collect$$libinit$$00000019  c_w.l(libinit2.o)
    0x08000222   0x00000000   Code   RO         4688    .ARM.Collect$$libinit$$0000001B  c_w.l(libinit2.o)
    0x08000222   0x00000000   Code   RO         4690    .ARM.Collect$$libinit$$0000001D  c_w.l(libinit2.o)
    0x08000222   0x00000000   Code   RO         4692    .ARM.Collect$$libinit$$0000001F  c_w.l(libinit2.o)
    0x08000222   0x00000000   Code   RO         4694    .ARM.Collect$$libinit$$00000021  c_w.l(libinit2.o)
    0x08000222   0x00000000   Code   RO         4696    .ARM.Collect$$libinit$$00000023  c_w.l(libinit2.o)
    0x08000222   0x00000000   Code   RO         4698    .ARM.Collect$$libinit$$00000025  c_w.l(libinit2.o)
    0x08000222   0x00000000   Code   RO         4702    .ARM.Collect$$libinit$$0000002C  c_w.l(libinit2.o)
    0x08000222   0x00000000   Code   RO         4704    .ARM.Collect$$libinit$$0000002E  c_w.l(libinit2.o)
    0x08000222   0x00000000   Code   RO         4706    .ARM.Collect$$libinit$$00000030  c_w.l(libinit2.o)
    0x08000222   0x00000000   Code   RO         4708    .ARM.Collect$$libinit$$00000032  c_w.l(libinit2.o)
    0x08000222   0x00000002   Code   RO         4709    .ARM.Collect$$libinit$$00000033  c_w.l(libinit2.o)
    0x08000224   0x00000002   Code   RO         4740    .ARM.Collect$$libshutdown$$00000000  c_w.l(libshutdown.o)
    0x08000226   0x00000000   Code   RO         4766    .ARM.Collect$$libshutdown$$00000002  c_w.l(libshutdown2.o)
    0x08000226   0x00000000   Code   RO         4768    .ARM.Collect$$libshutdown$$00000004  c_w.l(libshutdown2.o)
    0x08000226   0x00000000   Code   RO         4771    .ARM.Collect$$libshutdown$$00000007  c_w.l(libshutdown2.o)
    0x08000226   0x00000000   Code   RO         4774    .ARM.Collect$$libshutdown$$0000000A  c_w.l(libshutdown2.o)
    0x08000226   0x00000000   Code   RO         4776    .ARM.Collect$$libshutdown$$0000000C  c_w.l(libshutdown2.o)
    0x08000226   0x00000000   Code   RO         4779    .ARM.Collect$$libshutdown$$0000000F  c_w.l(libshutdown2.o)
    0x08000226   0x00000002   Code   RO         4780    .ARM.Collect$$libshutdown$$00000010  c_w.l(libshutdown2.o)
    0x08000228   0x00000000   Code   RO         4537    .ARM.Collect$$rtentry$$00000000  c_w.l(__rtentry.o)
    0x08000228   0x00000000   Code   RO         4613    .ARM.Collect$$rtentry$$00000002  c_w.l(__rtentry2.o)
    0x08000228   0x00000006   Code   RO         4625    .ARM.Collect$$rtentry$$00000004  c_w.l(__rtentry4.o)
    0x0800022e   0x00000000   Code   RO         4615    .ARM.Collect$$rtentry$$00000009  c_w.l(__rtentry2.o)
    0x0800022e   0x00000004   Code   RO         4616    .ARM.Collect$$rtentry$$0000000A  c_w.l(__rtentry2.o)
    0x08000232   0x00000000   Code   RO         4618    .ARM.Collect$$rtentry$$0000000C  c_w.l(__rtentry2.o)
    0x08000232   0x00000008   Code   RO         4619    .ARM.Collect$$rtentry$$0000000D  c_w.l(__rtentry2.o)
    0x0800023a   0x00000002   Code   RO         4657    .ARM.Collect$$rtexit$$00000000  c_w.l(rtexit.o)
    0x0800023c   0x00000000   Code   RO         4713    .ARM.Collect$$rtexit$$00000002  c_w.l(rtexit2.o)
    0x0800023c   0x00000004   Code   RO         4714    .ARM.Collect$$rtexit$$00000003  c_w.l(rtexit2.o)
    0x08000240   0x00000006   Code   RO         4715    .ARM.Collect$$rtexit$$00000004  c_w.l(rtexit2.o)
    0x08000246   0x00000002   PAD
    0x08000248   0x00000040   Code   RO            4    .text               startup_stm32f405xx.o
    0x08000288   0x000000ee   Code   RO         4487    .text               c_w.l(lludivv7m.o)
    0x08000376   0x0000004e   Code   RO         4489    .text               c_w.l(rt_memclr_w.o)
    0x080003c4   0x00000006   Code   RO         4491    .text               c_w.l(heapauxi.o)
    0x080003ca   0x00000016   Code   RO         4542    .text               c_w.l(_rserrno.o)
    0x080003e0   0x00000008   Code   RO         4632    .text               c_w.l(rt_errno_addr_intlibspace.o)
    0x080003e8   0x00000008   Code   RO         4638    .text               c_w.l(libspace.o)
    0x080003f0   0x0000004a   Code   RO         4641    .text               c_w.l(sys_stackheap_outer.o)
    0x0800043a   0x00000012   Code   RO         4643    .text               c_w.l(exit.o)
    0x0800044c   0x0000000c   Code   RO         4710    .text               c_w.l(sys_exit.o)
    0x08000458   0x00000002   Code   RO         4729    .text               c_w.l(use_no_semi.o)
    0x0800045a   0x00000000   Code   RO         4731    .text               c_w.l(indicate_semi.o)
    0x0800045a   0x00000002   PAD
    0x0800045c   0x00000128   Code   RO          941    i.ADC_Init          stm32f4xx_hal_adc.o
    0x08000584   0x00000002   Code   RO          802    i.BusFault_Handler  stm32f4xx_it.o
    0x08000586   0x00000002   PAD
    0x08000588   0x0000000c   Code   RO          803    i.DMA1_Stream2_IRQHandler  stm32f4xx_it.o
    0x08000594   0x0000000c   Code   RO          804    i.DMA1_Stream4_IRQHandler  stm32f4xx_it.o
    0x080005a0   0x0000000c   Code   RO          805    i.DMA2_Stream2_IRQHandler  stm32f4xx_it.o
    0x080005ac   0x0000000c   Code   RO          806    i.DMA2_Stream7_IRQHandler  stm32f4xx_it.o
    0x080005b8   0x00000028   Code   RO         1675    i.DMA_CalcBaseAndBitshift  stm32f4xx_hal_dma.o
    0x080005e0   0x00000054   Code   RO         1676    i.DMA_CheckFifoParam  stm32f4xx_hal_dma.o
    0x08000634   0x00000028   Code   RO         1677    i.DMA_SetConfig     stm32f4xx_hal_dma.o
    0x0800065c   0x00000002   Code   RO          807    i.DebugMon_Handler  stm32f4xx_it.o
    0x0800065e   0x00000004   Code   RO          473    i.Error_Handler     main.o
    0x08000662   0x00000002   PAD
    0x08000664   0x0000014c   Code   RO          943    i.HAL_ADC_ConfigChannel  stm32f4xx_hal_adc.o
    0x080007b0   0x00000006   Code   RO          950    i.HAL_ADC_GetValue  stm32f4xx_hal_adc.o
    0x080007b6   0x00000054   Code   RO          952    i.HAL_ADC_Init      stm32f4xx_hal_adc.o
    0x0800080a   0x00000002   PAD
    0x0800080c   0x00000060   Code   RO          551    i.HAL_ADC_MspInit   adc.o
    0x0800086c   0x000000aa   Code   RO          956    i.HAL_ADC_PollForConversion  stm32f4xx_hal_adc.o
    0x08000916   0x00000002   PAD
    0x08000918   0x000000fc   Code   RO          958    i.HAL_ADC_Start     stm32f4xx_hal_adc.o
    0x08000a14   0x0000003c   Code   RO          961    i.HAL_ADC_Stop      stm32f4xx_hal_adc.o
    0x08000a50   0x00000092   Code   RO         1678    i.HAL_DMA_Abort     stm32f4xx_hal_dma.o
    0x08000ae2   0x00000024   Code   RO         1679    i.HAL_DMA_Abort_IT  stm32f4xx_hal_dma.o
    0x08000b06   0x00000002   PAD
    0x08000b08   0x000001a0   Code   RO         1683    i.HAL_DMA_IRQHandler  stm32f4xx_hal_dma.o
    0x08000ca8   0x000000d4   Code   RO         1684    i.HAL_DMA_Init      stm32f4xx_hal_dma.o
    0x08000d7c   0x0000006e   Code   RO         1688    i.HAL_DMA_Start_IT  stm32f4xx_hal_dma.o
    0x08000dea   0x00000002   PAD
    0x08000dec   0x00000024   Code   RO         2097    i.HAL_Delay         stm32f4xx_hal.o
    0x08000e10   0x000001f0   Code   RO         1571    i.HAL_GPIO_Init     stm32f4xx_hal_gpio.o
    0x08001000   0x0000000a   Code   RO         1573    i.HAL_GPIO_ReadPin  stm32f4xx_hal_gpio.o
    0x0800100a   0x0000000a   Code   RO         1575    i.HAL_GPIO_WritePin  stm32f4xx_hal_gpio.o
    0x08001014   0x0000000c   Code   RO         2103    i.HAL_GetTick       stm32f4xx_hal.o
    0x08001020   0x00000188   Code   RO         2359    i.HAL_I2C_Init      stm32f4xx_hal_i2c.o
    0x080011a8   0x000000ac   Code   RO          617    i.HAL_I2C_MspInit   i2c.o
    0x08001254   0x00000010   Code   RO         2109    i.HAL_IncTick       stm32f4xx_hal.o
    0x08001264   0x00000034   Code   RO         2110    i.HAL_Init          stm32f4xx_hal.o
    0x08001298   0x00000040   Code   RO         2111    i.HAL_InitTick      stm32f4xx_hal.o
    0x080012d8   0x00000030   Code   RO          914    i.HAL_MspInit       stm32f4xx_hal_msp.o
    0x08001308   0x0000001a   Code   RO         1960    i.HAL_NVIC_EnableIRQ  stm32f4xx_hal_cortex.o
    0x08001322   0x00000002   PAD
    0x08001324   0x00000040   Code   RO         1966    i.HAL_NVIC_SetPriority  stm32f4xx_hal_cortex.o
    0x08001364   0x00000024   Code   RO         1967    i.HAL_NVIC_SetPriorityGrouping  stm32f4xx_hal_cortex.o
    0x08001388   0x00000134   Code   RO         1217    i.HAL_RCC_ClockConfig  stm32f4xx_hal_rcc.o
    0x080014bc   0x00000020   Code   RO         1224    i.HAL_RCC_GetPCLK1Freq  stm32f4xx_hal_rcc.o
    0x080014dc   0x00000020   Code   RO         1225    i.HAL_RCC_GetPCLK2Freq  stm32f4xx_hal_rcc.o
    0x080014fc   0x00000060   Code   RO         1226    i.HAL_RCC_GetSysClockFreq  stm32f4xx_hal_rcc.o
    0x0800155c   0x0000036c   Code   RO         1229    i.HAL_RCC_OscConfig  stm32f4xx_hal_rcc.o
    0x080018c8   0x000000bc   Code   RO         2809    i.HAL_SPI_Init      stm32f4xx_hal_spi.o
    0x08001984   0x00000068   Code   RO          665    i.HAL_SPI_MspInit   spi.o
    0x080019ec   0x00000166   Code   RO         2817    i.HAL_SPI_Transmit  stm32f4xx_hal_spi.o
    0x08001b52   0x000001e2   Code   RO         2818    i.HAL_SPI_TransmitReceive  stm32f4xx_hal_spi.o
    0x08001d34   0x00000028   Code   RO         1971    i.HAL_SYSTICK_Config  stm32f4xx_hal_cortex.o
    0x08001d5c   0x00000054   Code   RO         3829    i.HAL_TIMEx_ConfigBreakDeadTime  stm32f4xx_hal_tim_ex.o
    0x08001db0   0x00000090   Code   RO         3845    i.HAL_TIMEx_MasterConfigSynchronization  stm32f4xx_hal_tim_ex.o
    0x08001e40   0x0000005a   Code   RO         3122    i.HAL_TIM_Base_Init  stm32f4xx_hal_tim.o
    0x08001e9a   0x00000002   PAD
    0x08001e9c   0x00000028   Code   RO          707    i.HAL_TIM_Base_MspInit  tim.o
    0x08001ec4   0x000000dc   Code   RO         3131    i.HAL_TIM_ConfigClockSource  stm32f4xx_hal_tim.o
    0x08001fa0   0x00000054   Code   RO          708    i.HAL_TIM_MspPostInit  tim.o
    0x08001ff4   0x000000cc   Code   RO         3194    i.HAL_TIM_PWM_ConfigChannel  stm32f4xx_hal_tim.o
    0x080020c0   0x0000005a   Code   RO         3197    i.HAL_TIM_PWM_Init  stm32f4xx_hal_tim.o
    0x0800211a   0x00000002   Code   RO         3199    i.HAL_TIM_PWM_MspInit  stm32f4xx_hal_tim.o
    0x0800211c   0x000000c8   Code   RO         3202    i.HAL_TIM_PWM_Start  stm32f4xx_hal_tim.o
    0x080021e4   0x00000056   Code   RO         4102    i.HAL_UARTEx_ReceiveToIdle_DMA  stm32f4xx_hal_uart.o
    0x0800223a   0x00000002   PAD
    0x0800223c   0x000002ac   Code   RO          474    i.HAL_UARTEx_RxEventCallback  main.o
    0x080024e8   0x00000070   Code   RO         4116    i.HAL_UART_DMAStop  stm32f4xx_hal_uart.o
    0x08002558   0x00000002   Code   RO         4118    i.HAL_UART_ErrorCallback  stm32f4xx_hal_uart.o
    0x0800255a   0x00000002   PAD
    0x0800255c   0x00000268   Code   RO         4121    i.HAL_UART_IRQHandler  stm32f4xx_hal_uart.o
    0x080027c4   0x00000062   Code   RO         4122    i.HAL_UART_Init     stm32f4xx_hal_uart.o
    0x08002826   0x00000002   PAD
    0x08002828   0x000001c0   Code   RO          755    i.HAL_UART_MspInit  usart.o
    0x080029e8   0x00000002   Code   RO         4128    i.HAL_UART_RxCpltCallback  stm32f4xx_hal_uart.o
    0x080029ea   0x00000002   Code   RO         4129    i.HAL_UART_RxHalfCpltCallback  stm32f4xx_hal_uart.o
    0x080029ec   0x0000008c   Code   RO         4131    i.HAL_UART_Transmit_DMA  stm32f4xx_hal_uart.o
    0x08002a78   0x00000002   Code   RO         4133    i.HAL_UART_TxCpltCallback  stm32f4xx_hal_uart.o
    0x08002a7a   0x00000002   Code   RO         4134    i.HAL_UART_TxHalfCpltCallback  stm32f4xx_hal_uart.o
    0x08002a7c   0x00000002   Code   RO          808    i.HardFault_Handler  stm32f4xx_it.o
    0x08002a7e   0x00000002   PAD
    0x08002a80   0x00000064   Code   RO          552    i.MX_ADC1_Init      adc.o
    0x08002ae4   0x0000006c   Code   RO          592    i.MX_DMA_Init       dma.o
    0x08002b50   0x000000a0   Code   RO          526    i.MX_GPIO_Init      gpio.o
    0x08002bf0   0x00000040   Code   RO          618    i.MX_I2C1_Init      i2c.o
    0x08002c30   0x00000040   Code   RO          619    i.MX_I2C2_Init      i2c.o
    0x08002c70   0x00000048   Code   RO          666    i.MX_SPI1_Init      spi.o
    0x08002cb8   0x000000f8   Code   RO          709    i.MX_TIM8_Init      tim.o
    0x08002db0   0x00000044   Code   RO          756    i.MX_UART4_Init     usart.o
    0x08002df4   0x00000038   Code   RO          757    i.MX_USART1_UART_Init  usart.o
    0x08002e2c   0x00000002   Code   RO          809    i.MemManage_Handler  stm32f4xx_it.o
    0x08002e2e   0x00000002   Code   RO          810    i.NMI_Handler       stm32f4xx_it.o
    0x08002e30   0x00000002   Code   RO          811    i.PendSV_Handler    stm32f4xx_it.o
    0x08002e32   0x00000002   PAD
    0x08002e34   0x00000058   Code   RO         2847    i.SPI_EndRxTxTransaction  stm32f4xx_hal_spi.o
    0x08002e8c   0x000000b8   Code   RO         2852    i.SPI_WaitFlagStateUntilTimeout  stm32f4xx_hal_spi.o
    0x08002f44   0x00000002   Code   RO          812    i.SVC_Handler       stm32f4xx_it.o
    0x08002f46   0x00000002   PAD
    0x08002f48   0x0000000c   Code   RO           13    i.Scheduler_init    scheduler.o
    0x08002f54   0x0000003c   Code   RO           14    i.Scheduler_run     scheduler.o
    0x08002f90   0x00000004   Code   RO          813    i.SysTick_Handler   stm32f4xx_it.o
    0x08002f94   0x00000094   Code   RO          475    i.SystemClock_Config  main.o
    0x08003028   0x00000010   Code   RO         4451    i.SystemInit        system_stm32f4xx.o
    0x08003038   0x000000c8   Code   RO         3215    i.TIM_Base_SetConfig  stm32f4xx_hal_tim.o
    0x08003100   0x0000001a   Code   RO         3216    i.TIM_CCxChannelCmd  stm32f4xx_hal_tim.o
    0x0800311a   0x00000014   Code   RO         3226    i.TIM_ETR_SetConfig  stm32f4xx_hal_tim.o
    0x0800312e   0x00000010   Code   RO         3227    i.TIM_ITRx_SetConfig  stm32f4xx_hal_tim.o
    0x0800313e   0x00000002   PAD
    0x08003140   0x00000060   Code   RO         3228    i.TIM_OC1_SetConfig  stm32f4xx_hal_tim.o
    0x080031a0   0x0000006c   Code   RO         3229    i.TIM_OC2_SetConfig  stm32f4xx_hal_tim.o
    0x0800320c   0x00000068   Code   RO         3230    i.TIM_OC3_SetConfig  stm32f4xx_hal_tim.o
    0x08003274   0x00000050   Code   RO         3231    i.TIM_OC4_SetConfig  stm32f4xx_hal_tim.o
    0x080032c4   0x00000022   Code   RO         3233    i.TIM_TI1_ConfigInputStage  stm32f4xx_hal_tim.o
    0x080032e6   0x00000024   Code   RO         3235    i.TIM_TI2_ConfigInputStage  stm32f4xx_hal_tim.o
    0x0800330a   0x00000002   PAD
    0x0800330c   0x0000000c   Code   RO          814    i.UART4_IRQHandler  stm32f4xx_it.o
    0x08003318   0x00000010   Code   RO         4135    i.UART_DMAAbortOnError  stm32f4xx_hal_uart.o
    0x08003328   0x0000004a   Code   RO         4136    i.UART_DMAError     stm32f4xx_hal_uart.o
    0x08003372   0x00000082   Code   RO         4137    i.UART_DMAReceiveCplt  stm32f4xx_hal_uart.o
    0x080033f4   0x0000001a   Code   RO         4139    i.UART_DMARxHalfCplt  stm32f4xx_hal_uart.o
    0x0800340e   0x00000042   Code   RO         4141    i.UART_DMATransmitCplt  stm32f4xx_hal_uart.o
    0x08003450   0x0000000a   Code   RO         4143    i.UART_DMATxHalfCplt  stm32f4xx_hal_uart.o
    0x0800345a   0x0000004e   Code   RO         4145    i.UART_EndRxTransfer  stm32f4xx_hal_uart.o
    0x080034a8   0x0000001c   Code   RO         4146    i.UART_EndTxTransfer  stm32f4xx_hal_uart.o
    0x080034c4   0x000000c0   Code   RO         4147    i.UART_Receive_IT   stm32f4xx_hal_uart.o
    0x08003584   0x0000010c   Code   RO         4148    i.UART_SetConfig    stm32f4xx_hal_uart.o
    0x08003690   0x00000090   Code   RO         4149    i.UART_Start_Receive_DMA  stm32f4xx_hal_uart.o
    0x08003720   0x0000000c   Code   RO          815    i.USART1_IRQHandler  stm32f4xx_it.o
    0x0800372c   0x00000002   Code   RO          816    i.UsageFault_Handler  stm32f4xx_it.o
    0x0800372e   0x00000030   Code   RO         4595    i.__ARM_fpclassify  m_wm.l(fpclassify.o)
    0x0800375e   0x00000020   Code   RO         1973    i.__NVIC_SetPriority  stm32f4xx_hal_cortex.o
    0x0800377e   0x00000002   PAD
    0x08003780   0x00000360   Code   RO         4511    i.__hardfp_asin     m_wm.l(asin.o)
    0x08003ae0   0x000002d8   Code   RO         4561    i.__hardfp_atan     m_wm.l(atan.o)
    0x08003db8   0x000001f0   Code   RO         4525    i.__hardfp_atan2    m_wm.l(atan2.o)
    0x08003fa8   0x000000f8   Code   RO         4597    i.__kernel_poly     m_wm.l(poly.o)
    0x080040a0   0x00000014   Code   RO         4576    i.__mathlib_dbl_infnan  m_wm.l(dunder.o)
    0x080040b4   0x00000014   Code   RO         4577    i.__mathlib_dbl_infnan2  m_wm.l(dunder.o)
    0x080040c8   0x00000020   Code   RO         4578    i.__mathlib_dbl_invalid  m_wm.l(dunder.o)
    0x080040e8   0x00000020   Code   RO         4581    i.__mathlib_dbl_underflow  m_wm.l(dunder.o)
    0x08004108   0x00000010   Code   RO         4563    i.atan              m_wm.l(atan.o)
    0x08004118   0x00000018   Code   RO         4591    i.fabs              m_wm.l(fabs.o)
    0x08004130   0x00000150   Code   RO          315    i.get_eulerAngle    icm20602.o
    0x08004280   0x00000030   Code   RO          316    i.get_icm20602_accdata_spi  icm20602.o
    0x080042b0   0x00000030   Code   RO          317    i.get_icm20602_gyro_spi  icm20602.o
    0x080042e0   0x000000ac   Code   RO          318    i.gyroOffsetInit    icm20602.o
    0x0800438c   0x0000006a   Code   RO          319    i.icm20602_init_spi  icm20602.o
    0x080043f6   0x00000020   Code   RO          320    i.icm20602_self_check  icm20602.o
    0x08004416   0x00000002   PAD
    0x08004418   0x00000098   Code   RO          321    i.icm20602_update   icm20602.o
    0x080044b0   0x000001c0   Code   RO          322    i.icmAHRSupdate     icm20602.o
    0x08004670   0x00000180   Code   RO          323    i.icmGetValues      icm20602.o
    0x080047f0   0x0000004c   Code   RO          324    i.icm_spi_r_reg_byte  icm20602.o
    0x0800483c   0x0000003c   Code   RO          325    i.icm_spi_r_reg_bytes  icm20602.o
    0x08004878   0x0000003c   Code   RO          326    i.icm_spi_w_reg_byte  icm20602.o
    0x080048b4   0x00000078   Code   RO          439    i.init_flightcontrol  flightcontrol.o
    0x0800492c   0x00000024   Code   RO          179    i.led_blink         led.o
    0x08004950   0x0000006c   Code   RO          476    i.main              main.o
    0x080049bc   0x0000006c   Code   RO          244    i.motor_init        motor.o
    0x08004a28   0x00000028   Code   RO          245    i.motor_speed_update  motor.o
    0x08004a50   0x0000003c   Code   RO          327    i.myRsqrt           icm20602.o
    0x08004a8c   0x00000154   Code   RO          281    i.sbus_update       sbus.o
    0x08004be0   0x00000002   Code   RO          282    i.send_channels     sbus.o
    0x08004be2   0x0000006e   Code   RO         4602    i.sqrt              m_wm.l(sqrt.o)
    0x08004c50   0x00000240   Code   RO          440    i.update_flightcontrol  flightcontrol.o
    0x08004e90   0x00000072   Code   RO          421    i.update_pid        pid.o
    0x08004f02   0x00000002   PAD
    0x08004f04   0x00000090   Code   RO          209    i.voltage_read      voltage.o
    0x08004f94   0x00000018   Code   RO         4544    x$fpl$basic         fz_wm.l(basic.o)
    0x08004fac   0x00000062   Code   RO         4495    x$fpl$d2f           fz_wm.l(d2f.o)
    0x0800500e   0x00000002   PAD
    0x08005010   0x00000150   Code   RO         4546    x$fpl$dadd          fz_wm.l(daddsub_clz.o)
    0x08005160   0x000002b0   Code   RO         4498    x$fpl$ddiv          fz_wm.l(ddiv.o)
    0x08005410   0x00000026   Code   RO         4501    x$fpl$dfltu         fz_wm.l(dflt_clz.o)
    0x08005436   0x00000002   PAD
    0x08005438   0x00000154   Code   RO         4507    x$fpl$dmul          fz_wm.l(dmul.o)
    0x0800558c   0x0000009c   Code   RO         4552    x$fpl$dnaninf       fz_wm.l(dnaninf.o)
    0x08005628   0x0000000c   Code   RO         4554    x$fpl$dretinf       fz_wm.l(dretinf.o)
    0x08005634   0x00000016   Code   RO         4547    x$fpl$drsb          fz_wm.l(daddsub_clz.o)
    0x0800564a   0x00000002   PAD
    0x0800564c   0x00000198   Code   RO         4636    x$fpl$dsqrt         fz_wm.l(dsqrt_umaal.o)
    0x080057e4   0x000001d4   Code   RO         4548    x$fpl$dsub          fz_wm.l(daddsub_clz.o)
    0x080059b8   0x00000056   Code   RO         4509    x$fpl$f2d           fz_wm.l(f2d.o)
    0x08005a0e   0x0000008c   Code   RO         4556    x$fpl$fnaninf       fz_wm.l(fnaninf.o)
    0x08005a9a   0x0000000a   Code   RO         4725    x$fpl$fpinit        fz_wm.l(fpinit.o)
    0x08005aa4   0x0000000a   Code   RO         4558    x$fpl$fretinf       fz_wm.l(fretinf.o)
    0x08005aae   0x00000000   Code   RO         4560    x$fpl$usenofp       fz_wm.l(usenofp.o)
    0x08005aae   0x00000008   Data   RO         1690    .constdata          stm32f4xx_hal_dma.o
    0x08005ab6   0x00000010   Data   RO         4452    .constdata          system_stm32f4xx.o
    0x08005ac6   0x00000008   Data   RO         4453    .constdata          system_stm32f4xx.o
    0x08005ace   0x00000002   PAD
    0x08005ad0   0x00000050   Data   RO         4514    .constdata          m_wm.l(asin.o)
    0x08005b20   0x00000098   Data   RO         4564    .constdata          m_wm.l(atan.o)
    0x08005bb8   0x00000008   Data   RO         4599    .constdata          m_wm.l(qnan.o)
    0x08005bc0   0x00000020   Data   RO         4781    Region$$Table       anon$$obj.o


    Execution Region RW_IRAM1 (Base: 0x20000000, Size: 0x00000cd8, Max: 0x0001c000, ABSOLUTE, COMPRESSED[0x00000058])

    Base Addr    Size         Type   Attr      Idx    E Section Name        Object

    0x20000000   0x00000058   Data   RW           15    .data               scheduler.o
    0x20000058   0x0000000c   Data   RW          210    .data               voltage.o
    0x20000064   0x00000008   Data   RW          246    .data               motor.o
    0x2000006c   0x00000015   Data   RW          284    .data               sbus.o
    0x20000081   0x00000003   PAD
    0x20000084   0x0000005c   Data   RW          329    .data               icm20602.o
    0x200000e0   0x00000068   Data   RW          441    .data               flightcontrol.o
    0x20000148   0x00000017   Data   RW          478    .data               main.o
    0x2000015f   0x00000001   PAD
    0x20000160   0x0000000c   Data   RW         2117    .data               stm32f4xx_hal.o
    0x2000016c   0x00000004   Data   RW         4454    .data               system_stm32f4xx.o
    0x20000170   0x0000003a   Zero   RW          283    .bss                sbus.o
    0x200001aa   0x00000002   PAD
    0x200001ac   0x00000030   Zero   RW          328    .bss                icm20602.o
    0x200001dc   0x00000100   Zero   RW          477    .bss                main.o
    0x200002dc   0x00000048   Zero   RW          553    .bss                adc.o
    0x20000324   0x000000a8   Zero   RW          620    .bss                i2c.o
    0x200003cc   0x00000058   Zero   RW          667    .bss                spi.o
    0x20000424   0x00000048   Zero   RW          710    .bss                tim.o
    0x2000046c   0x00000208   Zero   RW          758    .bss                usart.o
    0x20000674   0x00000060   Zero   RW         4639    .bss                c_w.l(libspace.o)
    0x200006d4   0x00000004   PAD
    0x200006d8   0x00000200   Zero   RW            2    HEAP                startup_stm32f405xx.o
    0x200008d8   0x00000400   Zero   RW            1    STACK               startup_stm32f405xx.o


    Execution Region RW_IRAM2 (Base: 0x2001c000, Size: 0x00000000, Max: 0x00004000, ABSOLUTE)

    **** No section assigned to this execution region ****


==============================================================================

Image component sizes


      Code (inc. data)   RO Data    RW Data    ZI Data      Debug   Object Name

       196         24          0          0         72       1665   adc.o
       108          4          0          0          0        818   dma.o
       696         96          0        104          0       2545   flightcontrol.o
       160         14          0          0          0        951   gpio.o
       300         46          0          0        168       2322   i2c.o
      1982        138          0         92         48       9844   icm20602.o
        36          4          0          0          0        492   led.o
       944        110          0         23        256       4055   main.o
       148         20          0          8          0       1324   motor.o
       114          0          0          0          0        901   pid.o
       342         10          0         21         58       1766   sbus.o
        72         10          0         88          0     672340   scheduler.o
       176         22          0          0         88       1653   spi.o
        64         26        392          0       1536        836   startup_stm32f405xx.o
       180         28          0         12          0       9337   stm32f4xx_hal.o
      1200         52          0          0          0       5857   stm32f4xx_hal_adc.o
       198         14          0          0          0      33887   stm32f4xx_hal_cortex.o
      1084         16          8          0          0       7266   stm32f4xx_hal_dma.o
       516         46          0          0          0       2819   stm32f4xx_hal_gpio.o
       392         16          0          0          0       3099   stm32f4xx_hal_i2c.o
        48          6          0          0          0        838   stm32f4xx_hal_msp.o
      1344         72          0          0          0       5184   stm32f4xx_hal_rcc.o
      1300         12          0          0          0       6380   stm32f4xx_hal_spi.o
      1526        108          0          0          0      12864   stm32f4xx_hal_tim.o
       228         28          0          0          0       2136   stm32f4xx_hal_tim_ex.o
      2094         44          0          0          0      15986   stm32f4xx_hal_uart.o
        92         36          0          0          0       6877   stm32f4xx_it.o
        16          4         24          4          0       1103   system_stm32f4xx.o
       372         30          0          0         72       2420   tim.o
       572         56          0          0        520       2775   usart.o
       144         24          0         12          0        854   voltage.o

    ----------------------------------------------------------------------
     16682       1116        458        368       2820     821194   Object Totals
         0          0         32          0          0          0   (incl. Generated)
        38          0          2          4          2          0   (incl. Padding)

    ----------------------------------------------------------------------

      Code (inc. data)   RO Data    RW Data    ZI Data      Debug   Library Member Name

        58          0          0          0          0          0   __dczerorl.o
         8          0          0          0          0         68   __main.o
         0          0          0          0          0          0   __rtentry.o
        12          0          0          0          0          0   __rtentry2.o
         6          0          0          0          0          0   __rtentry4.o
        52          8          0          0          0          0   __scatter.o
        28          0          0          0          0          0   __scatter_zi.o
        22          0          0          0          0        100   _rserrno.o
        18          0          0          0          0         80   exit.o
         6          0          0          0          0        152   heapauxi.o
         0          0          0          0          0          0   indicate_semi.o
         2          0          0          0          0          0   libinit.o
         6          0          0          0          0          0   libinit2.o
         2          0          0          0          0          0   libshutdown.o
         2          0          0          0          0          0   libshutdown2.o
         8          4          0          0         96         68   libspace.o
       238          0          0          0          0        100   lludivv7m.o
         8          4          0          0          0         68   rt_errno_addr_intlibspace.o
        78          0          0          0          0         80   rt_memclr_w.o
         2          0          0          0          0          0   rtexit.o
        10          0          0          0          0          0   rtexit2.o
        12          4          0          0          0         68   sys_exit.o
        74          0          0          0          0         80   sys_stackheap_outer.o
         2          0          0          0          0         68   use_no_semi.o
        24          0          0          0          0        164   basic.o
        98          4          0          0          0        140   d2f.o
       826         16          0          0          0        492   daddsub_clz.o
       688        140          0          0          0        256   ddiv.o
        38          0          0          0          0        116   dflt_clz.o
       340         12          0          0          0        152   dmul.o
       156          4          0          0          0        140   dnaninf.o
        12          0          0          0          0        116   dretinf.o
       408         56          0          0          0        168   dsqrt_umaal.o
        86          4          0          0          0        132   f2d.o
       140          4          0          0          0        132   fnaninf.o
        10          0          0          0          0        116   fpinit.o
        10          0          0          0          0        116   fretinf.o
         0          0          0          0          0          0   usenofp.o
       864         94         80          0          0        280   asin.o
       744        106        152          0          0        352   atan.o
       496         64          0          0          0        192   atan2.o
       104         16          0          0          0        496   dunder.o
        24          0          0          0          0        124   fabs.o
        48          0          0          0          0        124   fpclassify.o
       248          0          0          0          0        152   poly.o
         0          0          8          0          0          0   qnan.o
       110          0          0          0          0        148   sqrt.o

    ----------------------------------------------------------------------
      6140        540        240          0        100       5040   Library Totals
        12          0          0          0          4          0   (incl. Padding)

    ----------------------------------------------------------------------

      Code (inc. data)   RO Data    RW Data    ZI Data      Debug   Library Name

       654         20          0          0         96        932   c_w.l
      2836        240          0          0          0       2240   fz_wm.l
      2638        280        240          0          0       1868   m_wm.l

    ----------------------------------------------------------------------
      6140        540        240          0        100       5040   Library Totals

    ----------------------------------------------------------------------

==============================================================================


      Code (inc. data)   RO Data    RW Data    ZI Data      Debug   

     22822       1656        698        368       2920     810670   Grand Totals
     22822       1656        698         88       2920     810670   ELF Image Totals (compressed)
     22822       1656        698         88          0          0   ROM Totals

==============================================================================

    Total RO  Size (Code + RO Data)                23520 (  22.97kB)
    Total RW  Size (RW Data + ZI Data)              3288 (   3.21kB)
    Total ROM Size (Code + RO Data + RW Data)      23608 (  23.05kB)

==============================================================================

